аби-як adv:&pron:ind
аби-який /adj :&pron:ind
абож adv
або-ж conj:coord
абревіятура /n10.p1
аванґард /n20.p
аванґардний /adj.adv \   # xv3
 +cs=аванґардніший
аванґардовий /adj.adv
авдіометр /n20.a.p.ke
авіокомпанія /n10.p1
авіолінія /n10.p1
авіоносець /n22.a.p
авіяапошта /n10
авіябаза /n10.p1
авіябензин /n20
авіябензина /n10
авіябудування /n2n
авіядвигун /n20.a.p
авіязнімання /n2n.p1
авіякомпанія /n10.p1
авіяконструктор /n20.a.p.ke.<
авіякосмічний /adj
авіякутомір /n20.a.p.ke
авіялінія /n10.p1
авіямоделізм /n20
авіямодель /n32.p
авіянавігація /n10
авіяносець /n22.a.p
авіяносний /adj
авіяпошта /n10
авіяпромисловість /n30
авіясигнальний /adj
авіясполучення /n2n
авіятехніка /n10
авіятор /n20.a.p.ke.<
авіятранспорт /n20
авіятраса /n10.p1
авіяційний /adj
авіяція /n10.p1
авкціон /n20.p
авто /n2n.p1
аґенс /n20.p
аґенція /n10.p1
аґресивний /adj
аґресія /n10.p1
адіябата /n10.p1
адіябатичний /adj
адіябатний /adj
аероплян /n20.a.p
азіят /n20.a.p.<
азіятка /n10.p2.<
азіятський /adj
азіятчина /n10
аквареля /n10.p2
акваріюм /n20.a.p
акомпаніямент /n20.p
акомпаньямент /n20
акомпаньятор /n20.a.p.<
аксіяльний /adj
аксіяльнотолоковий /adj
але-ж conj:coord
аліянт /n20.a.p.<
альбанський /adj
альґоритм /n20.p
алькоголізм /n20
алькоголік /n20.a.p.<
алькоголь /n20
алькогольний /adj
альфабет /n20.p
альхемік /n20.a.p.<
альхемічний /adj
альхемія /n10
амбулянс /n20
амбуляторія /n10.p1
амнестія /n10
амнестований /adj :&adjp:pasv:imperf:perf
амнестувати /v1.cf.advp.is0 :imperf:perf
амоніяк /n20
амоняк /n20
амоняковий /adj
амоняконасичування /n2n
амонякоутворення /n2n
амонячний /adj
амплюа noun:n:nv
анґлійський /adj
андеґраунд /n20
андеґраундний /adj
аневплоїд /n20.a.p.<
антисовєтизм /n20
антисовєтський /adj
антисовєтчик /n20.a.p.<
антисовєтчина /n10
антисовєцький /adj
антропоґенеза /n10.p1
антропосоціоґенеза /n10.p1
арґумент /n20.p
арґументація /n10
арістотелізм /n20.p
аріяни /np1.<
ароґантність /n30
артгаусний /adj
артезіянський /adj
артилєрія /n10
архиєрейство /n2n
архикатедральний /adj
асоціятивний /adj
асоціятивність /n30
асоціяція /n10.p1
багатоваріянтний /adj
багацтво /n2n
бактеріяльний /adj
балька /n10.p2
балькон /n20.a.p
бальон /n20.a.p
балювання /n2n
балювати /v1.cf.advp :imperf
балюватися /vr1.cf.advp :imperf
баляда /n10.p1
балянс /n20.p
баляст /n20.p
бароко /n2n
батерія /n10.p1
бациля /n10
безклясовий /adj
бекґраунд /n20
бензина /n10
бенькет /n20.p
бета-радіяція /n10
бєларус /n20.a.p.<
бігевіоризм /n20
бігевіорист /n20.a.p.<
бігевіористський /adj
біматеріял /n20
блоґер /n20.a.p.ke.<
бльокада /n10.p1
бльокнот /n20.a.p
блюза /n10.p1
блюзка /n10.p2
большевизм /n20
большевик /n20.a.p.<
большевицький /adj
бравнінг /n20.a.p
бриндзя /n10
бронхіяльний /adj
брунет /n20.a.p.<
брунетка /n10.p2.<
буджет /n20.p
буджетовий /adj
бутік /n20.a.p
бухгальтер /n20.a.p.ke.<
бухгальтерія /n10.p1
б'юджет /n20
бюро /n2n.p1
б'юро /n2n
б'ютівець /n22.a.p.<
вагабізм /n20
вагабіт /n20.a.p.<
вагабітський /adj
ваканція /n10
варіянт /n20.a.u.p
варіянтний /adj
варіянтність /n30
варіятор /n20.a.p.ke
варіяційний /adj
варіяція /n10.p1
вахтмістр /n20.a.p.ke.<
видусити /v1.it1 :perf
відеотабло /n2n
відріжняти /v2.cf.advp :imperf
відріжнятися /vr2.cf.advp :imperf
віольончеля /n10
все-ж adv
гавбиця /n10.p1
гавбичний /adj
гавптман /n20.a.p.<
гавптштурмфюрер /n20.a.p.ke.<
газдувати /v1.cf.advp :imperf
гакер /n20.a.p.ke.<
гакерство /n2n
гакерський /adj
галаган /n20.a.p.<>
галерія /n10.p1
гамма-радіяція /n10
гаракірі noun:n:nv
гард-рок /n20
геві-метал /n20
гелгіт /n21
гелготати /v1.cf.advp :imperf
гелготіти /v1.cf.advp :imperf
геніяльний /adj
гестапо /n2n
гет-трик /n20.p
гієрогліф /n20.a.p
гіпотечний /adj
гіпстер /n20.a.p.ke.<
гіпстерський /adj
гістерика /n10.p1
гістеричний /adj
гістерично adv
гістерія /n10.p1
гіт-парад /n20.p
гішпанець /n22.p.a.<
гішпанський /adj
гіяцинт /n20.p :xp2                     # мінерал
гіяцинт /n20.a.p :xp1                   # рослина
гобі noun:n:nv
гокей /n20.p
голістичний /adj
голістичність /n30
голляндець /n22.a.p.<
Голляндія /n10
голляндський /adj
голяндський /adj
грунтовка /n10.p2
гураган /n20.p
гураґан /n20.p
ґаллієць /n22.p.a.<
ґалянтерія /n10.p1
ґанґстер /n20.a.p.ke.<
ґанґстерка /n10.p2.<
ґарантія /n10.p1
ґарантований /adj :&adjp:pasv:imperf
ґарантування /n2n
ґарантувати /v1.cf.advp.is0 :imperf
ґарантуватися /vr1.cf.advp :imperf
ґвинт /n20.a.p
ґвинтик /n20.a.p
ґвинтовий /adj
ґвинтокрил /n20.a.p
ґвинтоплан /n20.a.p
ґендерний /adj
ґендерологиня /n10.p1.<
ґенеза /n10
ґенерал /n20.a.p.<
ґенеральний /adj
ґенерація /n10.p1
ґеніальний /adj
ґеноцид /n20.p
ґестапо /n2n
ґето noun:n:nv:np
ґетто noun:n:nv
ґештапівець /n22.a.p.<
ґештапо noun:n:nv:np
ґлузд /n20
ґльобалізація /n10.p1
ґльобалізований /adj :&&adjp:pasv:perf
ґльобальний /adj
ґлянцевий /adj
ґотика /n10
ґотичний /adj
ґранд /n20.a.p.<
ґрандіозний /adj
ґран-прі noun:n:nv
ґрант /n20.p
ґрантовий /adj
ґрафіті noun:p:nv:ns
ґрід-кластер /n20.a.p.ke
ґрід-платформа /n10.p1
ґубернатор /n20.a.p.ke.<
ґубернаторство /n2n
ґума /n10
ґумаки /np2
ґумка /n10.p2
ґумовий /adj
девіяція /n10
дежав'ю noun:n:nv
декляматор /n20.a.p.ke.<
деклямація /n10.p1
деклямований /adj :&adjp:pasv:imperf
деклямування /n2n.p1
деклямувати /v1.cf.advp :imperf
декляративний /adj
деклярація /n10.p1
деклярований /adj :&adjp:pasv:imperf:perf
деклярування /n2n
деклярувати /v1.cf.advp.is0 :imperf:perf
деклясований /adj :&adjp:pasv:imperf:perf
деклясувати /v1.cf.advp.is0 :imperf:perf
деклясуватися /vr1.cf.advp :imperf:perf
делєґат /n20.a.p.<
делєґація /n10.p1
денебудь adv
депо /n2n
десовєтизація /n10
десовєтизувати /v1.cf.advp.is0 :imperf:perf
десовєтізація /n10
джигад /n20.p
дзигарок /n22.a.p
дипльоматичний /adj
дипльоматія /n10
диференціял /n20.a.p
диференціяльний /adj
диференціяція /n10
діябет /n20
діягноз /n20.p
діягнозування /n2n
діягностичний /adj
діягностований /adj :&adjp:pasv:imperf:perf
діягностувальний /adj
діягностування /n2n
діягностувати /v1.cf.advp :imperf:perf
діягональ /n32
діягональний /adj
діягоналя /n10.p1
діяграма /n10.p1
діялект /n20.p
діялектика /n10
діялектологія /n10
діямант /n20.a.p
діямантовий /adj
діяметер /n22.a.p
діяметральний /adj
діяпазон /n20.p
діяспора /n10.p1
діяспорний /adj
діяфрагмовий /adj
діяфраґма /n10.p1
добровілець /n22.a.p.<
доляр /n20.a.p.ke
доляровий /adj
доміно /n2n
дусити /v1.cf.advp :imperf
дуситися /vr1.cf.advp :imperf
евразійський /adj
евроатлантичний /adj
евроінтеграційний /adj
евроінтеґрація /n10
европеїзація /n10
европеїзм /n20
европейськість /n30
европій /n20
еґалітарний /adj \
 +cs=еґалітарніший
екваторіяльний /adj
екзеґетика /n10
експльоатація /n10
елеґантний /adj
елеґантність /n30
електротабло /n2n
елястичний /adj.adv
елястичність /n30
еміґрант /n20.a.p.<
еміґрантський /adj
еміґрація /n10.p1
еміґрувати /v1 :perf
ентузіязм /n20
ентузіястичний /adj.adv \
 +cs=ентузіястичніший
епархія /n10.p1
еспанський /adj
етальон /n20.p
етальонний /adj
євро /n2n.p1
євроінтеґраційний /adj
євроінтеґрація /n10
єрогліф /n20.a.p
єромонах /n20.a.p.ke.<
жарґон /n20
желятина /n10
желятиновий /adj
заанґажований /adj :&adjp:pasv:perf
заанґажованість /n30
заанґажувати /v1.is0 :perf
забудівник /n20.a.p.<
загальноевропейський /adj
задеклярувати /v1.is0 :perf
задусити /v1.is0.it1 :perf
заиржавілий /adj
заля /n10
заплянований /adj
заплянувати /v1.is0 :perf
заплянуватися /vr1 :perf
зараз-же adv
затріюмфувати /v1 :perf
західноевропейський /adj
західньоевропейський /adj
західньоукраїнський /adj
збалянсувати /v1.is0 :perf
зверещати /v1 :perf
зматеріялізований /adj :&adjp:pasv:perf
зрезиґновано adv
зрезиґнувати /v1 :perf
зупка /n10.p2
зусім adv
зформований /adj :&adjp:pasv:perf               # :past
зформування /n2n
идол /n20.a.p.ke.<
икавка /n10
икати /v2.cf.advp :imperf
инакодумець /n22.p.a.<
инакше adv
инакший /adj
индик /n20.a.p.ke.<>
иній /n23
инколи adv
иноді adv
инопланетянин /n20.a.pyn.ke.<
инородець /n22.p.a.<
инший /adj
иншомовний /adj
иржа /n10
иржавіти /v2.cf.advp :imperf
иржати /v4.cf.advp :imperf
іґнорування /n2n
іґнорувати /v1.cf.advp :imperf
ієзуїт /n20.a.p.ke.<
імени ім'я noun:inanim:n:v_rod
імперіялізм /n20.p
імперіяліст /n20.a.p.<
імперіялістичний /adj
інавґурація /n10.p1
інґредієнт /n20.a.p
індустріялізація /n10.p1
індустріяльний /adj
інжинір /n20.a.p.ke.<
ініціял /n20.a.p
ініціятива /n10
ініціятивний /adj
ініціятор /n20.a.p.ke.<
ініціяція /n10
інтеґральний /adj
інтеґраційний /adj
інтеґрація /n10
інтеліґент /n20.a.p.<
інтеліґентний /adj.adv
інтеліґенція /n10
ірляндець /n22.a.p.<
іслям /n20
іслямський /adj
ісляндець /n22.a.p.<
їйбо intj:&insert
їйбогу intj:&insert
кавчук /n20
кавчуковий /adj
какао /n2n
канцлєр /n20.a.p.ke.<
канцлєрів /adj
капелян /n20.a.p.<
капелянський /adj
капелянша /n10.p1.<
квартирмайстер /n20.a.p.ke.<
квартирмайстерський /adj
кешеня /n10.p1
кіно /n2n.p1
клюмба /n10.p1
клявзувати /v1.cf.advp :imperf
клярнет /n20.a.p
кляса /n10.p1.piv
клясик /n20.a.p.<
клясика /n10
клясифікація /n10.p1
клясифікований /adj :&adjp:pasv:imperf:perf
клясифікувати /v1.cf.advp.is0 :imperf:perf
клясицизм /n20
клясицист /n20.a.p.<
клясичний /adj
клясичність /n30
клясично adv
клясовий /adj
клясовість /n30
клясово adv
кляцнути /v1.isTo :perf
коаксіяльний /adj
коаксіяльність /n30
коаліціяда /n10.p1
колегіяльний /adj
колоніяльний /adj
колоніяльність /n30
кольонія /n10.p1
кольоризація /n10
кольоризований /adj :&adjp:pasv:imperf:perf
кольоризувати /v1.cf.advp :imperf:perf
кольорит /n20
кольоритний /adj
кольорометричний /adj
коляборант /n20.a.p.ke.<
колябораціоніст /n20.a.p.ke.<
коляборація /n10
комедіянт /n20.a.p.<
компутер /n20.a.p.ke.@
консалтинґ /n20
консорціюм /n20.p
консулят /n20
коралі /np2
кредо /n2n
крітський /adj
крітянин /n20.a.pyn.ke.<
кухвайка /n10.p2
леґалізувати /v1.cf.advp.is0 :imperf:perf
леґальний /adj
леґендарний /adj
леґіслятура /n10.p1
леґітимація /n10
леґітимізувати /v1.cf.advp.is0 :imperf:perf
леґітимний /adj.adv
леґітимність /n30
лінґвістичний /adj
льозунґ /n20.p
льокалізований /adj :&adjp:pasv:imperf:perf
льокальний /adj
льокальність /n30
льотерія /n10.p1
льояльність /n30
лябіринт /n20.p
лябіринтовий /adj
ляборант /n20.a.p.<
ляборантка /n10.p2.<
ляборантський /adj
лябораторія /n10.p1
лябораторний /adj
лявіна /n10.p1
ляйтенант /n20.a.p.<
ляйтмотив /n20.p
лямент /n20.p
лямпа /n10.p1
лямпада /n10.p1
лямпадка /n10.p2
лямповий /adj
лямпочка /n10.p2
ляндшафт /n20.p
маґістерський /adj
макулятура /n10
макулятурний /adj
марґінал /n20.a.p.<
марґіналізація /n10
марґіналізований /adj :&adjp:pasv:imperf:perf
марґіналізувати /v1.cf.advp.is0 :imperf:perf
марґіналізуватися /vr1.cf.advp :imperf:perf
марґіналка /n10.p2.<
марґінальний /adj
марґінальність /n30
марґінес /n20
маркетинґ /n20
маркетинґовий /adj
мармеляда /n10
мармелядовий /adj
мармуляда /n10
мармулядовий /adj
марсіянин /n20.a.pyn.<
марсіянка /n10.p2.<
марсіянський /adj
матеріял /n20.p
матеріялізований /adj :&adjp:pasv:imperf:perf
матеріялізувати /v1.cf.advp.is0 :imperf:perf
матеріялізуватися /vr1.cf.advp :imperf:perf
матеріяльний /adj
матер'ял /n20.p
медіюм /n20
мельодія /n10.p1
міґрант /n20.a.p.<
міґраційний /adj
міжреґіональний /adj
мікроренґен /n20.p
мініятурний /adj
мініятюризація /n10
мініятюрний /adj
мітинґ /n20.p
мораторіюм /n20.p
мультитабло /n2n
мущина /n10.p1.<m
невтралізація /n10
невтралітет /n20.p
невтральний /adj.adv
невтральність /n30
неґативний /adj
незаанґажований /adj
незаанґажованість /n30
неначеб conj:subord
нераз adv
нігди adv:&pron:emph:&predic
новеля /n10.p2
номенклятура /n10.p1
номенклятурник /n20.a.p.<
ностальґія /n10
ольфакторний /adj
опіюм /n20
ориґінальний /adj
пакгавз /n20.p
пакгаувзний /adj
палятурка /n10.p2
палятурний /adj
пам'яти пам'ять noun:f:v_rod/v_dav/v_mis
паранойя /n10.p1
парлямент /n20.p
парляментар /n24.a.p.ku.<
парляментаризм /n20
парляментарист /n20.a.p.<
парляментарний /adj
парляментський /adj
патріярх /n20.a.p.<
патріярхів /adj
патріярхія /n10.p1
пашквіль /n20.a.p
пашквільний /adj
пашпортизація /n10
педіятр /n20.a.p.ke.<
пелагіянізм /n20
пелагіянство /n2n
пелагіянський /adj
переинакшений /adj :&adjp:pasv:perf
переинакшити /v1.is0 :perf
переинакшитися /vr1 :perf
перемиський /adj
переплянувати /v1.is0 :perf
першоєрарх /n20.a.p.<
першоклясник /n20.a.p.<
піаніно /n2n.p1
підбольшевицький /adj
підсовєтський /adj
підсовєцький /adj
піяніно /n2n.p1
плагіят /n20
плягіят /n20
плякат /n20.a.p
плякати /v2.cf :imperf
плян /n20.p
плянета /n10.p1
плянетарний /adj
плянований /adj
пляновий /adj
пляновість /n30
пляново adv
пляномірний /adj
пляномірно adv
плянування /n2n
плянувати /v1.cf.advp.is0 :imperf
плянуватися /vr1.cf.advp :imperf
плястиковий /adj
плятформа /n10.p1
пляц /n20.p
пляцдарм /n20.p
подіюм /n20.p
по-европейському adv
поки-що adv:&pron:int:rel
Політбюро /n2n
поратунок /n22
постсовєтизм /n20
постсовєтський /adj
постсовєцький /adj
постулят /n20.p
потенціял /n20.p
потенціяльний /adj
премієр /n20.a.p.ke.<
преміюм-підтримка /n10
претенсія /n10.p1
проблєма /n10.p1
продеклямувати /v1.is0 :perf
проевропейський /adj
проклямація /n10.p1
пролєтаріят /n20
пропаґанда /n10
пропаґандивно adv
протибольшевицький /adj
псевдо /n2n.p1
псевдотріюмфальний /adj
психольоґія /n10.p1
Пурім /n20
равнд /n20.p
радіодіджей /n20.a.p.<
радіюс /n20.a.p
радіяльний /adj.adv
радіяльність /n30
радіяційний /adj
радіяція /n10
ранґа /n10
ратунок /n22
реаґувати /v1.cf.advp :imperf
реглямент /n20
реґіон /n20.p
реґіональний /adj
рейтинґ /n20.p
рейтинґовий /adj
рекляма /n10
реклямація /n10.p1
реклямний /adj
реклямувати /v1.cf.advp :imperf
рентґен /n20.a :xp1                 # одиниця виміру; апарат
рентґен /n20 :xp2                   # проміння; просвічування
рентґенівський /adj
рентґентехнік /n20.a.p.<
репатріяція /n10.p1
ресовєтизація /n10
решпект /n20
ріжний /adj
ріжниця /n10.p1
рококо /n2n
роля /n10
ротмістер /n22.a.p.ke
салата /n10
салітра /n10
салітровий /adj
сеґмент /n20.a.p
силюет /n20.p
симпозіюм /n20.p
скавт /n20.a.p.ke.<
скавтський /adj
скарлятина /n10
совєти /np2
сов'єти /np2
совєтизація /n10
совєтизм /n20.p
сов'єтизм /n20.p
совєтизований /adj :&adjp:pasv:perf
совєтолог /n20.a.p.<
совєтологія /n10
совєтофілія /n10
совєтський /adj
совєтськість /n30
совєцький /adj
совєцькість /n30
совіти /np2
совітський /adj
совіцький /adj
соняшний /adj
соняшно adv
сопрано /n2n.p1
соціюм /n20.p
соціялістичний /adj
соціяльний /adj.adv
спеціялізація /n10
спеціялізуватися /vr1.cf.advp :imperf
спеціяльний /adj.adv
сплянований /adj
спонзор /n20.a.p.ke.<
спонзорування /n2n
спонзорувати /v1.cf.advp.is0 :imperf:perf
старшоклясник /n20.a.p.<
струмент /n20.a.p
східноевропеєць /n22.a.p.<
східноевропейський /adj
таймінґ /n20
телетріюмф /n20.p
телетріюмфний /adj
територіяльний /adj
термінольоґія /n10.p1
Торонто /n2n :geo
трансґендерний /adj
тривіяльний /adj
тріюмвірат /n20
тріюмф /n20.p
тріюмфальний /adj.adv
тріюмфальність /n30
тріюмфатор /n20.a.p.ke.<
тріюмфаторка /n10.p2.<
тріюмфаторський /adj
тріюмфування /n2n.p1
тріюмфувати /v1.cf.advp :imperf
уніят /n20.a.p.ke.<
уніятський /adj
фавстівський /adj
фалш /n20
фалшивий /adj.adv
фалшування /n2n
фармер /n20.a.p.ke.<
февдалізм /n20
февдальний /adj
філядельфійський /adj
фіялка /n10.p2
фльор /n20.ke
фльота /n10
фльотилія /n10.p1
флякон /n20.a.p
фолкльорист /n20.a.p.<
фолкльорний /adj
фортепіано /n2n.p1
фортепіяно /n2n.p1
фортепіяновий /adj
фортеп'яно /n2n.p1
фото /n2n.p1
фраґмент /n20.a.p
центральноевропейський /adj
циліндер /n22.a.ke
цирюльник /n20.a.p.<
цмин /n20
цукорка /n10.p2
цьотка /n10.p2.<
чоколяда /n10
чоколядовий /adj
швайцар /n20.a.p.ke.<
швайцарець /n22.a.p.<
швайцарський /adj
шляґер /n20.p.ke
шоколяд /n20
шоколяда /n10
що-ж conj:subord
юґендстиль /n20
якже adv
якжеж adv
