альт-саксофон /n20.a.p
арт-акція /n10.p1
артаукціон /n20.p
артбаза /n10.p1
арт-база /n10.p1
артбізнес /n20
арт-бізнес /n20
артбомонд /n20
арт-бомонд /n20
артгалерея /n10.p1
арт-галерея /n10.p1
артдилер /n20.a.p.ke.<
арт-дилер /n20.a.p.ke.<
артдиректор /n20.a.p.ke.<
арт-директор /n20.a.p.ke.<
арт-кафе noun:n:nv
арткіно noun:n:nv
арт-кіно noun:n:nv
арт-книга /n10.p1
арт-критик /n20.a.p.<
арт-критика /n10
артменеджер /n20.a.p.ke.<
арт-менеджер /n20.a.p.ke.<
артмісія /n10.p1
арт-об'єкт /n20.a.p
артпроект /n20.p
арт-проект /n20.p
артпростір /n21.p.ke
арт-простір /n21.p.ke
арт-процес /n20.p
артринок /n22.p
арт-ринок /n22.p
артрок /n20
арт-рок /n20
артсередовище /n2n.p1
арт-середовище /n2n.p1
артсистема /n10.p1
артсклад /n20.p
артстудія /n10.p1
арт-студія /n10.p1
артсцена /n10.p1
арт-сцена /n10.p1
арттерапія /n10
арт-терапія /n10
артфест /n20.p
арт-фест /n20.p
артфестиваль /n20.p
арт-фестиваль /n20.p
артфорум /n20.p
арт-форум /n20.p
артхаус /n20
арт-хаус /n20
артхаусний /adj
арт-хаусний /adj
артцентр /n20.p.ke
арт-центр /n20.p.ke
артшоу noun:n:nv
арт-шоу noun:n:nv
артярмарок /n22.p
арт-ярмарок /n22.p
афророк /n20
афро-рок /n20
байкер-стиль /n20
байкер-шоу noun:n:nv
байк-шоу noun:n:nv
балканбіт /n20
балкан-біт /n20
бард-академія /n10.p1
бас-гітарист /n20.a.p.ke.<
бебібум /n20
бебі-бум /n20
беквокал /n20.p
бек-вокал /n20.p
беквокаліст /n20.a.p.ke.<
бек-вокаліст /n20.a.p.ke.<
беквокалістка /n10.p2.ko.<
бек-вокалістка /n10.p2.ko.<
бендлідер /n20.a.p.<
бенд-лідер /n20.a.p.<
бігбенд /n20.p
біг-бенд /n20.p
бігбіт /n20
біг-біт /n20
бігборд /n20.a.p
біг-борд /n20.a.p
бігмак /n20.p
бізнес-абонент /n20.a.p.ke.<
бізнес-авіація /n10
бізнес-аналітика /n10
бізнес-асоціація /n10.p1
бізнес-верхівка /n10.p2
бізнесвумен noun:f:nv
бізнес-вумен noun:f:nv
бізнес-група /n10.p1
бізнес-діалог /n20.zi
бізнес-діяльність /n30
бізнес-еліта /n10.p1
бізнес-завдання /n2n.p1
бізнес-замовлення /n2n.p1
бізнес-ідея /n10.p1
бізнес-імперія /n10.p1
бізнес-інтерес /n20.p
бізнес-кар'єра /n10
бізнес-картка /n10.p2
бізнес-клієнт /n20.a.p.ke.<
бізнес-користувач /n20.a.p.<
бізнес-крило /n2n
бізнес-леді noun:f:nv:anim
бізнес-логіка /n10
бізнес-модель /n32.p
бізнес-новини /np1
бізнес-оточення /n2n
бізнес-партнер /n20.a.p.ke.<
бізнес-план /n20.p
бізнес-планування /n2n
бізнес-початківець /n22.p.a.<
бізнес-практик /n20.a.p.<
бізнес-практика /n10
бізнес-привабливість /n30
бізнес-проект /n20.p
бізнес-процес /n20.p
бізнес-середовище /n2n
бізнес-сторона /n10.p2
бізнес-стратегія /n10.p1
бізнес-структура /n10.p1
бізнес-схема /n10.p1
бізнес-технологія /n10.p1
бізнес-форум /n20.p
бізнес-центр /n20.p.ke
бізнес-школа /n10.p2
бітгрупа /n10.p1
біт-група /n10.p1
бітклуб /n20.p
біт-клуб /n20.p
бітмузика /n10
біт-музика /n10
блекджек /n20
блек-джек /n20
бліцвізит /n20.p
бліц-візит /n20.p
бліцвікторина /n10.p1
бліцінтерв'ю noun:n:nv
бліц-інтерв'ю noun:n:nv
бліцкриг /n20.p
бліц-криг /n20.p
бліцопитування /n2n.p1
бліц-опитування /n2n.p1
бліц-спілкування /n2n
бліцтурнір /n20.p.ke
бліц-турнір /n20.p.ke
блюзрок /n20
блюз-рок /n20
бодибілдер /n20.a.p.ke.<
бодибілдинг /n20
бодіарт /n20
боді-арт /n20
бодібілдинг /n20
бойфренд /n20.a.p.<
бой-френд /n20.a.p.<
бокс-офіс /n20.p
брейк-данс /n20
брейн-ринг /n20.zi.p
брейншторм /n20.p
брейн-шторм /n20.p
брит-поп /n20
вайфай /n20
вай-фай /n20
вебадреса /n10.p1
веб-адреса /n10.p1
вебархів /n20.p
веббраузер /n20.a.p.ke
веб-браузер /n20.a.p.ke
вебвміст /n20
вебдизайн /n20
веб-дискусія /n10.p1
вебжурнал /n20.p
вебкамера /n10.p1
веб-камера /n10.p1
вебклієнт /n20.a.p
вебколаж /n20.p
вебконференція /n10.p1
вебкрамниця /n10.p1
вебмайстер /n22.a.p.ke.<
веб-майстер /n22.a.p.ke.<
вебпанель /n32.p
вебпортал /n20.p
веб-портал /n20.p
вебпрезентація /n10.p1
вебпрограма /n10.p1
веб-програміст /n20.a.p.ke.<
вебсайт /n20.p
веб-сайт /n20.p
вебсемінар /n20.p.ke
вебсервер /n20.a.p.ke
веб-сервер /n20.a.p.ke
вебслужба /n10.p1
веб-служба /n10.p1
вебстільниця /n10.p1
вебсторінка /n10.p2
веб-сторінка /n10.p2
веб-сторіночка /n10.p2
вебтека /n10.p1
вебформа /n10.p1
веб-форма /n10
вебхостинг /n20
веб-чат /n20.p
вебщоденник /n20.a.p
вектор-функція /n10.p1
вікенд /n20.p
вік-енд /n20.p
віпзал /n20.p
віпклієнт /n20.a.p.ke.<
гей-клуб /n20.p
гей-парад /n20.p
гей-тема /n10
гель-лак /n20.p
глемрок /n20
глем-рок /n20
гранд-готель /n20.a.p
гранд-шоу noun:n:nv
гранпрі noun:n:nv
гран-прі noun:n:nv
грінкарт noun:f:nv
грін-карта /n10.p1
грін-картка /n10.p2
ГТС-консорціум /n20.p
гумор-шоу noun:n:nv
дайвінг-клуб /n20.p
дайвпослуги /np1
дата-центр /n20.p.ke
демоверсія /n10.p1
джазклуб /n20.p
джаз-клуб /n20.p
джазоркестр /n20.p.ke
джаз-оркестр /n20.p.ke
джазритм /n20
джаз-ритм /n20
джазрок /n20
джаз-рок /n20
джазфестиваль /n20.p
джаз-фестиваль /n20.p
джемсешн noun:m:nv:np
джем-сешн noun:m:nv:np
джентльмен-клуб /n20.p
джентльмен-шоу noun:n:nv
диво-машина /n10.p1
диджей /n20.a.p.<
дизайн-архітектура /n10
дизайн-студія /n10
диск-жокей /n20.a.p.<
диско-бар /n20.p.ke
диско-клуб /n20.p
ді-джей /n20.a.p.<
дог-шоу noun:n:nv
докстанція /n10.p1
док-станція /n10.p1
допінг-офіцер /n20.a.p.ke.<
допінг-проба /n10.p1
дрескод /n20
дрес-код /n20
ейсид-рок /n20
екзитпол /n20.p
екзит-пол /n20.p
економ-житло /n2n
економклас /n20
економ-клас /n20
економ-сегмент /n20
експрес-дезінфекція /n10
експрес-діагностика /n10
експрес-лабораторія /n10.p1
екс-прессекретар /n24.a.p.<
екс-прес-секретар /n24.a.p.<
експрес-тестування /n2n
екстраклас /n20
елітклас /n20
етнорок /n20
етно-рок /n20
етнороковий /adj
жлобарт /n20
жлоб-арт /n20
інді-поп /n20
індірок /n20
інді-рок /n20
інтернет-адреса /n10.p1
інтернет-банкінг /n20
інтернетбібліотека /n10.p1
інтернет-бібліотека /n10.p1
інтернет-версія /n10.p1
інтернетвидання /n2n.p1
інтернет-видання /n2n.p1
інтернетгазета /n10.p1
інтернет-газета /n10.p1
інтернет-голосування /n2n.p1
інтернет-громадськість /n30
інтернет-джерело /n2n.p1
інтернетзалежність /n30
інтернет-залежність /n30
інтернет-залицяльник /n20.a.p.<
інтернетзв'язок /n22
інтернет-зв'язок /n22
інтернет-індустрія /n10
інтернет-кафе noun:n:nv
інтернетклуб /n20.p
інтернет-клуб /n20.p
інтернет-коментатор /n20.a.p.ke.<
інтернет-компанія /n10.p1
інтернет-консультант /n20.a.p.ke.<
інтернет-консультація /n10.p1
інтернетконференція /n10.p1
інтернет-конференція /n10.p1
інтернеткористувач /n20.a.p.<
інтернет-користувач /n20.a.p.<
інтернеткрамниця /n10.p1
інтернет-крамниця /n10.p1
інтернетмагазин /n20.p
інтернет-магазин /n20.p
інтернетопитування /n2n.p1
інтернет-опитування /n2n.p1
інтернетпортал /n20.p
інтернет-портал /n20.p
інтернет-провайдер /n20.a.p.ke
інтернетпроект /n20.p
інтернет-проект /n20.p
інтернетпростір /n21.ke
інтернет-простір /n21.ke
інтернет-протокол /n20.p
інтернетресурс /n20.p
інтернет-ресурс /n20.p
інтернетсайт /n20.p
інтернет-сайт /n20.p
інтернетсистема /n10.p1
інтернет-система /n10.p1
інтернет-спільнота /n10.p1
інтернет-сторінка /n10.p2
інтернет-телефон /n20.p
інтернет-телефонія /n10
інтернеттехнологія /n10.p1
інтернет-технологія /n10.p1
інтернеттрансляція /n10
інтернет-трансляція /n10
інтернеттрафік /n20
інтернет-трафік /n20
інтернетфорум /n20.p
інтернет-форум /n20.p
інтернет-щоденник /n20.a.p
кава-клуб /n20.a.p
кава-машина /n10.p1
кавер-версія /n10.p1
Карнегі-хол /n20
квазіпартія /n10.p1
квік-степ /n20
кібератака /n10.p1
кібер-атака /n10.p1
кібербезпека /n10
кібер-безпека /n10
кібер-війна /n10.p1
кіберзагроза /n10.p1
кібер-загроза /n10.p1
кіберзлочин /n20.p
кібер-злочин /n20.p
кіберзлочинець /n22.a.p.<
кібер-злочинець /n22.a.p.<
кіберзлочинність /n30
кібер-злочинність /n30
кібер-няня /n10.p1.<
кіберпанк /n20
кіберпростір /n21.p.ke
кібер-простір /n21.p.ke
кіберспорт /n20
кібер-спорт /n20
кібертероризм /n20
кібер-тероризм /n20
кіндерсюрприз /n20.p
кіндер-сюрприз /n20.p
кіокушин-карате noun:n:nv
клімат-контроль /n20
колцентр /n20.p.ke
кол-центр /n20.p.ke
комік-трупа /n10.p1
компактдиск /n20.a.p
компакт-диск /n20.a.p
компакт-камера /n10.p1
компакт-кар /n20.ke
компакт-касета /n10.p1
компакт-клас /n20
ком'юніті-центр /n20.p.ke
контактцентр /n20.p.ke
контакт-центр /n20.p.ke
контент-аналіз /n20
конференцзал /n20.p
конференц-зал /n20.p
конференцзала /n10.p1
конференц-зала /n10.p1
концепт-кар /n20.a.p.ke
концерт-хол /n20.p
корндог /n20.a.p
корн-дог /n20.a.p
краштест /n20.p
краш-тест /n20.p
кредитно-рейтинговий /adj
крес-салат /n20.p
крештест /n20.p
креш-тест /n20.p
кріобанк /n20.p
кросасемблер /n20.a.p.ke
крос-асемблер /n20.a.p.ke
кроскомпілятор /n20.a.p.ke
крос-компілятор /n20.a.p.ke
крос-субсидування /n2n
круїз-контроль /n20
лейб-гвардія /n10.p1
люкс-категорія /n10.p1
максимально-мінімальний /adj
маскультура /n10
мас-культура /n10
маскультурний /adj
мас-культурний /adj
масмаркет /n20.p
мас-маркет /n20.p
масмаркетинговий /adj
мас-маркетинговий /adj
масмедіа noun:p:nv:ns
мас-медіа noun:p:nv:ns
масмедійний /adj
мас-медійний /adj
маспродукція /n10
мас-продукція /n10
мас-спектрографічний /adj
масспектрометр /n20.a.p.ke
мас-спектрометр /n20.a.p.ke
масспектрометрія /n10
мас-спектрометрія /n10
масстарт /n20.p
мас-старт /n20.p
медіавласність /n30
медіа-дискурс /n20.p
медіаексперт /n20.a.p.ke.<
медіа-ефект /n20.p
медіа-забезпечення /n2n
медіа-запит /n20.p
медіа-імперія /n10.p1
медіаіндустрія /n10
медіа-індустрія /n10
медіа-клуб /n20.p
медіамагнат /n20.a.p.ke.<
медіа-магнат /n20.a.p.<
медіапіратство /n2n
медіапристрій /n21.p
медіа-пристрій /n21.p
медіапродукт /n20.p
медіа-проект /n20.p
медіапростір /n21.p.ke
медіа-простір /n21.p.ke
медіапрофспілка /n10.p2
медіаресурс /n20.p
медіаринок /n22.p
медіа-середовище /n2n.p1
медіахолдинг /n20.p
медіацентр /n20.p.ke
медіа-центр /n20.p.ke
мікс-зона /n10
націонал-демократія /n10
націонал-соціалізм /n20
нонстоп adv
нон-стоп adv
онлайн /n20
онлайн adv
он-лайн /n20
онлайн-покупка /n10.p2
онлайн-трансляція /n10.p1
опен-турнір /n20.a.p.ke
офіс-менеджер /n20.a.p.ke.<
оффлайн /n20
оффлайн adv
панк-культура /n10
панкрок /n20
панк-рок /n20
пен-клуб /n20.p
перформанс-група /n10.p1
піарактивність /n30
піаракція /n10.p1
піар-акція /n10.p1
піар-атака /n10.p1
піаркампанія /n10.p1
піар-кампанія /n10.p1
піар-команда /n10.p1
піар-менеджер /n20.a.p.ke.<
піар-метод /n20.p
піарпроект /n20.p
піар-служба /n10.p1
піартехнологія /n10.p1
піар-технологія /n10.p1
піархід /n21.p
піар-хід /n21.p
піт-стоп /n20.p
плейоф /n20
плей-оф noun:m:nv
плей-оф /n20
плейофівський /adj
плей-офівський /adj
плей-офф noun:m:nv
поп-арт /n20
поп-виконавець /n22.a.p.<
поп-група /n10.p1
попгурт /n20.p
поп-зірка /n10.p2.<
попкорн /n20
поп-корн /n20
попкультура /n10.p1
поп-культура /n10.p1
попмистецтво /n2n
поп-мистецтво /n2n
попмузика /n10
поп-музика /n10
попмюзикл /n20.p
поп-рок /n20
попспівачка /n10.p2.ko.<
пост-панк /n20
праймтайм /n20
прайм-тайм /n20
прайслист /n20.a.p
президент-готель /n20.a.p
прем'єрдивізіон /n20.p
прем'єр-дивізіон /n20.p
прем'єрліга /n10
прем'єр-ліга /n10
преміум-клас /n20
пресавтомат /n20.a.p
пресаташе noun:m:nv:anim
прес-аташе noun:m:nv:anim
пресбрифінг /n20.p
прес-брифінг /n20.p
прес-бюлетень /n20.a.p
пресбюро noun:n:nv
прес-бюро noun:n:nv
пресвипуск /n20.p
прес-випуск /n20.p
пресгалерея /n10.p1
прес-галерея /n10.p1
пресгрупа /n10.p1
прес-група /n10.p1
прес-ефект /n20.p
пресзал /n20.p
прес-зал /n20.p
пресзала /n10
прес-зала /n10
прескліше noun:n:nv
прес-кліше noun:n:nv
пресклуб /n20.p
прес-клуб /n20.p
пресконференція /n10.p1
прес-конференція /n10.p1
прес-пап'є noun:n:nv
преспідбирач /n20.a.p
пресреліз /n20.p
прес-реліз /n20.p
прессекретар /n24.a.p.<
прес-секретар /n24.a.p.<
пресслужба /n10.p1
прес-служба /n10.p1
престайм /n20
прес-тур /n20.ke
прес-форма /n10.p1
пресцентр /n20.p.ke
прес-центр /n20.p.ke
промоакція /n10.p1
промо-акція /n10.p1
промокампанія /n10.p1
промотур /n20.p.ke
промо-тур /n20.p.ke
райд-біт /n20
ралі-рейд /n20
реаліті-шоу noun:n:nv
реал-політик noun:f:nv:np
рейв-культура /n10
рейтинг-лідер /n20.a.p.ke.<
рейтинг-фаворит /n20.a.p.ke.<
рентген-випромінювання /n2n
рентген-обстеження /n2n
реп-культура /n10
ретро-рок /n20
ризик-менеджер /n20.a.p.ke.<
ризик-менеджмент /n20
ріал-шоу noun:n:nv
ріелтор /n20.a.p.ke.<
рок-музикант /n20.a.p.<
рок-немовля /n40.p.<
рок-н-рольний /adj
рок-сцена /n10
рок-товариство /n2n
ром-кола /n10
россонері noun:p:nv:ns
россо-нері noun:p:nv:ns
роуд-шоу noun:n:nv
секс-бомба /n10.p1.<
секс-бранка /n10.p2.<
секс-індустрія /n10
секс-інтрига /n10
секс-працівниця /n10.p1.<
секс-театр /n20.p.ke
секс-турист /n20.a.p.ke.<
сексшоп /n20.p
секс-шоп /n20.p
секс-шоу noun:n:nv
синтез-газ /n20
сімкарта /n10.p1
сім-карта /n10.p1
сімкартка /n10.p2
сім-картка /n10.p2
сіті-лайт /n20.p
сканкопія /n10.p1
скан-копія /n10.p1
скетчшоу noun:n:nv
скетч-шоу noun:n:nv
скімінг-обладнання /n2n
скотч-тер'єр /n20.a.p.ke.<>
слайдфільм /n20.p
слайд-фільм /n20.p
слайдшоу noun:n:nv
слайд-шоу noun:n:nv
софтрок /n22
софт-рок /n22
спам-мережа /n10.p1
спарингпартнер /n20.a.p.ke.<
спаринг-партнер /n20.a.p.ke.<
спейсрок /n20
спейс-рок /n20
спікер-зона /n10
спліт-система /n10.p1
стенд-бай /n20.a.p
стрес-тест /n20.p
стрип-бар /n20.p.ke
стритарт /n20
стрит-арт /n20
стьоб-аналітика /n10
суші-бар /n20.p
тайбокс /n20
тай-бокс /n20
тайбоксер /n20.a.p.ke.<
тай-боксер /n20.a.p.ke.<
талант-шоу noun:n:nv
телеком-оператор /n20.a.p.ke
тенор-саксофон /n20.a.p
тенор-саксофоніст /n20.a.p.ke.<
техно-рок /n20
техно-треш /n20
ток-шоу noun:n:nv
топменеджер /n20.a.p.ke.<
топ-менеджер /n20.a.p.ke.<
топменеджерський /adj
топменеджмент /n20
топ-менеджмент /n20
топмодель /n32.p.ke.<
топ-модель /n32.p.ke.<
топновина /n10
топ-новина /n10
топтема /n10
топ-тема /n10
трансвестит-шоу noun:n:nv
трекбол /n20.a.p
уїк-енд /n20
фаєршоу noun:n:nv
фаєр-шоу noun:n:nv
фан-група /n10.p1
фанзона /n10.p1
фан-зона /n10.p1
фанклуб /n20.p
фан-клуб /n20.p
фан-меню noun:n:nv
фан-містечко /n2n.p2
фансектор /n20.p.ke
фан-сектор /n20.p.ke
фармклуб /n20.p
фарм-клуб /n20.p
фастфуд /n20.p
фаст-фуд /n20.p
фейсконтроль /n20
фейс-контроль /n20
фітнесіндустрія /n10
фітнес-індустрія /n10
фітнесклуб /n20.p
фітнес-клуб /n20.p
флешдиск /n20.a.p
флеш-диск /n20.a.p
флешкарта /n10.p1
флеш-карта /n10.p1
флешкартка /n10.p2
флеш-картка /n10.p2
флешмоб /n20.p
флеш-моб /n20.p
флешпам'ять /n32
флеш-пам'ять /n32
фокус-група /n10.p1
фокус-груповий /adj
фолк-музика /n10
фолкрок /n20
фолк-рок /n20
фолькрок /n20
фольк-рок /n20
форсмажорний /adj
фрі-джаз /n20
фуа-гра /n10
хард-боп /n20
хард-кор /n20.ke
хардрок /n20
хард-рок /n20
хатха-йога /n10
хепі-енд /n20.p
хет-трик /n20
хітпарад /n20.p
хіт-парад /n20.p
хот-джаз /n20
хотдог /n20.a.p
хот-дог /n20.a.p
чемпіон-ліга /n10
шефредактор /n20.a.p.ke.<
шеф-редактор /n20.a.p.ke.<
шоубалет /n20
шоубізнес /n20
шоу-бізнес /n20
шоубізнесовий /adj
шоу-бізнесовий /adj
шоурум /n20
шоу-рум /n20
штрихкод /n20.p
штрих-код /n20.p
штрихкодування /n2n.p1
юрфірма /n10.p1
