АВТ noun:f:nv    # АВТ "Баварія"
АВТА noun:f:nv    # асоціація власників транзитних авто
АЕС noun:f:nv
АЗС noun:f:nv
АйБіЕм noun:f:nv:prop
АКШУ noun:f:nv:prop    # Асоціація керівників шкіл України
АМКУ noun:m:nv:prop    # Антимонопольний комітет України
АМНУ noun:f:nv
АН noun:f:nv
АНДР noun:f:nv:prop    # Алжирська Народна Демократична Республіка
АНТК noun:m:nv:np
АП noun:f:nv
АПК noun:m:nv
АРСР noun:f:nv:np:prop
АСЕАН noun:f:nv:np:prop    # Association of SouthEast Asian Nations
АТ noun:n:nv
АТЕК noun:m:nv:np:prop
АТЗТ noun:n:nv
АТП noun:n:nv
АТР noun:m:nv:prop    # канал
АТС noun:f:nv
БАТЕ noun:m:nv:np:prop    # футбольний клуб
б-во /n2n.p1
БД noun:f:nv
БК noun:m:nv
б-ка /n10.p2
БМД noun:m:nv
БМП noun:f:nv
БПЛА noun:m:nv          # безпілотний літальний апарат
БРІК noun:n:nv:np:prop    # Brazil, Russia, India, China, South Africa
БРСР noun:f:nv:np:prop
БТР noun:m:nv
БЮТ noun:m:nv:np:prop
ВАЗ /n20 :prop
ВАК noun:m:nv:prop
ВАСУ noun:m:nv:prop
ВАТ noun:n:nv
ВВ noun:p:nv:ns
в-во /n2n.p1
ВВП noun:m:nv
ВГСУ noun:m:nv:prop    # Вищий господарський суд України
ВДНГ noun:f:nv:np
вдсх noun:n:nv
ВДЦП noun:m:nv:prop    # Всеукраїнський депозитарій цінних паперів
вид-во /n2n.p1
ВИХ noun:m:nv
ВІЛ noun:m:nv:np
ВІЛ-СНІД noun:m:nv:np
ВІНК noun:f:nv
ВЛКСМ noun:f:nv:np:prop    # Комсомол
ВМГО noun:f:nv
ВМС noun:p:nv:ns
ВМСУ noun:p:nv:ns:prop    # Військово-Морські Сили Збройних Сил України
ВНДІ noun:m:nv
ВНЗ noun:m:nv
ВНП noun:m:nv    # Валовий національний продукт
ВО noun:n:nv
ВООЗ noun:f:nv:prop    # Всесвітня організація охорони здоров’я
ВПК noun:m:nv           # Військово промисловий комплекс
ВПЛ noun:m:nv:prop      # Вірус папіломи людини
ВПС noun:p:nv:ns
ВР noun:f:nv:np
ВРУ noun:f:nv:prop
ВССУ noun:m:nv
ВТССУМ noun:m:nv:prop    # Великий тлумачний словник сучасної української мови
ВУАН noun:f:nv:prop    # Всеукраїнська академія наук (1921—1936)
ВУНАС noun:f:nv:prop    # Всеукраїнська наукова асоціація сходознавства
ВУФКУ noun:n:nv:prop    # Всеукраїнське фотокіноуправління (1922—1930)
ВУЦВК noun:m:nv:prop    # Всеукраїнський центральний виконавчий комітет (1917—1938)
ВЦВК noun:m:nv:prop    # Всеросійський центральний виконавчий комітет (1917—1937)
ВЦРПС noun:f:nv:prop    # Всесоюзна центральна рада професійних спілок
ВЧК noun:f:nv:prop:bad    # Всероссийская чрезвычайная комиссия
г noun:m:nv
ГАЕС noun:f:nv
ГАТТ noun:f:nv:prop    # Генеральна угода з тарифів і торгівлі (СОТ до 1995)
Гб noun:m:nv
Гбайт noun:m:nv
Гбіт noun:m:nv
г-во /n2n
ГГц noun:m:nv
ГеВ noun:m:nv
ГЕС noun:f:nv
ГІС noun:f:nv
ГОЕЛРО noun:f:nv
госп-во /n2n
ГПа noun:m:nv
ГПО noun:n:nv
ГПУ noun:f:nv:np:prop
Гр noun:f:nv
ГРВІ noun:f:nv
грн noun:f:nv
ГРУ noun:n:nv:np:prop
ГУАМ noun:f:nv:np:prop
ГУБОЗ noun:n:nv:np
ГУМВС noun:n:nv:np
ГУУАМ noun:n:nv:np:prop    # ГУАМ після вступу Узбекистану
Гц noun:m:nv
ДАІ noun:f:nv
ДАТ noun:n:nv
дБ noun:m:nv
ДБСТ noun:m:nv    # Дитячий будинок сімейного типу
ДДСО noun:f:nv:prop    # Державна служба охорони
ДДТ noun:m:nv:np:prop    # (гурт)
ДемПУ noun:f:nv:np:prop    # Демократична партія України
Дж noun:m:nv
ДІНЗ noun:f:nv    #? Державна інспекція навчальних закладів
ДКЦПФР noun:f:nv    #? Національна комісія з цінних паперів та фондового ринку
ДЛК noun:m:nv
дм noun:m:nv
ДМЗ noun:f:nv:prop    # Донецький металургійний завод
ДМЗ noun:m:nv:np
ДМСУ noun:f:nv:prop    # Державна міграційна служба України
ДНД noun:f:nv
ДНК noun:f:nv
ДНР noun:f:nv:np    # "Донецька Народна Республіка"
дНТФ noun:m:nv
ДОС noun:f:nv
ДП noun:n:nv
ДПА noun:f:nv
ДПАУ noun:f:nv:prop    # Державна податкова адміністрація України
ДПЕК noun:m:nv:prop    # Донбаської паливно-енергетичної компанії
ДПС noun:f:nv
ДПСУ noun:f:nv:prop    # Державна прикордонна служба України
д-р /n20.a.p.<
ДРВ noun:f:nv
ДРГ noun:f:nv           # диверсійно-розвідувальна група
ДРЕС noun:f:nv
ДРК noun:f:nv
ДС noun:m:nv
ДСЕС noun:f:nv
ДСК noun:f:nv
ДСТУ noun:m:nv
ДСУ noun:f:nv
ДТЕК noun:f:nv:prop    # Донбасская топливно-энергетическая компания (DTEK)
ДТП noun:f:nv
ДТРК noun:f:nv
ДУК noun:m:nv:np    # Добровольчий укр. корпус
ДЮСШ noun:f:nv
ДЮСШОР noun:f:nv
ЕКГ noun:f:nv
ЕОМ noun:f:nv
ЄАНТК noun:m:nv
ЄАР noun:f:nv
ЄБРР noun:m:nv:prop    # Європейський банк реконструкції та розвитку
ЄврАзЕС noun:n:nv:prop
ЄВС noun:f:nv
ЄДАПС noun:f:nv:prop
ЄДРПОУ noun:m:nv
ЄЕП noun:m:nv
ЄЕС noun:f:nv
ЄЕСУ noun:p:nv:ns:prop
ЄКА noun:n:nv
ЄКРН noun:f:nv
ЄС noun:n:nv:prop
ЄСПЛ noun:m:nv:prop    # Європейський суд з прав людини
ЖБК noun:m:nv
ЖДУ noun:m:nv:prop    # Житомирський державний університет
ЖЕК /n20.p
ЖКГ noun:n:nv
зав /n20.a
ЗАТ noun:n:nv
з-д /n20.a.p
ЗЄС noun:m:nv:prop    # Західноєвропейський союз
ЗМІ noun:p:nv:ns
ЗМОП noun:m:nv    # загін міліції особливого призначення
ЗНО noun:n:nv
ЗПГ noun:m:nv
ЗРК noun:m:nv
ЗСУ noun:p:nv:ns:prop
ЗУНР noun:f:nv:prop
ІГХ noun:f:nv    # Імуногістохімія
ІНК noun:m:nv:prop    # Індійський національний конгрес
ін-т /n20.p
ІОЦ noun:m:nv    # інформаційно-обчислювальний центр
ІПС noun:f:nv
ІРІ noun:f:nv
ІСРП noun:f:nv:prop    # Іспанська соціалістична робітнича партія
ІТ noun:p:nv:ns
ІТАР-ТАРС noun:n:nv:np:prop
ІТТ noun:m:nv    # ізолятор тимчасового тримання
КАС /n20
КАСКО noun:n:nv
КАСУ noun:m:nv:np:prop    # Кодекс адміністративного судочинства України
КБ noun:n:nv
кб noun:m:nv
кбайт noun:m:nv
кбіт noun:m:nv
КВК noun:m:nv
кВт noun:m:nv
кг noun:m:nv
КГЗКОР noun:m:nv:prop    # Криворізький гірничо-збагачувальний комбінат окислених руд
кГц noun:m:nv
КД noun:m:nv:xp1    # компактдиск
КД noun:f:nv:xp2    # конструкторська документація
КДБ noun:m:nv:prop
кДж noun:m:nv
КДКА noun:f:nv
КДМА noun:f:nv:np
ккал noun:f:nv
ККД noun:m:nv
км noun:m:nv
КМДА noun:f:nv:np:prop
КМІС noun:m:nv:prop
КМКФ noun:m:nv
КМУ noun:m:nv:prop
КНЕУ noun:m:nv:prop
КНЛУ noun:m:nv:prop
КНР noun:f:nv:np:prop
КНУ noun:m:nv:prop
КНУКіМ noun:m:nv:prop
КОАТУУ noun:m:nv:np
КП noun:m:nv
кПа noun:m:nv
КПВ noun:f:nv
КПЗУ noun:f:nv
КПІ noun:m:nv:np:prop
КПК noun:m:nv:np
КПП noun:m:nv
КПРС noun:f:nv:np:prop
КПРФ noun:f:nv:np:prop
КПУ noun:f:nv:np:prop
крб noun:m:nv
к-сть /n30.p
КУІн noun:m:nv
КУК noun:m:nv
ЛАЗ /n20 :prop
ЛАК noun:f:nv
ЛБД noun:f:nv
ЛДПР noun:f:nv:np
ЛДПУ noun:f:nv:np:prop
ЛКСМУ noun:f:nv:np
ЛНДР noun:f:nv
ЛНР noun:f:nv:np    # "Луганська Народна Республіка"
ЛНУ noun:m:nv:prop
ЛОДА noun:f:nv
ЛОМ noun:f:nv
л-ра /n10 :np
ЛСД noun:m:nv:np
ЛуАЗ /n20
м noun:m:nv
МАГАТЕ noun:n:nv:np:prop
МАУП noun:f:nv:np:prop
Мб noun:m:nv
МБА noun:m:nv
Мбайт noun:m:nv
Мбіт noun:m:nv
МБРР noun:m:nv:np:prop
м-во /n2n.p1
МВС noun:n:nv
МВСУ noun:n:nv:np:prop
МВт noun:m:nv
МВФ noun:m:nv:np:prop
мг noun:m:nv
МГД noun:m:nv
МГц noun:m:nv
МЖК noun:m:nv
МЗС noun:n:nv
МінАП noun:n:nv
мін-во /n2n.p1
мкг noun:m:nv
мкм noun:m:nv
МКС noun:f:nv:prop
мкс noun:f:nv
мкФ noun:m:nv
мл noun:m:nv
млн noun:m:nv|numr:p:nv
млрд noun:m:nv|numr:p:nv
мм noun:m:nv
ММКФ noun:m:nv
МНР noun:f:nv
МНРП noun:f:nv
МНС noun:n:nv
МО noun:n:nv:np
МОЗ noun:n:nv:np
МОК noun:m:nv:np
МОН noun:n:nv:np
МОНМС noun:n:nv
МПа noun:m:nv
МПЛА noun:m:nv
мРНК noun:f:nv
мс noun:f:nv
МТС noun:f:nv
МФТІ noun:m:nv
МХАТ noun:m:nv:np
МЮ noun:n:nv
НАЕК noun:f:nv
НАК /n20
НАМН noun:f:nv
НАН noun:f:nv
НАНУ noun:f:nv:np:prop
НАПН noun:f:nv
НАСА noun:n:nv:prop
НАСК noun:f:nv
НАТО noun:n:nv:prop
НаУКМА noun:f:nv:np:prop
НБА noun:f:nv
НБУ noun:m:nv:np:prop
НБУВ noun:f:nv:prop    # Національна бібліотека України імені В. І. Вернадського
НВЦ noun:m:nv
НДІ noun:m:nv
НДО noun:f:nv
НДП noun:f:nv
НеоЛАЗ noun:m:nv
НЕП /n20
НКАУ noun:n:nv
НКВД noun:n:nv:np:prop
НКВС noun:m:nv:np:prop
НКДБ noun:m:nv:np
НКРЕ noun:f:nv:np
НКРЗ noun:m:nv:np
НЛО noun:m:nv
нм noun:m:nv
НМПУ noun:f:nv
НОП noun:f:nv
НРБ noun:m:nv
НРКУ noun:f:nv
НРП noun:f:nv
НРУ noun:m:nv:np:prop
НСБ noun:f:nv
НСДАП noun:f:nv:np:prop    # Націонал-соціалістична робітнича партія Німеччини
НСЖУ noun:f:nv:prop    # Національна спілка журналістів України
НСК noun:m:nv:np
НСКУ noun:f:nv:np:prop
НСМЕП noun:f:nv:prop    # Національна система масових електронних платежів
НСНУ noun:m:nv:prop
НСПУ noun:f:nv
НСРА noun:f:nv:prop    # Народна Соціалістична Республіка Албанія
НСТУ noun:f:nv:prop    # Національна суспільна телерадіокомпанія України
НСХУ noun:f:nv:prop    # Національна спілка художників України
НТД noun:p:nv:ns
НТКУ noun:f:nv:prop    # Національна телекомпанія України
НТП noun:m:nv
НТР noun:f:nv    # Науково-технічна революція
НТУУ noun:m:nv:prop    # Національний технічний університет України (КПІ)
НТШ noun:n:nv:prop    # Наукове товариство імені Шевченка
НУНС noun:m:nv:np:prop
НУ-НС noun:m:nv:np:prop
НУХТ noun:m:nv:prop    # Національний університет харчових технологій
НФЛ noun:f:nv:prop    # Національна футбольна ліга
НФПУ noun:m:nv:prop    # Національний форум профспілок України
НХЛ noun:f:nv:np:prop    # Національна хокейна ліга
НХМУ noun:m:nv:prop    # Національний художній музей України
ОАД noun:f:nv:prop    # Організація Американських Держав
ОАЄ noun:f:nv:prop
ОАС noun:m:nv
облУВС noun:n:nv
ОБСЄ noun:f:nv:np:prop
о-в /n20.a.p
ОВДП noun:p:nv:ns
ОВП noun:f:nv
ОДА noun:f:nv
ОДКБ noun:f:nv
ОДПІ noun:f:nv
ОДПУ noun:n:nv
ОДТРК noun:f:nv
ОЕСР noun:f:nv
ОЗП noun:m:nv
ОІЯД noun:m:nv
ООН noun:f:nv:np
ООП noun:n:nv:np        # об'єктноорієнтовне програмування
ОПЕК noun:f:nv:np
ОРД noun:f:nv
ОСББ noun:n:nv:np
ОУН noun:f:nv:np:prop
ОУН-УПА noun:f:nv:np:prop
Па noun:m:nv
ПАРЄ noun:f:nv:np:prop
Пб noun:m:nv
Пбайт noun:m:nv
ПВХ noun:m:nv
ПДВ noun:m:nv
ПДВЛ noun:m:nv
ПДП noun:m:nv
ПЕК noun:m:nv
ПЕОМ noun:f:nv
ПЗ noun:n:nv
ПЗП noun:m:nv
ПЗРК noun:m:nv
ПЗУ noun:f:nv
ПК noun:m:nv
ПЛР noun:f:nv
ПНР noun:f:nv
ПОРП noun:f:nv
ПП noun:n:nv
ППО noun:n:nv:np
ПППУ noun:f:nv
ПР noun:f:nv
ПрикВО noun:m:nv
ПРО noun:f:nv:np
ПРООН noun:f:nv
ПРП noun:f:nv
пр-т /n20
ПРУ noun:f:nv
ПСПУ noun:f:nv:prop
ПТСР noun:m:nv
ПТУ noun:n:nv
ПУМБ noun:m:nv:prop
пФ noun:m:nv
ПФТС noun:f:nv
РАГС /n20
РАЕС noun:f:nv:prop
РАН noun:f:nv
РАТАУ noun:n:nv
РВВС noun:m:nv
РДА noun:f:nv
РЄ noun:f:nv
РКД noun:m:nv
РКЦ noun:f:nv
РЛС noun:f:nv
р-н /n20.p
РНБО noun:f:nv:np
РНБОУ noun:f:nv:np:prop
РНГ noun:f:nv
РНК noun:f:nv
РПГ noun:m:nv
РПЦ noun:f:nv
рРНК noun:f:nv
РСДРП noun:f:nv:np
РСЧА noun:f:nv
РУВС noun:n:nv
РУП noun:f:nv
РФ noun:f:nv
РХБ noun:f:nv
РХП noun:f:nv
с noun:f:nv
САПР noun:n:nv
САР noun:f:nv
САУ noun:f:nv
СБУ noun:f:nv:prop
СВАПО noun:f:nv
св-во /n2n.p1
СВУ noun:f:nv:prop
СДПН noun:f:nv
СДПУ noun:f:nv:prop
СДПФ noun:f:nv
СДРПШ noun:f:nv
сек noun:f:nv
СелПУ noun:f:nv
СІЗО noun:m:nv
СК noun:m:nv
СКА noun:m:nv
СКБД noun:f:nv
СКВУ noun:m:nv
см noun:m:nv
смт noun:n:nv
СНБОУ noun:f:nv
СНІД /n20
СНПУ noun:f:nv
СОТ noun:f:nv:np
СОУ noun:f:nv
СПС noun:m:nv
СПУ noun:f:nv
СР noun:f:nv
СРВ noun:f:nv
СРР noun:f:nv
СРЮ noun:f:nv
ССР noun:f:nv
СТД noun:f:nv
СУБД noun:f:nv
СУМ /n20
сусп-во /n2n
СФРЮ noun:f:nv
с-ще /n2n
т noun:f:nv
ТАРС noun:n:nv:np
ТБ noun:n:nv
Тб noun:m:nv
Тбайт noun:m:nv
ТВЕЛ /n20.a.p
т-во /n2n
Т-ДНК noun:f:nv
ТЕС noun:f:nv       # теплоелектростанція
ТЕФІ noun:f:nv
ТЕЦ noun:f:nv
ТЗ noun:n:nv
ТзОВ noun:n:nv
ТНК-ВР noun:f:nv
ТНМК noun:m:nv
ТНС noun:p:nv:ns
ТОВ noun:n:nv
ТОУК noun:n:nv
ТРК noun:f:nv
трлн noun:m:nv|numr:p:nv
тРНК noun:f:nv
ТЮГ noun:m:nv:np
УААН noun:f:nv
УАЗ noun:m:nv
УАЗТ noun:f:nv
УАНМ noun:f:nv
УАПЦ noun:f:nv:np
УАПЦ-КП noun:f:nv:np
УАСС noun:f:nv
УБЕЗ noun:n:nv
УБЗПТЛ noun:n:nv
УБОЗ /n20
УВКБ noun:n:nv
УВКР noun:f:nv
УГА noun:f:nv:prop
УГВР noun:f:nv
УГКЦ noun:f:nv:np
УГС noun:f:nv
УДАР /n20
УДК noun:f:nv
УДППЗ noun:n:nv
УДСБЕЗ noun:n:nv
УДСО noun:n:nv
УДЦР noun:m:nv
УЄФА noun:f:nv:np:prop
УККА noun:m:nv
УКП noun:f:nv
УКСМ noun:f:nv
УКТЗЕД noun:f:nv:np
УМВГ noun:f:nv
УМВС noun:n:nv
УМВСУ noun:n:nv:prop
УНА noun:f:nv:np:prop
УНА-УНСО noun:f:nv:np:prop
УНДО noun:n:nv
УНДП noun:f:nv:np
УНІАН noun:n:nv:np:prop
УНІТА noun:m:nv
УНКВД noun:n:nv:np
УНКМО noun:m:nv
УНКП noun:f:nv
УНП noun:f:nv:np
УНР noun:f:nv:np:prop            # Республіка; Рух
УНРА noun:f:nv:np
УНСО noun:f:nv:np
ун-т /n20.p
УНЦПД noun:m:nv
УПА noun:f:nv:np
УПСР noun:f:nv
УПЦ noun:f:nv:np
УПЦ-КП noun:f:nv:np:prop
УПЦ-МП noun:f:nv:np:prop
УРДП noun:f:nv
УРЕ noun:f:nv
УРП noun:f:nv
УРСР noun:f:nv:np:prop
УСБУ noun:n:nv
УСДП noun:f:nv
УСДРП noun:f:nv
УСПП noun:m:nv
УСРР noun:f:nv:prop
УСС noun:p:nv:ns:prop    # Українські січові стрільці
УТН noun:p:nv:ns
УТОГ noun:n:nv
УТОС noun:n:nv
УХДП noun:f:nv
УЦЕПД noun:m:nv
у-ще /n2n
ФАО noun:f:nv
ФАТХ noun:m:nv:np
ФБР noun:n:nv:np:prop
ФДМУ noun:m:nv
ФІБА noun:f:nv
ФІДЕ noun:f:nv:prop
ФІЖ noun:f:nv
ФІЛА noun:f:nv
ФІНА noun:f:nv
ФІСУ noun:f:nv
ФІФА noun:f:nv:prop
ФК noun:m:nv
ф-ка /n10
ФКП noun:f:nv
ФМ-діапазон /n20
ФМ-станція /n10.p1
ФМШ noun:f:nv
фоб noun:m:nv
ФОС noun:m:nv
ФРЕЛІМО noun:m:nv:prop    # Frente de Libertação de Moçambique
ФСБ noun:f:nv:np:prop
ФСП noun:f:nv
ф-т /n20.p
ФФУ noun:f:nv:np
ХАЕС noun:f:nv:prop
ХАМАС noun:m:nv:np:prop
хв noun:f:nv
ХДПУ noun:f:nv:prop    # Християнсько-демократична партія України
ХЛПУ noun:f:nv
ХНС noun:m:nv
ХСС noun:m:nv
ЦАР noun:f:nv
ЦАХАЛ noun:m:nv:np:prop
ЦВК noun:f:nv:np
ЦГЗК noun:m:nv
ЦЕРН /n20 :prop
ЦК noun:m:nv
ЦНБ noun:f:nv
ЦНС noun:f:nv
ЦП noun:m:nv
ЦРУ noun:n:nv:np:prop
ЦСКА noun:m:nv:np:prop
ЦУМ noun:m:nv:np
ЧАЕС noun:f:nv:np:prop
ЧАП noun:m:nv
ЧК noun:f:nv
ЧР noun:f:nv
ЧС noun:m:nv
ЧССР noun:f:nv:np:prop
ЧСФР noun:f:nv:np:prop
ЧФ noun:m:nv
ШВСМ noun:f:nv
ЮНЕСКО noun:n:nv:np:prop
ЮНІСЕФ noun:m:nv:np:prop
ЯМР noun:m:nv    # Ядерний магнітний резонанс
