# весь /adj_pron - весь /adj_pron :pron:gen
# увесь /adj_pron - увесь /adj_pron :pron:gen
автомат /n20.a.p - пакувальник /n20.a.p !u-*
акула /n10.p1.<> - молот /n20.a.p
акула /n10.p1.<> - мако
ангел /n20.a.p.< - охоронець /n22.a.p.<
баба /n10.p1.< - повитуха /n10.p1.<
баба /n10.p1.< - сповитуха /n10.p1.<
баба /n10.p1.< - пупорізка /n10.p2.<
баба /n10.p1.< - яга /n10.p1.<
баба /n10.< - дід /n20.a.< ^noun:p
баба /n10.< - дідо /n20.< ^noun:p
бабець /n22.a.p.<> - головач /n20.a.p.<>
бабуся /n10.< - дідусь /n20.a.< ^noun:p
бал /n20.p - маскарад /n20.p
банк /n20.p - еквайр /n20.p.ke
барометр /n20.a.p.ke - анероїд /n20.a.p
брати /np2.< - православні /n2adj1.<
вагон /n20.a.p - ресторан /n20.a.p
вальс /n20 - бостон /n20
вежі /np1 - близнюки /np2
гід /n20.a.p.< - перекладач /n20.a.p.<
грейдер /n20.a.p.ke - елеватор /n20.a.p.ke !u-u
джинси /np2 - кльош
диво /n2n - дивне /adj ^noun
директор /n20.a.p.ke.< - розпорядник /n20.a.p.<
дівка /n10.p2.< - дзиґа /n10.p1.<
дід /n20.a.ku.< - баба /n10.< ^noun:p
дід /n20.a.p.ku.< - мороз /n20.a.p.<
дідо /n20.< - баба /n10.< ^noun:p
дідусі /np2.< - бабусі /np1.<
дідусь /n20.a.< - бабуся /n10.< ^noun:p
діти /np3.< - квіти /np2.<
довгий /adj - предовгий /adj
дрон /n20.a.p - камікадзе
екс-президент /n20.a.p.< - втікач /n20.a.p.< :up92
живий /adj - здоровий /adj
жук /n20.a.p.<> - гнойовик /n20.a.p.<>
жук /n20.a.p.<> - носоріг /n21.a.p.ke.<>
жук /n20.a.p.<> - олень /n20.a.p.<>
жук /n20.a.p.<> - рогач /n20.a.p.<>
іван /n20.a.p.< - покиван /n20.a.p.<
іванець /n22.a.p.< - покиванець /n22.a.p.<
іванець /n22.a.p - киванець /n22.a.p
ідея /n10.p1 - фікс
інженер /n20.a.p.ke.< - конструктор /n20.a.p.ke.<
інженер /n20.a.p.ke.< - механік /n20.a.p.<
інженер /n20.a.p.ke.< - технолог /n20.a.p.<
інфузорія /n10.p1.<> - туфелька /n10.p2.<>
Іскандер /n20.a.ke - М
кава /n10 - чай /n20
Казимеж /n20.a - Дольний /n2adj1 :geo:town
камера /n10.p1 - обскура /n10.p1
капітан-лейтенант /n20.a.p.ke.< - інженер /n20.a.p.ke.< !u-u
карта /n10.p1 - схема /n10.p1
кафе noun:n:nv - кондитерська /n2adj1.p
кафе noun:n:nv - морозиво /n2n.p1
клуб /n20.p - кафе
коза /n10.<> - дереза /n10.<>
комар /n20.a.ke.p4.<> - дзвінець /n22.a.p.<
королева /n10.< - консорт /n20.a.<
король /n20.a.< - сонце /n2n.ovi
котрий /adj - небудь :pron:ind
котрий /adj - будь :pron:ind
крісло /n2n.p2 - гойдалка /n10.p2
купівля /n10 - продаж /n20
кури /np3 - гриль
курка /n10.p2 - гриль
курочка /n10.p2 - гриль
кухня /n10.p2 - студія /n10.p1
лапонька /n10.p2.< - дочка /n10.p2.<
лапонька /n10.p2.< - донька /n10.p2.<
лапочка /n10.p2.< - дочка /n10.p2.<
лапочка /n10.p2.< - донька /n10.p2.<
латаний /adj - перелатаний /adj
лікар /n24.a.p.ku.< - куратор /n20.a.p.ke.<
літак /n20.a.p - розвідник /n20.a.p
льон /n20 - довгунець /n22.a
макак /n20.a.p.<> - резус /n20.a.p.<>
макака /n10.p1.<> - резус /n20.a.p.<>
макака /n10.p1.<> - резус /n20.a.p.<> ^noun:m
мама /n10.< - тато /n20.< ^noun:p
марксизм /n20 - ленінізм /n20 !u-u
матінка /n10.ko - природа /n10.ko
матч /n20.p - реванш /n20.p
мед /n20 - вино /n2n
мед /n20 - пиво /n2n
місто /n2n.p1 - сад /n20.p
молодий /adj - зелений /adj
музей /n20.p - заповідник /n20.a.p
музика /n10.p1.<m - аматор /n20.a.p.ke.<
музика /n10.p1.<m - любитель /n20.a.p.<
ненька /n10.< - Україна /n10.<
ніхто /n_pron.< - ніхто /n_pron.< :pron:neg
обіцянка /n10.p2 - цяцянка /n10.p2
один /numr ^adj - єдиний /adj :numr
один /numr ^adj - однісінький /adj :numr
один /numr ^adj - другий /adj :numr
один /numr g=m - півтора
один /numr g=n - півтора
один /numr g=f - півтори
опера /n10.p1 - буф
опера /n10.p1 - буфа
опера /n10.p1 - буффа
опера /n10.p1 - буффо
орлан /n20.a.p.<> - білохвіст /n21.a.p.<>
паличка /n10.p2 - виручалочка /n10.p2
паличка /n10.p2 - стукалочка /n10.p2
пан /n20.a.p.ke.< - брат /n20.a.p.ke.< !u-u
перший /adj - ліпший /adj
піша /n2adj1.< - пішаниця /n10.<m
піший /n2adj1.p.< - пішаниця /n10.p1.<m
прима /n10.p1.< - балерина /n10.p1.<
програма /n10.p1 - мінімум
радий /adj - радісінький /adj
рахунок /n22.a.p - фактура /n10.p1
риба /n10.p1.<> - голка /n10.p2
риба /n10.p1.<> - меч /n20.a.p
риба /n10.p1.<> - молот /n20.a.p
Ростов /n20.a - на-Дону :geo:town
сам /adj_pron - самісінький /adj :pron:def
сам /adj_pron - один /numr ^adj :pron:def
свинка /n10.p2 - скарбничка /n10.p2
сила /n10 - силенна /adj g=f
сила /n10 - силюща /adj g=f
сім'я /n10 - вихователька /n10
сон /n22.p - мрія /n10.p1
спідниця /n10.p1 - кльош
старий /adj - добрий /adj
статус /n20 - кво :bad
стійка /n10.p2 - журавель /n22.a.p
Стугна /n10 - П
сукня /n10.p2 - міді
сукня /n10.p2 - міні
сукня /n10.p2 - максі
сумний /adj - пресумний /adj
суп /n20.p - пюре
сякий /adj - такий /adj :pron:def
такий /adj - сякий /adj :pron:def
такий /adj.long - собі :pron:dem:bad
тато /n20.< - мама /n10.< ^noun:p
тендер /n20.a.p.ke - конденсатор /n20.a.p.ke
тьма /n10 - тьмуща /adj g=f
тьма /n10 - тменна /adj g=f
фіглі /np2 - міглі /np2
Франкфурт /n20.a - на-Майні :geo:town
харки /np2 - макогоники /np2 :coll
хліб /n20.a - сіль /n30 :+m
хто /n_pron.< - небудь :pron:ind
хто /n_pron.< - будь :pron:ind
цап /n20.a.p.<> - відбувайло /n20.p.<>
цяця /n10.< - хлопчик /n20.a.<
чай /n20 - кава /n10
чий /adj_pron - небудь :pron:ind
чий /adj_pron - будь :pron:ind
член /n20.a.p.< - кореспондент /n20.a.p.< !u-u          # :xp1
чудо /n2n.p1.< - юдо /n2n.p1.<
шапка /n10.p2 - невидимка /n10.p2
шафа /n10.p1 - купе
шура /n10 - буря /n10
шури /np2 - мури /np2
шуря /n10 - буря /n10
що /n_pron - небудь :pron:ind
що /n_pron - будь :pron:ind
який /adj - небудь :pron:ind
який /adj - будь :pron:ind
