# Іменники
# !noun

# з тегами

# і - о + ь в кінці
якір якір noun:m:v_naz/v_zna
якоря якір noun:m:v_rod
якорю якір noun:m:v_dav/v_mis
якорем якір noun:m:v_oru
якореві якір noun:m:v_dav
якорі якір noun:m:v_mis//p:v_naz/v_zna
якорів якір noun:p:v_rod
якорям якір noun:p:v_dav
якорями якір noun:p:v_oru
якорях якір noun:p:v_mis

# 0 - о
Великдень Великдень noun:m:v_naz/v_zna
Великодня Великдень noun:m:v_rod
Великодню Великдень noun:m:v_dav/v_mis
Великоднем Великдень noun:m:v_oru
Великодні Великдень noun:p:v_naz/v_zna
Великоднів Великдень noun:p:v_rod
Великодням Великдень noun:p:v_dav
Великоднями Великдень noun:p:v_oru
Великоднях Великдень noun:p:v_mis

# 0 - о (р.в.мн.)
судорги судорга noun:p:v_naz/v_zna
судорог судорга noun:p:v_rod
судоргам судорга noun:p:v_dav
судоргами судорга noun:p:v_oru
судоргах судорга noun:p:v_mis


# власні
Євангеліє Євангеліє noun:n:v_naz/v_zna
Євангелія Євангеліє noun:n:v_rod//p:v_naz/v_zna
Євангелію Євангеліє noun:n:v_dav/v_mis
Євангелії Євангеліє noun:n:v_mis
Євангелієм Євангеліє noun:n:v_oru
Євангелій Євангеліє noun:p:v_rod
Євангеліям Євангеліє noun:n:v_dav
Євангеліями Євангеліє noun:n:v_oru
Євангеліях Євангеліє noun:n:v_mis


# додаткові форми
сосон сосна noun:p:v_rod
відьом відьма noun:p:v_rod/v_zna:anim
верстов верста noun:p:v_rod
одіж одежа noun:f:v_naz/v_zna
воріженьки вороженько noun:p:v_naz:anim:rare
очки очко noun:p:v_naz
воєн війна noun:p:v_rod
грошима гроші noun:p:v_oru:ns
грішми гроші noun:p:v_oru:ns
людоньки людоньки noun:p:v_naz:anim
#басищеві басище noun:m:v_dav//n:v_dav  # в ГС цієї форми немає
дровець дрівця noun:p:v_rod:ns

крильми крило noun:p:v_oru
слізьми сльоза noun:p:v_oru
коліньми коліно noun:p:v_oru
гістьми гість noun:p:v_oru:anim
кістьми кість noun:p:v_oru
свиньми свиня noun:p:v_oru:anim
ворітьми ворота noun:p:v_oru:ns
воротям ворота noun:p:v_dav:ns
воротях ворота noun:p:v_mis:ns

губів губа noun:p:v_rod
зморщок зморшка noun:p:v_rod
легенів легеня noun:p:v_rod
льоту літ noun:m:v_rod/v_dav/v_mis
панотче панотець noun:m:v_kly:anim
персні перстень noun:p:v_naz/v_zna
старче старець noun:m:v_kly:anim
чернець ченець noun:m:v_naz:anim
мамів мама noun:p:v_rod:anim

панове пан noun:p:v_kly:anim
вуса вуса noun:p:v_naz/v_zna

яловець ялівець noun:m:v_naz/v_zna
стос стіс noun:m:v_naz/v_zna:rare

відом відом noun:m:v_naz:rare
відома відом noun:m:v_rod
відому відом noun:m:v_dav:rare
відом відом noun:m:v_zna:rare
відомом відом noun:m:v_oru
відомі відом noun:m:v_mis:rare

штаням штани noun:p:v_dav:ns
штаньми штани noun:p:v_oru:ns
штанями штани noun:p:v_oru:ns
штанях штани noun:p:v_mis:ns

дошки дошка noun:p:v_naz/v_zna
дощок дошка noun:p:v_rod
дошкам дошка noun:p:v_dav
дошками дошка noun:p:v_oru
дошках дошка noun:p:v_mis


Божечко Божечко noun:m:v_kly:anim
Божечку Божечко noun:m:v_kly:anim

# давні форми
житіє житіє noun:n:v_naz/v_zna
бельмес бельмес noun:m:v_naz:rare
бельмеса бельмес noun:m:v_rod
язицех язик noun:p:v_mis
властен властен predic

давніх-давен давніх-давен noun:p:v_rod:ns

Руси Русь noun:f:v_rod:alt
Кишиневі Кишинів noun:m:v_mis
роб роб noun:m:v_naz/v_zna
робом роб noun:m:v_oru

очі око noun:p:v_naz/v_zna
очей око noun:p:v_rod
очам око noun:p:v_dav
очима око noun:p:v_oru
очах око noun:p:v_mis
вічі око noun:p:v_zna

вісь вісь noun:f:v_naz/v_zna
осі вісь noun:f:v_rod/v_dav/v_mis//p:v_naz/v_zna
віссю вісь noun:f:v_oru
осей вісь noun:p:v_rod
осям вісь noun:p:v_dav
осях вісь noun:p:v_mis
осями вісь noun:p:v_oru
піввісь піввісь noun:f:v_naz/v_zna
півосі піввісь noun:f:v_rod/v_dav/v_mis//p:v_naz/v_zna
піввіссю піввісь noun:f:v_oru
півосей піввісь noun:p:v_rod
півосям піввісь noun:p:v_dav
півосях піввісь noun:p:v_mis
півосями піввісь noun:p:v_oru

овес овес noun:m:v_naz/v_zna
вівса овес noun:m:v_rod//p:v_naz/v_zna
вівсу овес noun:m:v_dav
вівсом овес noun:m:v_oru
вівсі овес noun:m:v_mis
вівси овес noun:p:v_naz/v_zna
вівсів овес noun:p:v_rod
вівсам овес noun:p:v_dav
вівсами овес noun:p:v_oru
вівсах овес noun:p:v_mis

вівці вівця noun:p:v_naz/v_zna:anim
овець вівця noun:p:v_rod/v_zna:anim
вівцям вівця noun:p:v_dav:anim
вівцями вівця noun:p:v_oru:anim
вівцях вівця noun:p:v_mis:anim


дідуньо дідунь noun:m:v_naz:anim
татуньо татунь noun:m:v_naz:anim
татусьо татусь noun:m:v_naz:anim

ігри гра noun:p:v_naz/v_zna
ігор гра noun:p:v_rod
іграм гра noun:p:v_dav
іграми гра noun:p:v_oru
іграх гра noun:p:v_mis
відеоігри відеогра noun:p:v_naz/v_zna
відеоігор відеогра noun:p:v_rod
відеоіграм відеогра noun:p:v_dav
відеоіграми відеогра noun:p:v_oru
відеоіграх відеогра noun:p:v_mis

літ літ noun:m:v_naz/v_zna
лету літ noun:m:v_rod/v_dav/v_mis
льоту літ noun:m:v_rod/v_dav/v_mis
летові літ noun:m:v_dav
летом літ noun:m:v_oru
льотом літ noun:m:v_oru
льоті літ noun:m:v_mis
леті літ noun:m:v_mis

окові око noun:n:v_dav

Господь Господь noun:m:v_naz:anim
Господа Господь noun:m:v_rod:anim
Господові Господь noun:m:v_dav/v_mis:anim
Господеві Господь noun:m:v_dav/v_mis:anim
Господу Господь noun:m:v_dav:anim
Господом Господь noun:m:v_oru:anim
Господі Господь noun:m:v_mis:anim
Господи Господь noun:m:v_kly:anim

Христос Христос noun:m:v_naz:anim
Христа Христос noun:m:v_rod/v_zna:anim
Христу Христос noun:m:v_dav:anim
Христові Христос noun:m:v_dav/v_mis:anim
Христом Христос noun:m:v_oru:anim
Христі Христос noun:m:v_mis:anim
Христе Христос noun:m:v_kly:anim

Донець Донець noun:m:v_naz/v_zna
Дінця Донець noun:m:v_rod
Дінцю Донець noun:m:v_dav/v_mis
Дінцем Донець noun:m:v_oru
Дінці Донець noun:m:v_mis

четвер четвер noun:m:v_naz/v_zna
четверга четвер noun:m:v_rod
четвергу четвер noun:m:v_dav/v_mis
четвергові четвер noun:m:v_dav
четвергом четвер noun:m:v_oru
четверги четвер noun:p:v_naz/v_zna
четвергах четвер noun:p:v_mis
четвергів четвер noun:p:v_rod
четвергам четвер noun:p:v_dav

плечі плече noun:p:v_naz/v_zna
плечей плече noun:p:v_rod
пліч плече noun:p:v_rod
плечам плече noun:p:v_dav
плечима плече noun:p:v_oru
плечах плече noun:p:v_mis

зябра зябра noun:p:v_naz/v_zna
зябер зябра noun:p:v_rod
зябрам зябра noun:p:v_dav
зябрами зябра noun:p:v_oru
зябрах зябра noun:p:v_mis

хабарів хабар noun:p:v_rod
хабарам хабар noun:p:v_dav
хабарами хабар noun:p:v_oru
хабарах хабар noun:p:v_mis
хабарі хабар noun:p:v_naz
хабарі хабар noun:p:v_zna
комарів комар noun:p:v_rod:anim
комарів комар noun:p:v_zna:anim
комарам комар noun:p:v_dav:anim
комарами комар noun:p:v_oru:anim
комарах комар noun:p:v_mis:anim
комарі комар noun:p:v_naz:anim
пластирів пластир noun:p:v_rod
пластирам пластир noun:p:v_dav
пластирами пластир noun:p:v_oru
пластирах пластир noun:p:v_mis
пластирі пластир noun:p:v_naz
пластирі пластир noun:p:v_zna
лейкопластирів лейкопластир noun:p:v_rod
лейкопластирам лейкопластир noun:p:v_dav
лейкопластирами лейкопластир noun:p:v_oru
лейкопластирах лейкопластир noun:p:v_mis
лейкопластирі лейкопластир noun:p:v_naz
лейкопластирі лейкопластир noun:p:v_zna

гребню гребінь noun:m:v_dav
гребню гребінь noun:m:v_mis
гребневі гребінь noun:m:v_dav
гребнем гребінь noun:m:v_oru
гребні гребінь noun:m:v_mis
гребні гребінь noun:p:v_naz
гребні гребінь noun:p:v_zna
гребнів гребінь noun:p:v_rod
гребням гребінь noun:p:v_dav
гребнями гребінь noun:p:v_oru
гребнях гребінь noun:p:v_mis
гребня гребінь noun:m:v_rod

чоботи чобіт noun:p:v_naz/v_zna
чобіт чобіт noun:p:v_rod
чоботам чобіт noun:p:v_dav
чоботям чобіт noun:p:v_dav
чобітьми чобіт noun:p:v_oru
чоботами чобіт noun:p:v_oru
чоботах чобіт noun:p:v_mis
чоботях чобіт noun:p:v_mis

горщок горщок noun:m:v_naz/v_zna
горшка горщок noun:m:v_rod
горшку горщок noun:m:v_dav/v_mis
горшкові горщок noun:m:v_dav
горшком горщок noun:m:v_oru

війя війя noun:n:v_naz/v_rod/v_zna
війю війя noun:n:v_dav/v_mis
війям війя noun:n:v_oru
війї війя noun:n:v_mis

кінця-краю кінця-краю noun:m:v_rod
предку-віку предку-віку noun:m:v_zna

галай-балай галай-балай noun:m:v_naz/v_zna
усюди /np2.np1

дель дель part:pers
фон фон part:pers
бен бен part:pers


# Прислівники

більше багато adv:compr
більш багато adv:compr
найбільше багато adv:super
найбільш багато adv:super
щонайбільше багато adv:super
щонайбільш багато adv:super
якнайбільше багато adv:super
якнайбільш багато adv:super
менше мало adv:compr
менш мало adv:compr
найменше мало adv:super
найменш мало adv:super
щонайменше мало adv:super
щонайменш мало adv:super
якнайменше мало adv:super
якнайменш мало adv:super


#
# Дієслова
#
# !verb

бути бути verb:inf:imperf
буду бути verb:futr:s:1:imperf
будеш бути verb:futr:s:2:imperf
буде бути verb:futr:s:3:imperf
будемо бути verb:futr:p:1:imperf
будем бути verb:futr:p:1:imperf
будете бути verb:futr:p:2:imperf
будуть бути verb:futr:p:3:imperf
є бути verb:pres:p:1/2/3:imperf
є бути verb:pres:s:1/2/3:imperf
єси бути verb:pres:s:2:imperf:rare
суть бути verb:pres:p:3:imperf:rare
був бути verb:past:m:imperf
була бути verb:past:f:imperf
було бути verb:past:n:imperf
були бути verb:past:p:imperf
будь бути verb:impr:s:2:imperf
будьмо бути verb:impr:p:2:imperf
будьте бути verb:impr:p:3:imperf
бувши бути advp:imperf

боронь боронити verb:impr:s:2:imperf:coll

житися житися verb:rev:inf:s:3:imperf
житись житися verb:rev:inf:s:3:imperf
живеться житися verb:rev:pres:s:3:imperf
житиметься житися verb:rev:futr:s:3:imperf
жилося житися verb:rev:past:s:3:imperf
жилось житися verb:rev:past:s:3:imperf

# паралельна: кляну - клену
кленім клясти verb:impr:p:1:rare
кленімо клясти verb:impr:p:1:rare
кленіть клясти verb:impr:p:2:rare
клену клясти verb:pres:s:1:rare
кленеш клясти verb:pres:s:2:rare
клене клясти verb:pres:s:3:rare
кленем клясти verb:pres:p:1:rare
кленемо клясти verb:pres:p:1:rare
кленете клясти verb:pres:p:2:rare
кленуть клясти verb:pres:p:3:rare
кленучи клясти advp:imperf


# наказна фома є зайвою - не має сенсу значно ускладнювати правила???
могти могти verb:inf
можіть могти verb:impr:p:2
можу могти verb:pres:s:1
можеш могти verb:pres:s:2
може могти verb:pres:s:3
можем могти verb:pres:p:1
можемо могти verb:pres:p:1
можете могти verb:pres:p:2
можуть могти verb:pres:p:3
міг могти verb:past:m
могла могти verb:past:f
могло могти verb:past:n
могли могти verb:past:p
можучи могти advp:imperf
мігши могти advp:perf

# лише наказова
стривати /v2 tag=:impr|:inf :imperf
прощавати /v2 tag=:impr|:inf :imperf

ввити ввити verb:inf:perf
ввий ввити verb:impr:s:2:perf
ввиймо ввити verb:impr:p:1:perf
ввийте ввити verb:impr:p:2:perf
ввию ввити verb:futr:s:1:perf
ув'ю ввити verb:futr:s:1:perf
ув'єш ввити verb:futr:s:2:perf
ув'є ввити verb:futr:s:3:perf
ув'єм ввити verb:futr:p:1:perf
ув'ємо ввити verb:futr:p:1:perf
ув'єте ввити verb:futr:p:2:perf
ув'ють ввити verb:futr:p:3:perf
ввив ввити verb:past:m:perf
ввила ввити verb:past:f:perf
ввило ввити verb:past:n:perf
ввили ввити verb:past:p:perf
ввивши ввити advp:perf:perf
ввито ввити verb:impers:perf

ввитися ввитися verb:rev:inf:perf
ввитись ввитися verb:rev:inf:perf
ввийсь ввитися verb:rev:impr:s:2:perf
ввийся ввитися verb:rev:impr:s:2:perf
ввиймось ввитися verb:rev:impr:p:1:perf
ввиймося ввитися verb:rev:impr:p:1:perf
ввийтесь ввитися verb:rev:impr:p:2:perf
ввийтеся ввитися verb:rev:impr:p:2:perf
ув'юся ввитися verb:rev:futr:s:1:perf
ув'юсь ввитися verb:rev:futr:s:1:perf
ув'єшся ввитися verb:rev:futr:s:2:perf
ув'ється ввитися verb:rev:futr:s:3:perf
ув'ємся ввитися verb:rev:futr:p:1:perf
ув'ємося ввитися verb:rev:futr:p:1:perf
ув'ємось ввитися verb:rev:futr:p:1:perf
ув'єтеся ввитися verb:rev:futr:p:2:perf
ув'єтесь ввитися verb:rev:futr:p:2:perf
ув'ються ввитися verb:rev:futr:p:3:perf
ввивсь ввитися verb:rev:past:m:perf
ввився ввитися verb:rev:past:m:perf
ввилась ввитися verb:rev:past:f:perf
ввилася ввитися verb:rev:past:f:perf
ввилось ввитися verb:rev:past:n:perf
ввилося ввитися verb:rev:past:n:perf
ввились ввитися verb:rev:past:p:perf
ввилися ввитися verb:rev:past:p:perf
ввившись ввитися advp:rev:perf

вити /v3.cf.impers2 :imperf
в'ючи вити advp:imperf

витися /vr3.cf :imperf
в'ючиcь витися advp:rev:imperf


# з -ну- та без

засохти засохти verb:inf:perf
загрузти загрузти verb:inf:perf
заслабти заслабти verb:inf:perf
досохти досохти verb:inf:perf
замерзти замерзти verb:inf:perf
вимокти вимокти verb:inf:perf
заклякти заклякти verb:inf:perf
вичахти вичахти verb:inf:perf
замокти замокти verb:inf:perf

засохши засохти advp:perf
загрузши загрузти advp:perf
заслабши заслабти adv:perf
досохши досохти advp:perf
замерзши замерзти advp:perf
вимокши вимокти advp:perf
заклякши заклякти advp:perf
вичахши вичахти advp:perf
замокши замокти advp:perf

# основа з -ну- а м.ч. без
виникнути виникнути verb:inf:perf
виникну виникнути verb:futr:s:1:perf
виникнеш виникнути verb:futr:s:2:perf
виникне виникнути verb:futr:s:3:perf
виникнем виникнути verb:futr:p:1:perf
виникнемо виникнути verb:futr:p:1:perf
виникнете виникнути verb:futr:p:2:perf
виникнуть виникнути verb:futr:p:3:perf
виник виникнути verb:past:m:perf
#виникнув виникнути verb:past:m:perf
виникла виникнути verb:past:f:perf
#виникнула виникнути verb:past:f:perf
виникло виникнути verb:past:n:perf
#виникнуло виникнути verb:past:n:perf
виникли виникнути verb:past:p:perf
#виникнули виникнути verb:past:p:perf
виникнувши виникнути advp:perf
виникши виникнути advp:perf


# перетин з довшими формами з -ну- в теперішньому
тяти /v1.cf :imperf
витяти /v1.impers2 :perf
витятися /vr1 :perf
дотяти /v1 :perf
підтяти /v1.impers2 :perf


жати /v6 
жатися /vr6
нажати /v6 
нажатися /vr6
пожати /v6 
пожатися /vr6
пережати /v6 
пережатися /vr6

# !verb:perf
#зжати/89


розверзтися розверзтись розверзся розверзлася розверзлась розверзлося розверзлось розверзлися розверзлись розверзеться розверзуться
приверзтися приверзтись приверзеться приверзуться привезся приверзлася приверзлась приверзлося приверзлось приверзлися приверзлись приверзшись
відвологти відвологне відвологнуть відволог відвологла відвологло відвологли відвологши


# не працюють правила при повній заміні слів (чергування з початку слова)

гнати /v3.cf :imperf
гнатися /vr3.cf :imperf

слати /v1.cf :imperf

# !verb:imperf
#шлю шле шлете шли шлімо шлемо шлем шліть шлють шлеш  # spell-only

# !verb:perf

# !verb:perf


# !verb:perf

# поява і

# вві -> в, уві -> у + поява е

# чергування с->з появою і


# короткі прикметники
безвинен безвинний adj:m:v_naz/v_zna:short
благословен благословенний adj:m:v_naz/v_zna:short
#блажен блаженний adj:m:v_naz/v_zna:short
винен винний adj:m:v_naz/v_zna:short
#вістен вістний adj:m:v_naz/v_zna:short
вістен вісний adj:m:v_naz/v_zna:short:rare
годен годний adj:m:v_naz/v_zna:short:coll
дивен дивний adj:m:v_naz/v_zna:short
достоїн достойний adj:m:v_naz/v_zna:short
дрібен дрібний adj:m:v_naz/v_zna:short
єхиден єхидний adj:m:v_naz/v_zna:short
жаден жадний adj:m:v_naz/v_zna:short:rare:&pron:neg
жив живий adj:m:v_naz/v_zna:short
жоден жодний adj:m:v_naz/v_zna:short
звістен звісний adj:m:v_naz/v_zna:short
згоден згодний adj:m:v_naz/v_zna:short
здатен здатний adj:m:v_naz/v_zna:short
здоров здоровий adj:m:v_naz/v_zna:short
зелен зелений adj:m:v_naz/v_zna:short
золот золотий adj:m:v_naz/v_zna:short
кожен кожний adj:m:v_naz/v_zna:short
красен красний adj:m:v_naz/v_zna:short
ладен ладний adj:m:v_naz/v_zna:short
молод молодий adj:m:v_naz/v_zna:short
невинен невинний adj:m:v_naz/v_zna:short
негоден негідний adj:m:v_naz/v_zna:short
незгоден незгодний adj:m:v_naz/v_zna:short
неладен неладний adj:m:v_naz/v_zna:short
немощен немощний adj:m:v_naz/v_zna:short
ненавиден ненавидний adj:m:v_naz/v_zna:short
ненавистен ненависний adj:m:v_naz/v_zna:short
певен певний adj:m:v_naz/v_zna:short
повен повний adj:m:v_naz/v_zna:short
#повинен повинний adj:m:v_naz/v_zna:short
#потрібен потрібний adj:m:v_naz/v_zna:short
прекрасен прекрасний adj:m:v_naz/v_zna:short
привинен привинний adj:m:v_naz/v_zna:short
провинен провинний adj:m:v_naz/v_zna:short
рад радий adj:m:v_naz/v_zna:short
рівен рівний adj:m:v_naz/v_zna:short
самітен самітний adj:m:v_naz/v_zna:short
свят святий adj:m:v_naz/v_zna:short
силен сильний adj:m:v_naz/v_zna:short
славен славний adj:m:v_naz/v_zna:short
смутен смутний adj:m:v_naz/v_zna:short
срібен срібний adj:m:v_naz/v_zna:short
чорен чорний adj:m:v_naz/v_zna:short
ясен ясний adj:m:v_naz/v_zna:short
