Аахен /n20.a
аахенський /adj
Абадан /n20.a
абаданський /adj
Абай /n20.a :xp2        # місто
Абакан /n20.a :xp1    # місто
Абакан /n20 :xp2    # річка
Абіджан /n20.a
абіджанський /adj
абіссінець /n22.a.p.<
Абіссінія /n10
абіссінка /n10.p2.ko.<
абіссінський /adj
Абовян /n20.a :xp2  # місто
Абу-Грейб noun:f:nv:np
Абу-Дабі noun:n:nv:np
абхаз /n20.a.p.ke.<
абхазець /n22.a.p.<
Абхазія /n10
абхазка /n10.p2.ko.<
абхазький /adj
абхазько-адигейський /adj
аварець /n22.a.p.<
аварка /n10.p2.<
аварський /adj
Авеста /n10
авестійський /adj
Авіньйон /n20.a
Австралазія /n10
австралієць /n22.p.a.<
австралійка /n10.p2.ko.<
австралійський /adj
Австралія /n10.ko
австрієць /n22.p.a.<
австрійка /n10.p2.ko.<
австрійський /adj
Австрія /n10.ko
австріяк /n20.a.p.ke.<
австріячка /n10.p2.ko.<
австро-дунайський /adj
австро-італо-французький /adj
австронезійський /adj
австро-німецький /adj
австро-пруський /adj
австро-російський /adj
Австро-Угорський /adj g=mfn
австро-угорський /adj
Австро-Угорщина /n10
австрофільський /adj
Ага /n10    # річка
Агадир /n20.a.ke    # xv2
Агар /n20.a
агарський /adj
агарянин /n20.a.pyn.ke.<
агарянка /n10.p2.ko.<
агарянський /adj
агдамський /adj
Агул /n20
агул /n20.a.p.ke.<
агулець /n22.a.p.<
агулка /n10.p2.ko.<
агульський /adj
Адана /n10
Аделаїда /n10 :xp2      # місто в Австралії
Аден /n20.a
аджарець /n22.a.p.<
Аджарія /n10
аджарка /n10.p2.ko.<
адигеєць /n22.a.p.<
адигейка /n10.p2.ko.<
адигейський /adj
Адигея /n10
адиги /np2.<
Адлер /n20.a.ke :xp2       # місто
Адріатика /n10
адріатичний /adj
Азавад /n20                 # самопроголошена, невизнана держава в західній Африці
Азанде noun:n:nv:np
азанде noun:f:nv:np|noun:m:nv:anim|noun:f:nv:anim
Азарівка /n10
Азербайджан /n20
азербайджанець /n22.p.a.<
азербайджанка /n10.p2.ko.<
азербайджанський /adj
азійський /adj
Азія /n10.ko
азово-керченський /adj
азово-сиваський /adj
азово-чорноморський /adj
азорський /adj              # Азо́рські острови́
Айва /n10                   # річка в Росії
Айдахо noun:m:nv:np
Айдін /n20.a
аймара noun:f:nv:np:xp2    # мова
аймара noun:m:nv:anim:xp1    # представник
аймара noun:f:nv:anim:xp1    # представниця
айни /np2
айнський /adj
Айова /n10
Ай-Петрі noun:f:nv:np
Акапулько noun:n:nv:np
Аквітанія /n10
Аккерман /n20.a
аккерманський /adj
Акрі noun:m:nv:np
Акрополь /n20.a
Аксаково /n2n    # xv2
Актюбінськ /n20.a
актюбінський /adj
Алабама /n10
алазон /n20.a.p.ke.<
Аламеда /n10
Аламогордо noun:n:nv:np
Аламос /n20.a
Алан /n20.a :xp2    # місто в Хорватії
алан /n20.a.p.ke.<
аландський /adj
Аланія /n10
аланка /n10.p2.ko.<
албанець /n22.p.a.<
Албанія /n10
албанка /n10.p2.ko.<
албанський /adj
албанськомовний /adj
алгонкінський /adj
Алдан /n20.a :xp1    # місто
Алдан /n20 :xp2    # річка
Александрія /n10
Александров /n20.a :xp2    # місто
Александруполіс /n20.a
Алексія /n10
Алеппо noun:n:nv:np
алеут /n20.a.p.ke.<
алеутка /n10.p2
алеутський /adj
Алжир /n20.a.ke :xp1    # місто
Алжир /n20.ke :xp2    # країна
алжирець /n22.p.a.<
алжирка /n10.p2.ko.<
алжирський /adj
Аліканте noun:n:nv:np
Алкантара /n10 ^noun:m
Алмати noun:n:nv:np
алматинець /n22.a.p.<
алматинський /adj
Алтай /n20
алтайський /adj
Альбан /n20.a
Альберт /n20 :xp2    # озеро
Альберта /n10
Альбі noun:n:nv:np
Альбукерке noun:n:nv:np
Альгамбра /n10
Альє noun:m:nv:np
Альєр /n20.ke
Алькантара /n10
Альпи /np1
альпійський /adj
альпійсько-гімалайський /adj
Аляска /n10
Амангельди noun:n:nv:np
Амбер /n20.a.ke
Америка /n10.p1
американець /n22.p.a.<
американістка /n10.p2.ko.<
американка /n10.p2.ko.< :xp1    # людина
американо-англійський /adj
американо-китайський /adj
американський /adj
американсько-китайський /adj
американсько-російський /adj
американсько-український /adj
Ам'єн /n20.a
Амман /n20.a
Амстердам /n20.a
амстердамський /adj
амудар'їнський /adj
Амудар'я /n10
Амур /n20.ke :xp2    # річка
амхара noun:m:nv:np|noun:f:nv:np
амхарський /adj
Анадир /n20.a.ke :xp1    # місто
Анадир /n20.ke :xp2    # річка
Анаконда /n10
Ананурі noun:f:nv:np
Анапа /n10
анатолійський /adj
Анатолія /n10 :xp2    # азійська частина Туреччини
Анахайм /n20.a
Ангара /n10         # xs2 Анга́ра; Ангара́
Ангарськ /n20.a
ангільський /adj
Ангілья /n10
англієць /n22.p.a.<
англійка /n10.p2.ko.<
англійська /n2adj1
англійський /adj
Англія /n10.ko
англо-ірландський /adj
англоканадець /n22.a.p.<
англофіл /n20.a.p.ke.<
англофільство /n2n
англофільський /adj
англофобство /n2n
англофобський /adj
англо-шотландський /adj
Ангола /n10
анголець /n22.p.a.<
анголка /n10.p2.ko.<
ангольський /adj
Ангулем /n20.a
Андалузія /n10
андалузький /adj
Андалусія /n10
Андалуські /adj
андаманський /adj
Андерлехт /n20.a
Андерсон /n20.a :xp2    # місто в США
Анди /np1
Андижан /n20.a
андижанський /adj
андійський /adj
Андорра /n10
андоррець /n22.p.a.<
андоррський /adj
Анегада /n10
анегадський /adj
Анже noun:n:nv:np
анжуйський /adj
Анкара /n10
Анкона /n10
Анталья /n10                # xv2
Антананаріву noun:n:nv:np
Антарктида /n10
антарктидський /adj
Антарктика /n10
антарктичний /adj
Антверпен /n20.a :xp1    # місто
Антверпен /n20 :xp2    # провінція
анти /np2.<
антиавстрійський /adj
антигрузинський /adj
Антигуа noun:f:nv:np
антильський /adj
антимадярський /adj
антимосковський /adj
антипольський /adj
антіохійський /adj
Антіохія /n10
Аоминь /n20.a :xp1    # місто
Аоминь /n20 :xp2    # район
Аоморі noun:n:nv:np
апачі /np2
апеннінець /n22.a.p.<
Апенніни /np1
апеннінський /adj
апшеронський /adj
Араб /n20.a
Арабатська /adj g=f
Арабіка /n10
арабський /adj
аравацький /adj
аравієць /n22.p.a.<
аравійка /n10.p2.ko.<
аравійський /adj
Аравія /n10.ko
Арагві noun:f:nv:np
Арагон /n20             # область Іспанії
арагонець /n22.a.p.<
арагонка /n10.p2.ko.<
арагонський /adj
Аральськ /n20.a
аральський /adj
арамейський /adj
арапахо noun:n:nv:np
Арарат /n20 :xp2    # гора
Арарат /n20.a :xp1    # місто
аратський /adj
Арбат /n20
Аргентина /n10
аргентинець /n22.p.a.<
аргентинка /n10.p2.ko.<
аргентинський /adj
Аргун /n20.a :xp1    # місто
Аргун /n20 :xp2    # річка
Арданове /n2adj1
Арденни /np1
Арджеш /n20.ke
Арзамас /n20.a
арзамасець /n22.a.p.<
арзамаський /adj
Аризона /n10
Аркадія /n10 :xp2    # регіон
Арканзас /n20    # xv2
Арктика /n10
арктичний /adj
Арлінгтон /n20.a
Армавір /n20.a.ke    # xv2
арнаут /n20.a.p.ke.<
арнаутка /n10.p2.ko.< :xp1:rare    # людина
арнаутський /adj
Аррас /n20.a
Артанія /n10
Артюхове /n2adj1
Аруба /n10
арубський /adj
арумунський /adj
Архангельськ /n20.a
архангельський /adj
Аршиця /n10
Асканія /n10
Аскольд /n20.a :xp2    # острів в Японському морі
Асмара /n10
ассамський /adj
ассирієць /n22.a.p.<
ассирійський /adj
Астана /n10
Асті noun:n:nv:np
астурійський /adj
Астурія /n10
Асуан /n20.a
Асунсьйон /n20.a
Атабаска /n10
атабаска /n10.p2.ko.<
атабаський /adj
атапаск /n20.a.p.<
атапаска /n10.p2.<
атапаський /adj
Атланта /n10
Атлантида /n10
Атлантика /n10
Атлаські /adj
Аустерліц /n20.a
Аушвіц /n20.a
афганець /n22.a.p.<
Афганістан /n20
афганка /n10.p2.ko.<
афгано-пакистанський /adj
афганський /adj
Афіни /np1
Афінський /n2adj1
афінський /adj
афінянин /n20.a.pyn.ke.<
афінянка /n10.p2.ko.<
Афон /n20.a :xp2    # гора в Греції
Африка /n10
африканець /n22.p.a.<
африканка /n10.p2.ko.<
африканс /n20
африканський /adj
афро-азійський /adj
афроамериканець /n22.a.p.<
афроамериканський /adj
Ахалкалакі noun:n:nv:np
ахеєць /n22.a.p.<
ахейський /adj
Ашгабат /n20.a
Ашхабад /n20.a          #> Ашгабат
Аю-Даг /n20.ke
Аяччо noun:n:nv:np
Бабаші /np2
Баб-ель-Мандебська /adj g=f
Бабинопілля /n2n                #> Акрешори (1993)
бабинопільський /adj            #> акрешорський (1993)
Бабишкине /n2adj1               # приєднане до Нефедівка
Бабчин /n20.a                   # місто в Білорусії
Баварія /n10
баварський /adj
багамець /n22.p.a.<
Багами /np1
багамка /n10.p2.ko.<
багамський /adj
Багдад /n20.a
багдадський /adj
Багринова /adj g=f          # Багринова гора
Бадалона /n10
Баден /n20.a
Баден-Баден /n20.a
баденський /adj
Базель /n20.a
базельський /adj
Байдарські /adj             # Байдарські Ворота
Байкал /n20
байкальський /adj
Байконур /n20.ke
Байонна /n10
Байрам /n20.a
Бакан /n20.a
Бакеу noun:n:nv:np
бакинець /n22.a.p.<
бакинський /adj
Баккара /n10
Баку noun:n:nv:np
Балаклава /n10              # житловий масив (до 1957 - місто)
Балахна /n10                # місто в Нижегородській області Росіі
Балеарські /adj
Балі noun:m:nv:np
балканець /n22.a.p.<
Балкани /np1
балканський /adj
балкарець /n22.a.p.<
балкарка /n10.p2.ko.<
балти /np2.<
Балтика /n10
Балтимор /n20.a.ke
балтиморський /adj
балтієць /n22.a.p.<
Балтійськ /n20.a
балтійський /adj
балто-слов'янський /adj
Балто-Чорноморський /adj g=mfn
Балхаш /n20.a
Бангалор /n20.a.ke
Бангкок /n20.a
бангладеський /adj
Бангладеш noun:m:nv:np
бангладешець /n22.p.a.<
бангладешка /n10.p2.ko.<
Бані noun:f:nv:np
Банк /n20
Баня-Лука /n10
Баранники /np2              # колишн. нас. п.
барановицький /adj          # в Білорусі
Барбадос /n20
барбадосець /n22.p.a.<
барбадоска /n10.p2.ko.<
барбадоський /adj
Барбуда /n10
барбудський /adj
Баргузин /n20.a
Барда /n10
Баренців /adj_ev
Баренцове /adj
Бариш /n20.a :xp1       # місто в Росії
Бармен /n20.a
Барнаул /n20.a
барнаулець /n22.a.p.<
барнаульський /adj
Барселона /n10
барселонський /adj
баскійський /adj
баскський /adj
Басра /n10
Бат /n20.a
батак /n20.a.p.< :xp1
Батумі noun:n:nv:np
батумський /adj
Баффало noun:n:nv:np
Баффінів /adj
Бахрейн /n20
бахрейнський /adj
башкирець /n22.a.p.<
Башкирія /n10
башкирський /adj
Башкортостан /n20
Безансон /n20.a
Безкронівка /n10            # колишн. село
Бейрут /n20.a
бейрутський /adj
Бекарщина /n10              # колишн. село
Белград /n20.a
белградський /adj
Беліз /n20 :xp2         # країна
Беліз /n20.a :xp1         # місто
белізець /n22.p.a.<
белізка /n10.p2.ko.<
белізький /adj
Белфаст /n20.a
бельгієць /n22.p.a.<
бельгійка /n10.p2.ko.<
бельгійський /adj
Бельгія /n10
Бельфор /n20.a.ke
Бенгазі noun:n:nv:np
бенгалець /n22.a.p.<
Бенгалія /n10
бенгальський /adj
Бендери /np1
бенедиктинець /n22.a.p.<
Бенівка /n10
Бенілюкс /n20
Бенін /n20 :xp2         # країна
Бенін /n20.a :xp1         # місто
бенінський /adj
бербер /n20.a.p.ke.<
берберка /n10.p2.ko.<
берберський /adj
Бергамо noun:n:nv:np
Бережанщина /n10
Березанщина /n10
берестейський /adj
Берестейщина /n10
берестецький /adj
Берингів /adj
Берклі noun:n:nv:np
Беркшир /n20.ke
Берлін /n20.a
берлінець /n22.a.p.<
берлінський /adj
Бермуди /np2
бермудський /adj
Берн /n20.a
бернський /adj
Бесарабка /n10
бесарабський /adj
Беслан /n20.a
Бессарабія /n10
бессарабський /adj
Бєлгород /n20.a
бєлгородський /adj
Бєлград /n20.a
бєлградський /adj
Бєлорєцьк /n20.a
Биківня /n10                    # місцевість
биківнянський /adj
Бівертон /n20.a
Бізерта /n10
бізертський /adj
Біївське /n2adj1                # колишн. нас. п.
Бійськ /n20.a
Бійя noun:m:nv:np
біколи /np2
бікольський /adj
Білгород /n20.a
білгородський /adj
білгородсько-харківський /adj
Біличеве /n2adj1                    # колишн.
біловезький /adj
біломорський /adj
білоріченський /adj
білорус /n20.a.p.ke.<
білорусизація /n10
Білорусія /n10                      #> Білорусь
білоруска /n10.p2.ko.<
Білорусь /n32
білоруський /adj
білорусько-російський /adj
Більбао noun:n:nv:np
Біньова /n2adj1                     #> Беньова (2013)
Біркенау noun:m:nv:np
Бірма /n10
бірманець /n22.a.p.<
бірманський /adj
Бірмінгем /n20.a
Бірмінгемський /adj
Біробіджан /n20.a
біробіджанський /adj
Бірча /n10                      # Гміна Бірча (пол.)
Бірюки /np2                     # зал. станц.
Бісівка /n10                    #> Квітневе (1966)
Біскайська /adj g=f
біхарець /n22.a.p.<
біхарі noun:f:nv
Бішкек /n20.a
Благовєщенськ /n20.a
Благовіщенськ /n20.a
Бобруйськ /n20.a
бобруйський /adj
Бове noun:n:nv:np
Бовище /n2n
Богемія /n10
Богословський /n2adj1           # місто в Росії
Богота /n10
Бодайбо noun:n:nv:np
Боденське /adj
Божоле noun:m:nv:np
бойко /n20.p.<
Бокове-Платове /n2adj1
болгарин /n20.a.pyn.ke.<
Болгарія /n10
болгарка /n10.p2.ko.< :xp1
болгарський /adj
боліварський /adj
болівієць /n22.p.a.<
болівійка /n10.p2.ko.<
болівійський /adj
Болівія /n10
болонський /adj
Болонья /n10
Больцано noun:n:nv:np
Бомбей /n20.a
бомбейський /adj
Бондусі /np2
Бонн /n20.a
боннський /adj
Бордертаун /n20.a
Борджа /n10 :xp2
бордоський /adj
Боржомі noun:n:nv:np
Борзенців /n23.a                # колишн.
Борзнянщина /n10
Борисоглібськ /n20.a
борисоглібський /adj
бориспілець /n22.a.p.<
Бородино /n2n
Бородинський /adj
бороро noun:f:nv:np
Бортничі /np2
Борутине /n2adj1                # колишн.
борутинський /adj               # заказник
боснієць /n22.p.a.<
боснійка /n10.p2.ko.<
боснійський /adj
Боснія /n10
Боспорський /adj
Бостон /n20.a
бостонський /adj
Босфор /n20.ke
босфорський /adj
Ботсвана /n10
ботсванець /n22.p.a.<
ботсванка /n10.p2.ko.<
ботсванський /adj
Боулдер /n20.a.ke
Бохум /n20.a
Браззавіль /n20.a
бразилець /n22.p.a.<
Бразиліа noun:n:nv:np
бразилійка /n10.p2.ko.<
бразилійський /adj
Бразилія /n10
бразильський /adj
Брайан /n20.a
Брайтон /n20.a
Брайтон-Біч noun:m:nv:np
Бранденбург /n20.a.zi.ke
бранденбурзький /adj
Братислава /n10
братиславський /adj
Братове /n2adj1         #> Ботар
Братськ /n20.a
Брахмапутра /n10
брацлавський /adj
Брацлавщина /n10
Брашов /n20.a
брашовський /adj
Бремен /n20.a
бременець /n22.a.p.<
бременський /adj
Бреслау noun:n:nv:np
Брест /n20.a
брест-литовський /adj
брестський /adj
Бретань /n32
Бретон-Вудс /n20.a
бретонець /n22.a.p.<
бретонський /adj
Брешія /n10
Бристоль /n20.a
бристольський /adj
брит /n20.a.p.ke.<
британець /n22.p.a.<
Британія /n10.ko
британка /n10.p2.ko.<
британський /adj
британсько-американський /adj
Бріоні noun:m:nv:np
Брісбен /n20.a
Брно noun:n:nv:np
броварчанин /n20.a.pyn.ke.<
броварчанка /n10.p2.ko.<
Бродвей /n20.a
Бродівщина /n10
Бронкс /n20.a
Брошнів-Осада /n10
Бруклін /n20.a
бруклінський /adj
брунеєць /n22.p.a.<
Бруней /n20
Бруней-Даруссалам noun:m:nv:np
брунейка /n10.p2.ko.<
брунейський /adj
Брюгге noun:n:nv:np
Брюссель /n20.a
брюссельський /adj
Брянськ /n20.a
брянський /adj
бубенський /adj
Буве noun:n:nv:np
Бугульма /n10
Будапешт /n20.a
будапештський /adj
буджацький /adj
Будолюбівка /n10            # колишн.
Буенос-Айрес /n20.a
бужанин /n20.a.pyn.ke.<
Бужин /n20.a                # іст.
Бузеу noun:n:nv:np
Буй /n20.a                  # річка в Росії
Букінгемський /adj
букмол /n20
Буковель /n20.a
буковинець /n22.a.p.<
Букреївський /adj g=m          # хутор
булонський /adj
Бульварно-Кудрявський /adj g=mfn
бундесверівський /adj
Бургас /n20.a
Бургундія /n10
Буркіна-Фасо noun:n:nv:np
Бурса /n10
Бурунді noun:n:nv:np
бурундійський /adj
Бурштинський /adj
бурят /n20.a.p.ke.<
Бурятія /n10
бурятський /adj
Бутан /n20
бутанець /n22.p.a.<
бутанка /n10.p2.ko.<
бутанський /adj
бутирський /adj
Бутон /n20
Бухара /n10
Бухарест /n20.a
бухарестський /adj
бухарець /n22.a.p.<
бухарський /adj
Бухенвальд /n20.a
Бушер /n20.a.ke
Буштина /n10            # зал. ст.
Вавилон /n20 :xp2    # держава
Вавилон /n20.a :xp1    # місто
вавилонський /adj
вавилонянка /n10.p2.ko.<
Вагай /n20.a :xp1    # населений пункт
Вагай /n20 :xp2    # річка
вагри /np2.<
Вадбольське /n2adj1         # колишн.
Вайомінг /n20
Вайра /n10              # громада в Німеччині
валахи /np2.<
Валдай /n20.a
Валдайська /adj g=f
Вале noun:n:nv:np
валенсієць /n22.a.p.<
валенсійка /n10.p2.ko.<
валенсійський /adj
Валенсія /n10.ko
Валка /n10
валлієць /n22.p.a.<
валлійка /n10.p2.ko.<
валлійський /adj
валлон /n20.a.p.ke.<
валлонка /n10.p2.ko.<
валлонський /adj
Ван /n20.a :xp1    # місто в Туреччині
Ван /n20 :xp2    # озеро в Туреччині
Вандея /n10
Ванкувер /n20.a.ke :xp1    # місто в Канаді та США
Ванкувер /n20.ke :xp2    # острів в Тихом океані
Вануату noun:n:nv:np
ваньямвезі noun:n:nv:np
Варадеро noun:n:nv:np
Варвянське /n2adj1          # колишн. (2000)
Варезе noun:n:nv:np
Варена /n10
Вариводки /np2              #> Варивідки
Варна /n10
варненський /adj
Варта /n10
Варшава /n10
варшавський /adj
васуахілі noun:p:nv:ns
Ватерлоо noun:n:nv:np
Ватикан /n20
ватиканець /n22.p.a.<
ватиканка /n10.p2.ko.<
ватиканський /adj
Вашингтон /n20.a :xp2    # місто
Вашингтон /n20 :xp3    # штат
вашингтонець /n22.a.p.<
вашингтонка /n10.p2.ko.<
вашингтонський /adj
Ведмідь-гора /n10
Везер /n20.ke
Везувій /n20
веймарський /adj
великобританець /n22.p.a.<
Великобританія /n10
великобританка /n10.p2.ko.<
великобританський /adj
Великоведмеже /n2adj1           # колишн.
Великопольща /n10
Веллінгтон /n20.a :xp2      # місто
Венесуела /n10
венесуелець /n22.p.a.<
венесуелка /n10.p2.ko.<
венесуельський /adj
Венето noun:f:nv:np
венеціанець /n22.a.p.<
венеціанка /n10.p2.ko.<
венеціанський /adj
венеційський /adj
Венеція /n10
вепси /np2.<
вепський /adj
Верден /n20.a
Вермонт /n20
Вернон /n20.a
Верона /n10
веронець /n22.a.p.<
веронка /n10.p2.<
веронський /adj
версалець /n22.a.p.<
Версаль /n20.a :xp1     # місто
Версаль /n20 :xp2       # муніципалітет
версальський /adj
Вертеба /n10            # печера
верхньодвінський /adj
верхньокамський /adj
верхньолужицький /adj
верхньонімецький /adj
Верхоянськ /n20.a       # місто в Росії
верхоянський /adj
вестгот /n20.a.p.ke.<
Вест-Індія /n10
вест-індський /adj
Вестмінстер /n20.a.ke
вестмінстерський /adj
вестфал /n20.a.p.ke.<
вестфальський /adj
Ветлуга /n10            # xv2 # місто/річка
В'єтнам /n20
в'єтнамець /n22.p.a.<
в'єтнамка /n10.p2.ko.<
в'єтнамський /adj
Виборг /n20.a.zi
виборзький /adj
Видубицький /adj
Видубичі /np2
Вилецьке /n2adj1            # колишн.
Виноградівщина /n10
Вирлиця /n10
Високосів /n21.a            # колишн.
Вифлеємський /adj
Вишеградський /adj
Вишкове /n2adj1         # Вишково
Віана /n10
Віареджо noun:n:nv:np
віденський /adj
Відень /n22.a
Відрадний /n2adj1
візантієць /n22.a.p.<
візантійський /adj
Візантія /n10
Вілен /n20.a :xp2    # річка у Франції
віленський /adj
Вільно /n2n             # Вільнюс
вільногірський /adj
Вільнюс /n20.a
вільнюський /adj
Вільянівка /n10         # Ульянівка
Віндзор /n20.a.ke :xp2    # місто (Англія, Канада)
вінничанка /n10.p2.ko.<
Вінниччина /n10
Вінніпег /n20.a.zi :xp1    # місто
Вінніпег /n20.zi :xp2    # озеро
вінчестерський /adj
Віргінія /n10 :xp2    # штат, іст.
віргінський /adj
Вірджинія /n10
вірмен /n20.a.p.ke.<
вірменин /n20.a.pyn.ke.<
Вірменія /n10
вірменка /n10.p2.ko.<
вірменський /adj
Вісбаден /n20.a
Вісконсин /n20
Вісла /n10
Вісмар /n20.a.ke
Вітебськ /n20.a
вітебський /adj
Віфлеєм /n20.a
Віченца /n10
Віші noun:n:nv:np    # місто у Франції, режим
Вкраїна /n10
вкраїнський /adj
Владивосток /n20.a.zi
владивостоцький /adj
Владикавказ /n20.a
Влтава /n10
Внуково noun:m:nv:np
внуковський /adj
Вовкосафонове /n2adj1
Вогулка /n10
Водла /n10    # місто і річка в Росії
Водопарк /n20
водославський /adj
Волга /n10 :xp2    # річка
Волгоград /n20.a
волгоградський /adj
Волгодонськ /n20.a
волгодонський /adj
волжанин /n20.a.pyn.<
Волзький /n2adj1
волзький /adj
Волинь /n32
волинянин /n20.a.pyn.ke.<
Волліс noun:m:nv:np
Волнат-Крік /n20.zi
Воловник /n20.a
Вологда /n10    # xv2
вологодський /adj
Володар /n24.a
Володарськ-Волинський /adj g=mfn        # декомунізовано
володарськ-волинський /adj              # декомунізовано
Володимир /n20.a.ke :xp2    # міста
Володимир-Волинський /adj g=mfn
Володимиро-Либідський /adj g=mfn
володимиро-либідський /adj
Володимиро-Матвіївський /adj g=mfn
володимиро-матвіївський /adj
Володимиро-Павлівський /adj g=mfn
володимиро-павлівський /adj
Володимиро-Ульяновський /adj g=mfn
володимиро-ульяновський /adj
Волос /n20.a    # місто в Греції
волошинський /adj
волошка /n10.p2.ko.< :xp1    # мешканка Волощини
Вольта /n10
Вольфсбург /n20.a.zi.ke
Воркута /n10    # xv2
воркутинський /adj
Воронеж /n20.a
Воронежчина /n10
воронезький /adj
Ворошиловград /n20.a
Ворошиловградський /adj
Ворошиловський /adj
Воскресенськ /n20.a
Вранча /n10
Вроцлав /n20.a
вроцлавський /adj
врубівський /adj
Врублівський /n2adj1
вюртемберзький /adj
Вяземський /n2adj1 :xp2    # місто в Росії
вяземський /adj
Вязьма /n10
в'ятський /adj
Гаага /n10
гаазький /adj
Габала /n10
Габон /n20
габонський /adj
гаваєць /n22.a.p.<
Гаваї /np2
гавайський /adj
Гавана /n10
гаванець /n22.a.p.<
гаванка /n10.p2.ko.<
гаванський /adj
Гаврі noun:n:nv:np
гагауз /n20.a.p.ke.<
Гагаузія /n10
гагаузка /n10.p2.ko.<
Гагра /n10
гагринський /adj
гаельський /adj
Газа /n10
Гаїті noun:n:nv:np
гаїтянин /n20.a.pyn.ke.<
гаїтянка /n10.p2.ko.<
гаїтянський /adj
Гайана /n10
гайанець /n22.p.a.<
гайанка /n10.p2.ko.<
гайанський /adj
Гайдарабад /n20 :xp2    # князівство
Гайдарабад /n20.a :xp1    # місто
Гайд-парк /n20
Гайдук /n20.a :xp2    # місто в Росії
Гай-Мошенка /n10
гал /n20.a.p.ke.<
Гала /n10    # місто в Хорватії
гала /n10 :np:xp2    # мова
гала /n10.p1.< :xp1    # представник або представниця народності
Галаєвець /n22.a        #> Галаївець (2015)
Галапагос /n20
галапагоський /adj
Галац /n20.a
Галвестон /n20.a
Гале noun:m:nv:np
Галицько-Волинський /adj g=mfn
галицько-волинський /adj
галичанин /n20.a.pyn.ke.<
Галичина /n10
Галілея /n10
Галіндез /n20 :xp2    # острів
галісієць /n22.a.p.<
Галісія /n10
Галіфакс /n20.a :xp2    # місто в Канаді
Галіція /n10
Галле noun:n:nv:np    # xv2
Галлія /n10
гамбієць /n22.p.a.<
гамбійка /n10.p2.ko.<
гамбійський /adj
Гамбія /n10
Гамбург /n20.a.zi.ke :xp1    # місто
Гамбург /n20.zi.ke :xp2    # федеральна земля в Німеччині
гамбуржець /n22.a.p.<
гамбурзький /adj
Гамільтон /n20.a :xp2    # місто
Гана /n10
Ганг /n20
ганда /n10
ганець /n22.p.a.<
Ганза /n10
ганка /n10.p2.ko.<
Ганновер /n20.ke :xp2    # кол. королівство; регіон у Німеччині
Ганновер /n20.a.ke :xp1    # місто
ганський /adj
Гара /n10
Гарвард /n20.a :xp2    # місто
Гарвард /n20 :xp3    # університет
гарвардський /adj
Гард /n20
Гарда /n10
Гарлем /n20.a
Гаронна /n10
Гасе noun:m:nv:np
гаспринський /adj
Гатчина /n10
Гаяна /n10                      #> Гайана (Класифікатор країн світу)
гаянка /n10.p2.< :xp1   # мешканка Гаяни
Гвадалахара /n10    # xv2
Гваделупа /n10
гваделупський /adj
гварані noun:f:nv:np
Гватемала /n10
гватемалець /n22.p.a.<
гватемалка /n10.p2.ko.<
гватемальський /adj
Гвіана /n10
гвіанець /n22.p.a.<
гвіанка /n10.p2.ko.<
гвіанський /adj
гвінеєць /n22.p.a.<
гвінейка /n10.p2.ko.<
гвінейський /adj
Гвінея /n10.ko
Гданськ /n20.a
гданський /adj
Гебридські /adj
Гельвеція /n10
Гельм'язів /n23.a
Гельсінкі noun:n:nv:np
Гельсінкський /adj
гельсінський /adj
генуезець /n22.a.p.<
генуезький /adj
Генуя /n10
Гера /n10 :xp2    # місто в Німеччині
Геракліон /n20.a
гереро noun:p:nv:ns
Германія /n10 :rare
германський /adj
Герцаївський /adj
Герцеговина /n10
герцеговинець /n22.p.a.<
герцеговинка /n10.p2.ko.<
герцеговинський /adj
гессенка /n10.p2.ko.< :xp1    # мешканка Гессену
гессенський /adj
Гетеборг /n20.a.zi.ke
гетеборзький /adj
гети /np2.<
Геттінген /n20.a
Гетьманщина /n10
гжельський /adj
Гібралтар /n20.a.ke :xp1    # місто
Гібралтар /n20.ke :xp2    # територія
гібралтарець /n22.p.a.<
гібралтарка /n10.p2.ko.<
гібралтарський /adj
Гімалаї /np2
гімалайський /adj
гінді noun:p:nv:ns
гіндустанець /n22.a.p.<
Глазго noun:n:nv:np
Глазов /n20.a :xp2    # місто в Росії
глазовський /adj
Глина /n10
Глостершир /n20.ke
Глупанин /n20.a         # колишн.
Гобі noun:f:nv:np
Голан /n20
Голанські /adj
Голгофа /n10
голландець /n22.p.a.<
Голландія /n10
голландка /n10.p2.ko.<
голландський /adj
Голлівуд /n20.a
голлівудський /adj
Головецьк /n20.a            #> Головецько (1989)
головчинецький /adj     # Головчинецький Майдан
Голосієве /n2adj1           #> Голосіїв
Голосієво /n2n              #> Голосіїв
Голосіїв /n23.a
гольмівський /adj
Гольфстрім /n20
Гомель /n20.a
гомельський /adj
Гоморра /n10
Гондурас /n20
гондурасець /n22.p.a.<
гондураска /n10.p2.ko.<
гондураський /adj
Гонконг /n20.zi
гонконгівський /adj
гонконгський /adj
Гонолулу noun:n:nv:np
Горі noun:n:nv:np
Городчан /n20.a         # колишн.
горондянський /adj
Горький /n2adj1 :xp2    # місто
Готвальд /n20.a    # кол. назва м. Зміїв
готландський /adj
грабовець /n22.a.p.<
Грайворон /n20.a
Гранада /n10
Гребеняки /np2          # колишн.
грек /n20.a.p.<
грекиня /n10.p1.ko.<
Греково-Зайцеве /n2adj1         # колишн.
греко-латинський /adj
греко-перський /adj
греко-римський /adj
греко-турецький /adj
Гренада /n10
гренадець /n22.p.a.<
Гренадини /np1
гренадінець /n22.p.a.<
Гренадіни /np1
гренадінка /n10.p2.ko.<
гренадінський /adj
гренадка /n10.p2.ko.<
гренадський /adj
гренландець /n22.p.a.<
Гренландія /n10
гренландка /n10.p2.ko.<
гренландський /adj
Гренобль /n20.a
Греція /n10
грецький /adj
гречанка /n10.p2.ko.<
гринвіцький /adj
Гринвіч /n20.a
Грицаїв /n23.a          # колишн
Гровер /n20.a.ke
гродненський /adj
Гродно /n2n
грозненський /adj
Грозний /n2adj1
Гронінген /n20.a
грузин /n20.a.p.ke.<
грузинка /n10.p2.ko.<
грузино-абхазький /adj
грузино-осетинський /adj
грузино-російський /adj
грузинський /adj
грузинсько-осетинський /adj
грузинсько-російський /adj
Грузія /n10
Грюнвальд /n20.a
Грюнвальдський /adj
Грязеве /n2adj1         # колишн.
Гуансі noun:n:nv:np
Гуантанамо noun:f:nv:np
гуарані noun:p:nv:ns
Гудаурі noun:m:nv:np
гуджар /n20.a.p.ke.<
Гуджарат /n20.a :xp1    # місто
Гуджарат /n20 :xp2    # штат
гуджараті noun:f:nv:np
Гудзон /n20.a :xp2    # місто
Гудзон /n20 :xp3    # річка
Гудзонова /adj g=f
Гумбольдт /n20.a :xp2    # річка
гун /n20.a.p.ke.<
гунський /adj
Гуня /n10
гурзуфський /adj
гурієць /n22.a.p.<
гурійка /n10.p2.ko.<
гурійський /adj
Гурія /n10
Гурк /n20
гурмукхі noun:f:nv:np
Гурон /n20
Гусівка /n10            # колишн + в Росії
Гутман /n20.a
Гуттенберг /n20.a.ke
гуцулка /n10.p2.ko.< :xp1
Гуцульщина /n10
Ґале noun:m:nv:np
Ґренландія /n10                 #> Гренландія (Класифікатор країн світу)
Ґуральня /n10
Ґюмрі noun:m:nv:np
ґюмрійський /adj
Давиденки /np2          # колишн + Росії
давньоанглійський /adj
давньобалтійський /adj
давньоверхньонімецький /adj
давньогерманський /adj
давньогрецька /n2adj1
давньогрецький /adj
давньоєврейський /adj
давньоєгипетський /adj
давньоірландський /adj
давньоіталійський /adj
давньонорвезький /adj
давньоперський /adj
давньопровансальський /adj
давньоримський /adj
давньоруський /adj
давньосаксонський /adj
давньосирійський /adj
давньоскандинавський /adj
давньоугорський /adj
давньоукраїнський /adj
давньофранцузький /adj
Давос /n20.a
давоський /adj
Дагестан /n20
дагестанка /n10.p2.ko.<
дагестанський /adj
дагомеєць /n22.a.p.<
дагомейка /n10.p2.ko.<
дагомейський /adj
Дадлі noun:n:nv:np
Дакар /n20.a.ke
Дакка /n10
Дакота /n10
Даллас /n20.a
Далмація /n10
Дамаск /n20.a
дамаський /adj
данаєць /n22.a.p.<
данець /n22.p.a.<
Данія /n10
данка /n10.p2.ko.<
данський /adj
дансько-ісландський /adj
дансько-шведський /adj
Данциг /n20.a
даоський /adj
Дара noun:n:nv:np
Дарабанський /adj g=m       # Дарабанський мис
даргинець /n22.a.p.<
даргинка /n10.p2.ko.<
даргинський /adj
Дарданелли /np2 /np1
дарданелльський /adj
Дармштадт /n20.a
Даруссалам /n20
даруссаламський /adj
Дарфур /n20.ke
Дар'яльська /adj g=f
Даугава /n10
Дахау noun:m:nv:np
Двіна /n10
Дебрецен /n20.a
Девенпорт /n20.a
Девон /n20
Дезерет /n20
Дезирад noun:m:nv:np
дезирадець /n22.p.a.<
дезирадка /n10.p2.ko.<
Дейнеки /np2                # колишн.
Декан /n20
делавар /n20.a.p.ke
делаварський /adj
Делавер /n20.ke
Делета /n10         # колишн
Делі noun:n:nv:np
делійський /adj
Деміївський /adj
Демре noun:n:nv:np
Денвер /n20.a.ke
Дербі noun:n:nv:np
деревлянин /n20.a.pyn.ke.<
Дерибасівська /n2adj1
деснянсько-старогутський /adj
Дессау noun:n:nv:np
Десятинна /n2adj1           # Десятинна вулиця
Детройт /n20.a
детройтський /adj
Джакарта /n10
джамахірієць /n22.p.a.<
джамахірійка /n10.p2.ko.<
джамахірійський /adj
Джамахірія /n10
Джварі noun:m:nv:np
Джезказган /n20.a
Джеймстаун /n20.a
Джейхан /n20.a
Джексон /n20.a :xp2    # місто в США
Джелалабад /n20.a
Джерсі noun:n:nv:np
Джибуті noun:n:nv:np
джибутський /adj
Джомолунгма /n10
джорджійський /adj
Джорджія /n10
Джорджтаун /n20.a    # xv3
Джорджтаунський /adj
Джост /n20
джостський /adj
Джурджулешти /np1
Дикове /n2adj1          # колишн.
Димбовіца /n10
димерський /adj
Дическулове /n2adj1
Діжон /n20.a
діснейленд /n20.p
Дмитров /n20.a
дніпровець /n22.a.p.<
дніпровий /adj
Дніпровсько-Орільський /adj     # заповідник
Дніпровщина /n10
Дніпродзержинськ /n20.a         #> Кам'янське
дніпродзержинський /adj         #> кам'янський
Дніпропетровщина /n10           #> Дніпровщина
дністровий /adj
Дністровськ /n20.a
Довгий /n2adj1
Домініка /n10 :xp2    # країна
домініканець /n22.p.a.<
домініканка /n10.p2.ko.<
домініканський /adj
Домодєдово noun:m:nv:np
Домотканів /n21.a
Дон /n20
донбасівець /n22.a.p.<
донбасівський /adj
донбаський /adj
Донеччина /n10
Донузлав /n20.a
дончак /n20.a.p.<
Донья /n10
Дордонь /n20.a
доричний /adj
дорієць /n22.a.p.<
Доробратове /n2adj1             #> Доробратово
дорогожицький /adj
Дорогожичі /np2
Дорогуськ /n20.a
Дортмунд /n20.a
дортмундський /adj
Доха /n10
дравідійський /adj
Драга /n10
Драгобрат /n20
Драгове /n2adj1         #> Драгово
Драма /n10
древлянин /n20.a.pyn.ke.<
древлянський /adj
Дрезден /n20.a
дрезденський /adj
Дрен /n20.a
дрогобичанин /n20.a.pyn.ke.<
дрогобичець /n22.a.p.<
Дуала /n10
дуала /<
Дубаї noun:n:nv:np
дубайський /adj
Дублін /n20.a
дублінський /adj
Дубна /n10
дубненський /adj
Дубосєково noun:n:nv:np
Дувр /n20.a.ke
Дудинка /n10
дудинський /adj
Дуе noun:n:nv:np
Дукля /n10
Дум-Дум /n20.a
дунайський /adj
дунганка /n10.p2.ko.<
дунганський /adj
Дуплинки /np2
Дурбан /n20.a
дурбанський /adj
Душанбе noun:n:nv:np
Дюнкерк /n20.a
Дюссельдорф /n20.a
еве noun:m:nv:np
евенк /n20.a.p.<
Еверест /n20
Евертон /n20.a
егейський /adj
Единбург /n20.a.zi.ke
единбуржець /n22.a.p.<
единбурзький /adj
Едмонтон /n20.a
Ейр /n20.ke :xp2                   # півострів; озеро в Північній Америці
Ейре noun:f:nv:np
Еквадор /n20.ke
еквадорець /n22.p.a.<
еквадорка /n10.p2.ko.<
еквадорський /adj
екс-львів'янин /n20.a.pyn.ke.<
екс-СРСР noun:m:nv:np
еламський /adj
Еліста /n10
Еллада /n10
Ельба /n10
Ельбрус /n20
Ельзас /n20
ельзасець /n22.a.p.<
ельзаска /n10.p2.ko.<
ельзас-лотаринзький /adj
ельзаський /adj
Ель-Пасо noun:n:nv:np
Ель-Сальвадор /n20.a.ke
Ельсінор /n20.a.ke
еміратець /n22.p.a.<
Емірати /np2
еміратка /n10.p2.ko.<
еміратський /adj
Енгельс /n20.a :xp2    # місто
енець /n22.a.p.<
енецький /adj
еолієць /n22.a.p.<
еолійка /n10.p2.ko.<
еолійський /adj
Ерзерум /n20.a
ерзя /n10.p2
ерзянка /n10.p2.ko.<
ерзянський /adj
еритреєць /n22.p.a.<
еритрейка /n10.p2.ko.<
еритрейський /adj
Еритрея /n10
Ер-Ріяд /n20.a
Ерфурт /n20.a
ескімоска /n10.p2.ko.<
Ессекс /n20
ест /n20.a.p.ke.<
естонець /n22.p.a.<
Естонія /n10
естонка /n10.p2.ko.<
естонський /adj
Етна /n10
Ефат /n20
ефатський /adj
ефіоп /n20.a.p.ke.<
Ефіопія /n10
ефіопка /n10.p2.ko.<
ефіопський /adj
Євлах /n20.a :xp2    # місто
євпаторієць /n22.a.p.<
євпаторійський /adj
євразієць /n22.p.a.<
євразійка /n10.p2.ko.<
євразійський /adj
Євразія /n10
євроазійський /adj
Європа /n10.p1
європеєць /n22.p.a.<
європейка /n10.p2.ko.<
європейський /adj
Євросоюз /n20
Євфрат /n20
Єгипет /n22
єгипетський /adj
єгиптянин /n20.a.pyn.ke.<
єгиптянка /n10.p2.ko.<
єдикуйський /adj
Єкатеринбург /n20.a.zi.ke
єлабузький /adj
Єлець /n22.a
єлецький /adj
Єлисаветград /n20.a
єлісейський /adj
Єлловстоун /n20.a
єловицький /adj
Єльня /n10    # xv2
Єльський /adj
Ємен /n20
єменець /n22.p.a.<
єменка /n10.p2.ko.<
єменський /adj
Єна /n10
Єнісей /n20
єнісейський /adj
Єреван /n20.a
єреванський /adj
Єрусалим /n20.a
єрусалимський /adj
Єрчиха /n10             # колишн
Єсентуки /np2
єсентуцький /adj
Єфремов /n20.a :xp2    # місто в Росії
Жага /n10
Жанаозен /n20.a
Жданки /np2
Женева /n10
женевський /adj
Жешув /n20.a
жигулівський /adj
Жидачівщина /n10
Жиліна /n10
Жилянська /adj g=f
Жирона /n10
Житомирщина /n10
Жобоч /n20.a
Жовківщина /n10
Жолудівка /n10          # колишн.
Жуковський /n2adj1 :xp2    # місто в Росії
Жульєна /n10
Жуляни /np1
жулянський /adj
Жур /n20.a.ke
Журба /n10          # колишн.
заальпійський /adj
забайкалець /n22.a.p.<
Забайкалля /n2n
забайкальський /adj
забалканський /adj
Забаштанне /n2adj1      # приєднане до села Крамарівка
забаштанський /adj
Забодаква /n10    # колишн.
Заводище /n2n    # колишн.
Заводський /n2adj1          # р-н
загальнопалестинський /adj
загальнопольський /adj
загальнорумунський /adj
загальносербський /adj
загальнословенський /adj
загальнофранцузький /adj
загальночеченський /adj
загальношвейцарський /adj
загальноштатівський /adj
загальноюгославський /adj
Заглиб'я /n2n
Загорськ /n20.a
Загреб /n20.a
загребець /n22.a.p.<
загребський /adj
задеснянський /adj
задніпровський /adj
задніпрянський /adj
задунаєць /n22.a.p.<
Заїр /n20.ke
заїрський /adj
Закавказзя /n2n
закарпатець /n22.a.p.<
закарпатський /adj
Закарпаття /n2n
Закерзоння /n2n
Закроївщина /n10          #> Закроівщина
закроївщинський /adj      #> закроівщинський
Закроїха /n10         # колишн
Заксенгаузен /n20.a
Зальцбург /n20.zi.ke :xp2 # князівство
Зальцбург /n20.a.zi.ke :xp1 # місто
зальцбурзький /adj
Замбезі noun:f:nv:np
замбієць /n22.p.a.<
замбійка /n10.p2.ko.<
замбійський /adj
Замбія /n10
Замковецька /n2adj1       # вул.
Замниуси /np2           # колишн.
замоскворецький /adj
Замошня /n10            # колишн.
занде noun:m:nv:anim|noun:f:nv:anim
Занзібар /n20.a.ke :xp1 # місто
Занзібар /n20.ke :xp2 # острів; регіон
заньківчанин /n20.a.pyn.ke.<
заньківчанський /adj
Западенька /n10         # іст.
Западинка /n10        # історична місцевість
Заполярний /n2adj1
Заполяр'я /n2n
запоріжець /n22.a.p.<
запорожець /n22.a.p :xp2    # машина
запорожець /n22.a.p.< :xp1   # козак
запорозький /adj
Зарайськ /n20.a
Заруднівка /n10       # колишн.
Захід /n21      # країни Західної Європи й Америки
західноавстралійський /adj
західноамериканський /adj
західноафриканський /adj
західнобалканський /adj
західнонімецький /adj
західносибірський /adj
західноукраїнський /adj
Звягель /n20.a          # Новоград-Волинський
Зв'ягольське /n2adj1        # колишн.
зеландець /n22.p.a.<
Зеландія /n10               # xv2
зеландка /n10.p2.ko.<
зеландський /adj
Зеленоград /n20.a
Зея /n10        # xv2 річка; місто
Зима /n10
Зімбабве noun:n:nv:np
зімбабвієць /n22.p.a.<
зімбабвійка /n10.p2.ko.<
зімбабвійський /adj
Зінов'єв /n20.a :xp2    # місто
Златоуст /n20.a
Злинський /n2adj1
Зміїний /n2adj1
Знесіння /n2n
Зняцеве /n2adj1           # Зняцьово
Золотоворітський /adj
золочівець /n22.a.p.<
Золочівщина /n10
Зугдіді noun:n:nv:np
зулу noun:f:nv:np|noun:m:nv:anim|noun:f:nv:anim
зулуський /adj
іберієць /n22.a.p.<
іберійсько-кавказький /adj
Іваново noun:n:nv:np
Івахненки /np2          # колишн. (2001)
Івачкове /n2adj1        #> Івачків (2008)
івуарієць /n22.a.p.<
ігбо noun:f:nv:np|noun:m:nv:anim|noun:f:nv:anim
Іжевськ /n20.a
іжевський /adj
Іжицьке /n2adj1         # іст.
Ізар /n20.ke
Ізер /n20.ke
Ізраїль /n20 :xp2           # держава
ізраїльський /adj
ізраїльсько-іранський /adj
ізраїльсько-палестинський /adj
ізраїльтянин /n20.a.pyn.ke.<
ізраїльтянка /n10.p2.ko.<
Ілі noun:f:nv:np:xp1            # річка в Центральній Азії
Ілі noun:n:nv:np:xp2            # селище в Казахстані
Іллінойс /n20                   # xv2: штат; річка
Іллюхівка /n10          # колишн.
Іловниця /n10           # колишн.
Іль-де-Франс /n20
Ільмень /n20
Імеретія /n10
Інгурі noun:f:nv:np
інгуський /adj
Інгушетія /n10
Індигірка /n10
Індіана /n10 :xp2
Індіанаполіс /n20.a
Індіан-Веллс noun:n:nv:np
індієць /n22.p.a.<
індійка /n10.p2.ko.<
індійський /adj
Індія /n10
індо-африканський /adj
індоєвропеєць /n22.a.p.<
індоєвропеїзм /n20
індоєвропеїст /n20.a.p.ke.<
індоєвропеїстика /n10
індоєвропейський /adj
індоіранський /adj
Індокитай /n20
індокитайський /adj
індо-китайський /adj
індонезієць /n22.p.a.<
індонезійка /n10.p2.ko.<
індонезійський /adj
Індонезія /n10
індо-пакистанський /adj
індо-сакський /adj
Індостан /n20
інк /n20.a.p.<
інкський /adj
Інсбрук /n20.a
Інта /n10
інуктитут noun:m:nv:np
Ірак /n20
іракець /n22.p.a.<
іракський /adj
Іран /n20
іранець /n22.a.p.<
іранка /n10.p2.ko.<
іранський /adj
Іркутськ /n20.a
іркутський /adj
ірландець /n22.p.a.<
Ірландія /n10
ірландка /n10.p2.ko.<
ірландський /adj
Іртиш /n20.a
Ісламабад /n20.a
ісландець /n22.p.a.<
Ісландія /n10
ісландка /n10.p2.ko.<
ісландський /adj
іслямтерецький /adj     # р-н
іспанець /n22.p.a.<
Іспанія /n10
іспанка /n10.p2.ko.< :xp1
іспанська /n2adj1
іспанський /adj
Істра /n10
Ісфаган /n20.a
Ісфахан /n20.a
Ітака /n10
італієць /n22.p.a.<
італійка /n10.p2.ko.<
італійська /n2adj1
італійський /adj
Італія /n10
Іч /n20.a
ічкерійський /adj
Ічкерія /n10
ічкінський /adj     # р-н
Ішим /n20.a :xp1        # місто
Ішим /n20 :xp2        # річка
Ія /n10.ko :xp2            # річка
Йоганнесбург /n20.a.zi.ke
Йокогама /n10
Йордан /n20 :xp2            # річка
йорданець /n22.p.a.<
Йорданівка /n10
Йорданія /n10
йорданка /n10.p2.ko.<
йорданський /adj
Йорк /n20.a
Йоркшир /n20.ke
йоркширський /adj
йоруба noun:f:nv:np:xp2
йоруба noun:m:nv:anim:xp1|noun:f:nv:anim:xp1
Йосеміті noun:m:nv:np
Йошкар-Ола /n10
кабардинець /n22.a.p.<
кабардинський /adj
Кабо-Верде noun:f:nv:np
Кабул /n20.a :xp1           # місто
Кабул /n20 :xp2           # річка
кабульський /adj
Кавасакі noun:n:nv:np
Кавказ /n20 :xp2        # регіон
Каган /n20.a :xp2           # місто в Узбекистані
Кагул /n20.a :xp1       # місто
Кагул /n20 :xp2       # річка
кагульський /adj
Каді noun:n:nv:np
Кадіс /n20.a
казанський /adj
Казань /n32
казах /n20.a.p.<
Казахстан /n20
казахстанець /n22.p.a.<
казахстанка /n10.p2.ko.<
казахстанський /adj
казахський /adj
казашка /n10.p2.ko.<
Казбегі noun:n:nv:np:xp2            # населений пункт у Грузії
Казбек /n20
Казерта /n10
Каїр /n20.a.ke
Кайкос /n20
кайкоський /adj
Кайман /n20
кайманець /n22.p.a.<
кайманка /n10.p2.ko.<
каймановий /adj
кайманський /adj
Кала /n10
Каладжі noun:f:nv:np
Калама /n10
Калахарі noun:f:nv:np
Калгарі noun:n:nv:np
Кале noun:n:nv:np
каледонієць /n22.p.a.<
каледонійка /n10.p2.ko.<
Каледонія /n10.ko
каледонський /adj
Калі noun:n:nv:np
Калімантан /n20
калімантанський /adj
Калінін /n20.a :xp2             # місто (стара назва Твері)
Калінінград /n20.a
калінінградський /adj
каліський /adj                  # повіт в Польщі
каліфорнієць /n22.a.p.<
каліфорнійський /adj
Каліфорнія /n10
калмик /n20.a.p.<
Калмикія /n10
калмицький /adj
калмичка /n10.p2.ko.<
Кальвадос /n20
Калькутта /n10
Кальмар /n20.a.ke
кальміуський /adj
Кальня /n10     # іст.
Кальян /n20.a
Кальярі noun:n:nv:np
Кама /n10
камба /n10
Камбоджа /n10
камбоджієць /n22.p.a.<
камбоджійка /n10.p2.ko.<
камбоджійський /adj
Камерун /n20
камерунець /n22.p.a.<
камерунка /n10.p2.ko.<
камерунський /adj
Камо noun:f:nv:np:xp2          # річка
Камо noun:n:nv:np:xp3          # місто
Кампанія /n10
Кампучія /n10
камський /adj
Камчатка /n10
камчатський /adj
Кам'янець /n22.a
кам'янсько-бузький /adj
Кан /n20.a :xp2                 # місто у Франції
Канаверал noun:m:nv:np
Канада /n10
канадець /n22.p.a.<
канадійський /adj           #> канадський
канадка /n10.p2.ko.<
канадський /adj
канадсько-український /adj
Канари /np1
канарський /adj
Канберра /n10
Кандагар /n20.a.ke
кандагарський /adj
кандалакський /adj          # район в Росії
Кандін /n2adj1 :xp2         # місто в Китаї
Канзас /n20               # xv2
Канзас-Сіті noun:n:nv:np
Канкан /n20.a
Канкун /n20.a
Канн /n20.a
Канни /np1
каннський /adj
Кантемири /np2
Кантон /n20.a                   # місто в США та Китаї
канурі noun:f:nv:np:xp2
канурі noun:m:nv:anim:xp1|noun:f:nv:anim:xp1
Капрі noun:m:nv:np
карабаський /adj
Карабах /n20.zi
карабахець /n22.a.p.<
Караганда /n10
карагандинський /adj
Кара-Даг /n20.ke
Карадаг /n20.zi.ke
карадазький /adj
караїбський /adj
караїм /n20.a.p.ke.<
караїмський /adj
Каракал /n20.a
каракалпацький /adj
Каракас /n20.a
каракаський /adj
Каракорум /n20.a :xp1           # місто
Каракорум /n20 :xp2           # гори
Каракуль /n20.a
Каракуми /np2
каракумський /adj
Караман /n20.a :xp2     # місто в Туреччині
карачаєво-балкарський /adj
карачаївець /n22.a.p.<
Карачі noun:n:nv:np
Карденас /n20.a :xp2          # місто на Кубі
Кардіфф /n20.a
карел /n20.a.p.ke.<
Карелія /n10
карелка /n10.p2.ko.<
карельський /adj
Кариби /np2
Карибу noun:n:nv:np
Каринтія /n10
Карія /n10
Карлові /adj
Карлсбад /n20.a
Карлсруе noun:n:nv:np
каролінський /adj
карпатець /n22.a.p.<
Карре noun:m:nv:np
Карстенс /n20 :xp2              # гора
Карський /adj
Картахена /n10
Карфаген /n20.a :xp1            # місто
Карфаген /n20 :xp2              # держава
карфагенський /adj
Касабланка /n10
Каспій /n20
каспійський /adj
Кассель /n20.a
Кастилія /n10
кастильський /adj
каталанський /adj
каталонець /n22.a.p.<
Каталонія /n10
Катандзаро noun:n:nv:np
Катар /n20.ke
катарець /n22.p.a.<
катарка /n10.p2.ko.<
катарський /adj
Катеринослав /n20.a       # іст.
катеринославський /adj
Катеринославщина /n10
катинський /adj
Катинь /n32
Катманду noun:n:nv:np
Катовіце noun:n:nv:np
Каунас /n20.a
каунаський /adj
Кафа /n10
кахетинський /adj
Кахетія /n10
Кацивелі noun:m:nv
качин /n20.a.p.ke.<
Кашмір /n20.ke
кашмірський /adj
кашуб /n20.a.p.ke.<
кашубський /adj
Кванза /n10
Квасове /n2adj1           #> Квасово
Квебек /n20.zi :xp2         # провінція
Квебек /n20.a.zi :xp1         # місто
квебекець /n22.a.p.<
квебекський /adj
Кейптаун /n20.a
кейптаунський /adj
Кельн /n20.a
кельнський /adj
Кембридж /n20.a :xp1        # місто (в Британії та США)
Кембридж /n20 :xp2        # затока
кембриджський /adj
Кембридзький /adj
Кемерово /n2n
кемеровський /adj
Кемп-Девід /n20.a
кемп-девідський /adj
Кенгуру noun:n:nv:np
Кендерешів /n23.a
Кенігсберг /n20.a.zi.ke
кенігсберзький /adj
кенієць /n22.p.a.<
кенійка /n10.p2.ko.<
кенійський /adj
Кенія /n10
Кент /n20.a :xp2                # графство
Кентербері noun:n:nv:np
Кентуккі noun:m:nv:np           # xv2
Кепа /n10               # річка
керченець /n22.a.p.<
Керч-Єнікальський /adj g=mfn
Кета /n10
Кетмень /n20
кечуа noun:p:nv:ns
Києво-Галицький /adj g=mfn
києво-могилянський /adj
Києво-Печерський /adj g=mfn
києво-печерський /adj
Києво-Святошинський /adj g=mfn
Кизил /n20.a                # Місто-столиця Республіки Тива
кизилкумський /adj
кизилординський /adj
Київ-Пасажирський /n2adj1
Київ-Товарний /n2adj1
Київщина /n10
Кинашове /n2adj1          # колишн.
кипчак /n20.a.p.<
киргиз /n20.a.p.ke.<
Киргизія /n10
киргизка /n10.p2.ko.<
Киргизстан /n20
киргизстанець /n22.p.a.<
киргизстанка /n10.p2.ko.<
киргизстанський /adj
киргизький /adj
Кириленки /np2        # колишн.
Кирсівка /n10        # колишн.
Кисловодськ /n20.a
кисловодський /adj
Китаєво /n2adj1            #> Китаїв
китаєць /n22.p.a.<
Китаїв /n23.a
китайський /adj
китайсько-тибетський /adj
китаянка /n10.p2.ko.<
Кишинів /n23.a
кишинівець /n22.a.p.<
кишинівський /adj
кікуйю noun:p:nv:ns
Кілійський /adj
Кіліманджаро noun:f:nv:np
Кілінг /n20
кілінзький /adj
Кіль /n20.a
кімбунду noun:p:nv:ns
кімерієць /n22.a.p.<
Кімнатка /n10             #> Кімната (2009)
Кінгстон /n20.a
Кінешма /n10
Кіншаса /n10
Кіото noun:n:nv:np
кіотський /adj
Кіпр /n20.ke
кіпрський /adj
кіпрянин /n20.a.pyn.ke.<
кіпрянка /n10.p2.ko.<
Кірибаті noun:n:nv:np
кірибатієць /n22.p.a.<
кірибатійка /n10.p2.ko.<
кірибатський /adj
Кіров /n20.a :xp2               # місто
кіровоградець /n22.a.p.<      # декомунізовано
Кіровоградщина /n10           # декомунізовано
Кіто noun:n:nv:np
Клайпеда /n10
Кливини /np1              # іст.
Клим /n20.a :xp3            # нас. пункт
Клівленд /n20.a
клівлендський /adj
кловський /adj
Клондайк /n20
Ключеве /n2adj1           # іст. Ключове
Ключевський /n2adj1 :xp2     # нас. пункт в Росії
Клязьма /n10
Клячанове /n2adj1       # Клячаново
КНДР noun:f:nv:np
Коба /n10
Кобан /n20.a
Кобе noun:n:nv:np
Кобулеті noun:n:nv:np
Ковно /n2n
Ковшилівка /n10       # колишн.
Кодорський /adj     # хребет
Козельськ /n20.a
козельський /adj
Койвісто noun:n:nv:xp2
Коканд /n20.a :xp1          # місто
Коканд /n20 :xp2          # держава
кокні noun:m:nv:anim:xp1|noun:f:nv:anim:xp1
Кокора /n10
Колима /n10
Коломбо noun:n:nv:np
коломенський /adj
Коломна /n10
Колорадо noun:m:nv:np|noun:n:nv:np
колумбієць /n22.p.a.<
колумбійка /n10.p2.ko.<
колумбійський /adj
Колумбія /n10.ko
Колумбус /n20.a
Колхіда /n10
Кольський /adj      # повіт
Команча /n10
комарнівський /adj
Комиш-Зоря /n10
Комі noun:f:nv:np
Комі noun:n:nv:np
комі noun:m:nv:np:anim:xp1|noun:f:nv:np:anim:xp2|noun:f:nv:np
Комо noun:n:nv:np
коморський /adj
Комунарськ /n20.a           # декомунізовано (Алчевськ)
Конго noun:f:nv:np:xp1      # країна
Конго noun:n:nv:np:xp2      # річка
конголезець /n22.p.a.<
конголезка /n10.p2.ko.<
конголезький /adj
Коннектикут /n20                # xv2
конотопець /n22.a.p.<
Консепсьйон /n20.a
Константинополь /n20.a
константинопольський /adj
Констанц /n20.a
Констанца /n10
Конча-Заспа /n10
копайський /adj             # бальзам?
Копакабана /n10
Копашневе /n2adj1           # перейм.
Копенгаген /n20.a
копенгагенський /adj
Копер /n20.a.ke
Копиль /n20.a
копильський /adj
копт /n20.a.p.ke.<
коптський /adj
Кордова /n10                    # xv2
кореєць /n22.p.a.<
корейський /adj
Корея /n10.p1
кореянка /n10.p2.ko.<
коринфський /adj
Коро noun:n:nv:np:xp2           # місто у Венесуелі
Корольов /n20.a :xp2            # місто в Росії
Коротьківка /n10            # колишн.
Коррез /n20.a
Корсаков /n20.a :xp2            # місто в Росії
Корсика /n10
корсиканець /n22.a.p.<
корсиканський /adj
Корчмин /n20.a
коряк /n20.a.p.ke.< :xp1           # представник народу
косовар /n20.a.p.ke.<
Косово /n2n
косовський /adj
костанайський /adj
Коста-Рика /n10
коста-риканський /adj
костаріканець /n22.a.p.<
костаріканка /n10.p2.ko.<
Кострома /n10
костромський /adj
Кот-д'Армор /n20.ke
Кот-д'Івуар /n20.ke
Коті noun:n:nv:np:xp2      # місто в Японії
Котлас /n20.a
Кохінхіна /n10
Краків /n21.a
Краківець /n22.a    # пропускний пункт на кордоні з Польщею
краківець /n22.a.p.<
краківський /adj
Краснодар /n20.a.ke
краснодарський /adj
Красноярськ /n20.a
Красулине /n2adj1         # колишн.
Крезо noun:n:nv:np:xp2          # місто у Франції
Кременецько-Почаївський /adj g=mfn      # заповідник
кременчужанин /n20.a.pyn.ke.<
креол /n20.a.p.ke.<
креолка /n10.p2.ko.<
креольський /adj
Кривда /n10
кривич /n20.a.p.<
криворіжець /n22.a.p.<
Крилов /n20.a :xp2    # стара назва м. Світловодськ
кримець /n22.a.p.<
Кримськ /n20.a
кримськотатарський /adj
кримчанка /n10.p2.ko.<
кримчацький /adj
Крит /n20
критський /adj
Кронштадт /n20.a
кронштадтський /adj
кропивничанин /n20.a.pyn.<
кропивничанка /n10.p2.<
Кроулі noun:m:nv:np
Кру noun:n:nv:np
Круазет noun:f:nv:np
Круглолугівка /n10              # колишн.
Круглоуніверситетська /n2adj1
Куала-Лумпур noun:n:nv:np
Куба /n10
кубинець /n22.p.a.<
кубинка /n10.p2.ko.<
кубинський /adj
Кувейт /n20
кувейтець /n22.p.a.<
кувейтка /n10.p2.ko.<
кувейтський /adj
Кудріне /n2adj1
Кузбас /n20
кузбасівський /adj
Куйбишев /n20.a
Кука /n10
куканський /adj
Кулеби /np2
кумицький /adj
Кумо-Маницький /adj g=mfn
кумо-маницький /adj
Кунашир /n20.ke
Кундуз /n20
Кунео noun:n:nv:np
Купувате /n2adj1
Кура /n10
курд /n20.a.p.ke.<
Курдистан /n20
курдський /adj
Курили /np2
курильський /adj
курляндець /n22.a.p.<
Курляндія /n10
курляндський /adj
курманський /adj
Курськ /n20.a
Курчатов /n20.a :xp2        # місто в Росії
Кустанай /n20.a
кустанайський /adj
Кустолове-Суходілка /n10    # Кустолово-Суходілка
Кутаїсі noun:n:nv:np
кутаїський /adj
кутянський /adj             # став
Кучук /n20.a :xp2           # озеро в Росії
кушитський /adj
Кушка /n10                #> Серхетабат|Серхетабад
кхароштхи noun:p:nv:ns
Кхмер /n20.ke
кхмер /n20.a.p.ke.<
кхмерський /adj
кхоса noun:p:nv:ns
Кюрасао noun:m:nv:np
Кюсю noun:m:nv:np
Лаба /n10 :xp2      # річка
Лабаз /n20.a
Лабрадор /n20.ke
Лаваль /n20.a :xp2          # місто у Франції
Ладижичі /np2           # колишн.
ладозький /adj
лаз /n20.a.p.< :xp1             # представник народу
Ла-Корунья /n10
Ла-Манш /n20
Лампедуза /n10
Ланжерон /n20 :xp2              # місцевість
Ланкастер /n20.a.ke :xp2           # місто
ланкастерський /adj
Лаос /n20
лаосець /n22.p.a.<
лаоска /n10.p2.ko.<
лаоський /adj
Лапландія /n10
лапландський /adj
Ла-Плата /n10
Лара /n10 :xp2      # штат
Ла-Ріоха /n10
Лас-Вегас /n20.a
Лас-Веґас /n20.a
Лас-Пальмас /n20.a
Латанці /np2
латвієць /n22.p.a.<
латвійка /n10.p2.ko.<
латвійський /adj
Латвія /n10
латгал /n20.a.p.ke.<
латгальський /adj
Латина /n10
латиський /adj
латиш /n20.a.p.<
латишка /n10.p2.ko.<
Лахті noun:n:nv:np
Леб'язька /n2adj1
Левада-центр /n20.a.ke
Леверкузен /n20.a
леверкузенець /n22.a.p.<
леверкузенський /adj
Левшинове /n2adj1         # колишн.
лезгин /n20.a.p.ke.<
лезгинка /n10.p2.ko.< :xp1          # представниця народності
лезгинський /adj
Лейден /n20.a
лейденський /adj
Лейк-Плесід /n20.a :xp1             # селище
Лейк-Плесід /n20 :xp2             # озеро
Лейпциг /n20.a.zi
лейпцизький /adj
лелеги /np2.<
лемки /np2.<
Лемківщина /n10
лемко /n20.p.<
Лена /n10
Ленінград /n20.a
ленінградець /n22.a.p.<
ленінградський /adj
ленський /adj
Леон /n20.a :xp2        # місто
Леон /n20 :xp3          # регіон
Лермонтов /n20.a :xp2   # місто
Лесбос /n20
Лесото noun:n:nv:np
Либідська /adj g=f
Либідь /n31 :xp2        # річка
Липецьк /n20.a
Литва /n10
Литвинов /n20.a :xp2            # місто в Чехії
литовець /n22.p.a.<
литовка /n10.p2.ko.<
литовська /n2adj1
литовський /adj
литовсько-руський /adj
Лихолобівка /n10        # колишн.
Личаків /n21.a
Лишава /n10               # колишн.
ліберієць /n22.p.a.<
ліберійка /n10.p2.ko.<
ліберійський /adj
Ліберія /n10
Ліван /n20
ліванець /n22.p.a.<
ліванка /n10.p2.ko.<
ліванський /adj
лівансько-ізраїльський /adj
ліверпулець /n22.a.p.<
Ліверпуль /n20.a
ліверпульський /adj
лівієць /n22.p.a.<
лівійка /n10.p2.ko.<
лівійський /adj
лівійсько-єгипетський /adj
Лівінгстон /n20.a :xp2          # місто
Лівія /n10
Лівонія /n10
лівонський /adj
Ліворно noun:n:nv:np
Лідія /n10 :xp2                 # іст. держава
Лідо noun:p:nv:ns
Лідс /n20.a
лієпайський /adj
Лієпая /n10
Ліллегаммер /n20.a.ke
Лілль /n20.a
Ліма /n10
Лімож /n20.a
Лімпопо noun:f:nv:np
лімський /adj
Лімузен /n20
Лінден /n20.a
Лінц /n20.a
Ліон /n20.a
ліонський /adj
Лісабон /n20.a
лісабонський /adj
ліфляндець /n22.a.p.<
Ліфляндія /n10
Ліфляндія /n10
ліфляндський /adj
Ліхтенштейн /n20 :xp2       # країна
ліхтенштейнський /adj
Лоа noun:f:nv:np
Лобань /n32 :xp2            # річка
Логи /np2                 # колишн.
лодзинський /adj
Лодзь /n32
Лозанна /n10
лозаннський /adj
Лозер /n20.ke
Лозина /n10           # перейм.
Локарно noun:n:nv:np
Локотьків /n21.a        # колишн.
Ломбардія /n10
Ломоносов /n20.a :xp2           # місто
Лондон /n20.a :xp2              # місто
лондонець /n22.a.p.<
лондонський /adj
Лорка /n10 :xp2             # місто
Лос-Аламос /n20.a
Лос-Анджелес /n20.a
Лотарингія /n10
лотаринзький /adj
Лох-Несс noun:m:nv:np
Лохове /n2adj1            #> Лохово
Луанда /n10
Луара /n10
Луаре noun:f:nv:np
луганець /n22.a.p.<
луганчанин /n20.a.pyn.ke.<
луганчанка /n10.p2.ko.<
Луганщина /n10
лужицький /adj
лужичанин /n20.a.pyn.ke.<
Луїзіана /n10
луїзіанський /adj
Лукачани /np1       #> Лукачівка
Лукнове /n2adj1     #> Лукнове (2014)
Лупачівка /n10      # колишн.
лучанин /n20.a.pyn.ke.<
лучанка /n10.p2.ko.<
Лхаса /n10
Львівсько-Волинський /adj g=mfn
Львівщина /n10
львів'янин /n20.a.pyn.ke.<
Льєж /n20.a
Люблін /n20.a
люблінський /adj
Люблінщина /n10
Любокут /n20.a        # колишн.
Люксембург /n20.zi.ke :xp2
люксембуржець /n22.p.a.<
люксембурзький /adj
Люстдорф /n20.a
Люстдорфська /adj g=f
Люцерн /n20.a
Ляйпциг /n20.a.zi
ляйпцизький /adj
Ляонін /n20.a :xp1          # місто в Китаї
Ляонін /n20 :xp2          # провінція в Китаї
Ляпін /n20.a :xp2           # річка
маврикієць /n22.p.a.<
Маврикій /n20 :xp2              # держава; острів
маврикійка /n10.p2.ko.<
маврикійський /adj
мавританець /n22.p.a.<
Мавританія /n10
мавританка /n10.p2.ko.<
мавританський /adj
Магадан /n20.a
магаданський /adj
Магарач /n20.a          #> Відрадне
Магдалена /n10 :xp2         # річка в Колумбії
Магдебург /n20.a.zi.ke
магдебурзький /adj
магелланів /adj
Магнітогорськ /n20.a
Мадагаскар /n20.ke
мадагаскарський /adj
Мадейра /n10                # xv2
Мадрас /n20.a
Мадрид /n20.a
мадридець /n22.a.p.<
мадридський /adj
мадурський /adj
мадяр /n20.a.p.ke.<
мадярка /n10.p2.ko.<
мадярська /n2adj1
мадярський /adj
Маєн /n20
маєнський /adj
Мазатлан /n20.a
Мазинки /np2          #> Мазінки (2013)
мазовецький /adj
Мазовія /n10
мазур /n20.a.p.ke.<
мазурка /n10.p2.ko.< :xp1   # людина
Майданек /n20.a
Майкоп /n20.a
Майн /n20                   # xv2
Майнц /n20.a
Майотта /n10
майоттський /adj
майя noun:f:nv:np:xp2   # мова
майя noun:m:nv:anim:xp1|noun:f:nv:anim:xp1
майянський /adj
Макао noun:n:nv:np
Макаров /n20.a :xp2     # місто в Росії
макасарський /adj
македонець /n22.p.a.<
Македонія /n10
македонка /n10.p2.ko.<
Малаві noun:n:nv:np
малавієць /n22.p.a.<
малавійка /n10.p1.ko.<
малавський /adj
Малага /n10
малагасійський /adj
малаєць /n22.p.a.<
малайзієць /n22.p.a.<
малайзійка /n10.p2.ko.<
малайзійський /adj
малайзіський /adj
Малайзія /n10
малайка /n10.p2.ko.<
малайський /adj
малаялам noun:f:nv:np
Маленівка /n10          # колишн.
Малинка /n10          # колишн.
Малинщина /n10          # колишн.
Малі noun:n:nv:np
Малібу noun:n:nv:np
малієць /n22.p.a.<
малійка /n10.p2.ko.<
малійський /adj
Малопольща /n10
Малоросія /n10
Малосербулівка /n10          # колишн.
мальвінський /adj
мальдівець /n22.p.a.<
Мальдіви /np2
мальдівський /adj
Мальме noun:n:nv:np
Мальорка /n10
Мальта /n10
мальтієць /n22.p.a.<
мальтійка /n10.p2.ko.<
мальтійський /adj
Мамаїв /adj
Манагуа noun:n:nv:np
Мангеттен /n20.a
Мангишлак /n20.a :xp1           # нас. пункт
Мангишлак /n20 :xp2           # острів
Мангуп /n20.a
Мангуп-Кале noun:n:nv:np
мандинго noun:m:nv:anim:xp1|noun:f:nv:anim:xp1|noun:f:nv:np:xp2
Маніла /n10
манільський /adj
маніпурі noun:p:nv:ns
Манітоба /n10
Мансі noun:n:nv:np
мансі noun:p:nv:ns
мансієць /n22.a.p.<
мансійка /n10.p2.ko.<
Мантуя /n10
Манхеттен /n20.a
манхеттенський /adj
Манчестер /n20.a.ke
манчестерський /adj
маньчжур /n20.a.p.ke.<
Маньчжурія /n10             # xv2
маньчжурський /adj
маорі noun:m:nv:anim:xp1|noun:f:nv:anim:xp1|noun:f:nv:np:xp2
Мапуту noun:n:nv:np
Маракайбо noun:n:nv:np
Мараморош noun:f:nv:np
маратхі noun:f:nv:np:xp2|noun:m:nv:anim:xp1|noun:f:nv:anim:xp1
Марафон /n20.a
Марбург /n20.a.ke
Маргарита /n10 :xp2         # острів
Маріанський /adj
Марі-Галант /n20
Маріїнськ /n20.a
маріїнський /adj
маріуполець /n22.a.p.<
маріупольський /adj
Маркізькі /adj
Мармарис /n20.a
марокканець /n22.p.a.<
марокканка /n10.p2.ko.<
марокканський /adj
Марокко noun:n:nv:np
Марочкине /n2adj1         # колишн.
Марсала /n10
марселець /n22.a.p.<
Марсель /n20.a
марсельський /adj
Мартиніка /n10
мартиніканець /n22.p.a.<
мартиніканка /n10.p2.ko.<
мартиніканський /adj
Мартін /n20.a :xp4              # місто в Словаччині
маршалловий /adj
масандрівський /adj
маскаренський /adj
Маскат /n20.a :xp1          # столиця Оману
Маскат /n20 :xp2            # султанат
Массачусетс /n20
массачусетський /adj
Махачкала /n10
Маямі noun:n:nv:np
Меганом /n20
мегрел /n20.a.p.ke.<
Мединщина /n10
Медіна /n10
Мейн /n20
Мекка /n10
Мекленбург /n20.zi.ke
Меконг /n20.zi
Мексика /n10
мексиканець /n22.p.a.<
мексиканка /n10.p2.ko.<
мексиканський /adj
Мельбурн /n20.a
мельбурнський /adj
Мельник /n20.a :xp2         # місто в Чехії
Мемфіс /n20.a           # xv2
Мен /n20                # xv2
Мендель /n20 :xp2       # xv2
Мендоса /n10 :xp2       # xv2
Меріленд /n20
Мерседес /n20.a :xp2         # місто в Аргентині
Мерс-ель-Кебір /n20.a.ke
меря /n10.piv.ko.< :+m:xp1      # представник або представниця народності
меря /n10 :xp2                 # народність
месопотамець /n22.a.p.<
Месопотамія /n10
месопотамський /adj
Мессіні noun:n:nv:np|noun:m:nv:np
Метохія /n10
Мехіко noun:n:nv:np
миколаївець /n22.a.p.<
Миколаївщина /n10
Микольське /n2adj1    # іст.
Мирівське /n2adj1     # історична місцевість
Михайлов /n20.a :xp2   # місто в Росії
Мідія /n10
Мідленд /n20.a :xp1         # місто в США
Мідленд /n20 :xp2         # регіон в Англії
мідянка /n10.p2.ko.< :xp1   # мешканка Мідії
міжвіконний /adj
Мікелон /n20
мікелонець /n22.p.a.<
мікелонка /n10.p2.ko.<
мікелонський /adj
Мікени /np1
мікронезієць /n22.p.a.<
мікронезійка /n10.p2.ko.<
мікронезіський /adj
Мікронезія /n10
Мілан /n20.a :xp2           # місто
міланець /n22.a.p.<
міланський /adj
Мілуокі noun:n:nv:np
Мінангкабау noun:n:nv:np
міні-Давос /n20.a
Міннеаполіс /n20.a
Міннесота /n10
Мінськ /n20.a
мінський /adj
Мінусінськ /n20.a
Міссісіпі noun:m:nv:np:xp1          # штат
Міссісіпі noun:f:nv:np:xp2          # річка
Міссурі noun:m:nv:np:xp1            # штат
Міссурі noun:f:nv:np:xp2            # річка
Місхор /n20.ke
місхорський /adj
місько-сільський /adj
Мітровіца /n10
Мітте noun:m:nv:np
Мічиган /n20
мічиганський /adj
Мічурін /n20.a :xp2             # кол. назва міста Царево в Болгарії
Мічурінськ /n20.a
Могилів-Подільський /adj g=mfn
Могильчине /n2adj1
Могучий /n2adj1
Модена /n10
Модесто noun:n:nv:np
Можайськ /n20.a
можайський /adj
Мозамбік /n20.a :xp1        # місто
Мозамбік /n20 :xp2          # країна
мозамбікець /n22.p.a.<
мозамбікський /adj
мозамбікця /n10.p1.ko.<
Мозель /n20                 # xv2
Мокша /n10
мокша /n10
молдаванський /adj
Молдавія /n10
молдавський /adj
Молдова /n10
молдованин /n20.a.pyn.ke.<
молдованка /n10.p2.ko.<
Монако noun:n:nv:np
монакський /adj
Монастир /n24.a :xp1        # нас. пункт в Україні
Монастир /n20.a.ke :xp2        # місто в Тунісі
Монблан /n20
монго noun:n:nv:np
монгол /n20.a.p.ke.<
Монголія /n10
монголка /n10.p2.ko.<
монголознавець /n22.a.p.<
монголоїдний /adj
монголо-татарський /adj
монгольський /adj
Монмартр /n20.a.ke
Монпарнас /n20
Монпельє noun:n:nv:np
Монреаль /n20.a
монреальський /adj
Монро noun:n:nv:np:xp2         # місто в США
Монровія /n10
Монтана /n10                   # xv2
Монтевідео noun:n:nv:np
Монте-Карло noun:n:nv:np
Монтенегро noun:n:nv:np
Монтерей /n20.a
Монтре noun:n:nv:np
Монтрезор /n20.ke
Монтсеррат /n20 :xp2           # острів
Монтсеррат /n20
моравець /n22.a.p.<
Моравія /n10
моравський /adj
Морбіан /n20.a
Мордовія /n10
мордовський /adj
Морія /n10
моршинський /adj
Московія /n10
Мочалине /n2adj1          #> Молчалине
Мткварі noun:f:nv:np
мукачівець /n22.a.p.<
Мукачівщина /n10
Мумбай /n20.a
мунда noun:f:nv:np:xp2
мунда noun:m:nv:anim:xp1|noun:f:nv:anim:xp1
Мур /n20.ke
Муравський /adj    # муравський шлях
Мурманськ /n20.a
мурманський /adj
Муром /n20.a :xp1           # місто в Росії
мурома /n10 :xp2                    # народність
мурома /n10.p1.ko.< :+m:xp1         # представник народності
мурсі noun:p:nv:ns
Мурсія /n10
Мусієнки /np2       # колишн.
Мцхета /n10
Мюнстер /n20.a.ke
Мюнхен /n20.a
мюнхенець /n22.a.p.<
мюнхенський /adj
М'янма /n10
м'янмський /adj
Набережно-Хрещатицька /adj g=f
Наблус /n20.a
Нава /n10
Наварра /n10
навахо noun:p:nv:ns
Нагано noun:n:nv:np     # xv2
Нагасакі noun:n:nv:np     # xv2
наддніпрянський /adj
Наддніпрянщина /n10
наддунайський /adj
Надим /n20.a :xp1
Надим /n20 :xp2
Надсяння /n2n
Назарет /n20.a
Назим /n20 :xp2     # річка в Росії
Назрань /n32
Найробі noun:n:nv:np
найробійський /adj
Нальчик /n20.a
Наманган /n20.a
намібієць /n22.p.a.<
намібійка /n10.p2.ko.<
намібійський /adj
Намібія /n10
Намюр /n20.a.ke
Нанкін /n20.a
Нансі noun:n:nv:np
Нант /n20.a
Наполі noun:n:nv:np
Нара /n10
Нарва /n10
Нари /np1
Нарин /n20.a :xp1
Нарин /n20 :xp2
Нарнія /n10
Нароч /n20.a :xp1
Нароч /n20 :xp2
Наруто noun:n:nv:np
Насау noun:n:nv:np
Наска /n10
Настопіль /n21.a      # колишн.
Науру noun:n:nv:np
науруанець /n22.a.p.<
Нафталан /n20.a
ндонга noun:p:nv:ns
НДР noun:f:nv:np
неамериканський /adj
неаполітанець /n22.a.p.<
неаполітанка /n10.p2.ko.<
неаполітанський /adj
Неаполь /n20.a
неапольський /adj
Небраска /n10
Нева /n10
Невада /n10
невари /np2.<
Невіс /n20
Нево noun:f:nv:np
некатолицький /adj
Неліпине /n2adj1
немишлянський /adj
Непал /n20
непалець /n22.p.a.<
непалка /n10.p2.ko.<
непальський /adj
неросійський /adj
Нерюнгрі noun:n:nv:np
несвізький /adj
Нетяжине /n2adj1          #> Нетяжино (2009)
нижньогородський /adj
нижньодніпровський /adj
нижньодністровський /adj
нижньодуванський /adj
нижньолужицький /adj
нижньонімецький /adj
нижньосаксонський /adj
Ніагара /n10
ніагарський /adj
Нігер /n20.ke          # xv2
нігерець /n22.p.a.<
нігерієць /n22.p.a.<
нігерійка /n10.p2.ko.<
нігерійський /adj
Нігерія /n10
нігерка /n10.p2.ko.<
нігеро-конголезький /adj
нігерський /adj
нідерландець /n22.p.a.<
Нідерланди /np2
нідерландка /n10.p2.ko.<
нідерландомовний /adj
нідерландський /adj
нідерландсько-американський /adj
нідерландсько-канадський /adj
нідерландсько-український /adj
ніжинець /n22.a.p.<
Нікарагуа noun:n:nv:np:xp2 # озеро
Нікарагуа noun:f:nv:np:xp1 # держава
нікарагуанець /n22.p.a.<
нікарагуанка /n10.p2.ko.<
нікарагуанський /adj
Нікель /n20.a
Нікосія /n10
Ніл /n20.a
ніло-сахарський /adj
нільський /adj
Нім /n20.a
Німан /n20
німець /n22.p.a.<
німецька /n2adj1
німецький /adj
німецько-австрійський /adj
німецько-нацистський /adj
німецько-польський /adj
німецько-російський /adj
німецько-український /adj
німецько-французький /adj
Німеччина /n10
німка /n10.p2.ko.<
німкеня /n10.p1.ko.<
Нінся-Хуейський /adj g=mfn
Ніор /n20.a.ke
Ніуе noun:n:nv:np
Ніцца /n10
новгородець /n22.a.p.<
новгородський /adj
новобаварський /adj
Новобарове /n2adj1      #> Новобарово (1995)
новоград-волинець /n22.a.p.<
новоград-волинка /n10.p2.<
новодністровський /adj
новозеландець /n22.p.a.<
новозеландка /n10.p2.ko.<
новозеландський /adj
новокаховський /adj
Новоклинці /np2           # колишн.
Новокозачин /n20.a        # іст. (Кіровоград)
новокраматорський /adj
новокриворізький /adj
Новокузнецьк /n20.a
новоогарьовський /adj
Новоросійськ /n20.a
новосербський /adj
Новосибірськ /n20.a
новосибірський /adj
Новотроїцьк /n20.a
Новочеркаськ /n20.a
Новошепеличі /np2     # колишнє
новояворівський /adj
ногаєць /n22.a.p.<
Норвегія /n10
норвежець /n22.p.a.<
норвежка /n10.p2.ko.<
норвезький /adj
Норильськ /n20.a
норильський /adj
норман /n20.a.p.ke.<
нормандець /n22.a.p.<
Нормандія /n10
нормандський /adj
норманський /adj
Норонья /n10
нортумберлендський /adj
Норфолк /n20
норфолкський /adj
Ноттінгем /n20.a
нубієць /n22.a.p.<
Нукус /n20.a
нумідійський /adj
Ньєвр /n20.ke
Нью-Гемпшир /n20.ke
Нью-Делі noun:n:nv:np
Нью-Джерсі noun:n:nv:np
Нью-Йорк /n20.a :xp1    # місто
Нью-Йорк /n20 :xp2    # штат
Нью-Йоркський /adj g=mfn
нью-йоркський /adj
Ньюкасл /n20.a
Нью-Мексико noun:m:nv:np
Ньюпорт /n20.a
Ньюфаундленд /n20
ньюфаундлендський /adj
ньямвезі noun:p:nv:ns
нюношк /n20
Нюрнберг /n20.a.zi.ke
нюрнберзький /adj
ОАЕ noun:p:nv:ns
Об /n32
Обнінськ /n20.a
Обрізанівка /n10        # колишн.
Огайо noun:m:nv:np      # xv2
огамічний /adj
огузи /np2.<
Одер /n20.ke
одеський /adj
Одещина /n10
Одра /n10
Озірщина /n10         #> Озерщина
Океанія /n10
Окінава /n10
Оклахома /n10
Окленд /n20.a
Оксфорд /n20.a :xp1     # місто
Оксфорд /n20 :xp2       # університет
оксфордський /adj
Оксько-Донська /adj g=f
Олбані noun:n:nv:np
олександрієць /n22.a.p.<
Олімп /n20
Олімпія /n10
Оломоуц /n20.a
Ольстер /n20.ke
ольстерський /adj
Ольштин /n20.a
ольштинський /adj
Оман /n20
оманський /adj
Омськ /n20.a
омський /adj
Онега /n10
онезький /adj
Онтаріо noun:f:nv:np
опішнянський /adj
Опук /n20
Оранж /n20
Орегон /n20
орегонський /adj
Оренбург /n20.a.zi.ke
оренбурзький /adj
Оріноко noun:f:nv:np
орія /n10
Орландо noun:n:nv:np
Орлеан /n20.a.ke
орлеанський /adj
Орлі noun:m:nv:np
орловець /n22.a.p.<
Орловка /n10
оромо noun:p:nv:ns
Оросієве /n2adj1          #> Оросієво
Орськ /n20.a
орхонський /adj
Орхус /n20.a
орхуський /adj
Орша /n10
Осака /n10
Освего noun:m:nv:np
Освеґо noun:m:nv:np
Освенцим /n20.a
осетин /n20.a.p.ke.<
осетинський /adj
Осетія /n10.ko
Осичина /n10
Осло noun:n:nv:np
Оснабрюк /n20.a
Останкіно noun:m:nv:np
останкінський /adj
остгот /n20.a.p.ke.<
Остен /n20
Остін /n20.a
Острава /n10
Отарчик /n20.a
Оташів /n23.a           # нежитл.
отомі noun:p:nv:ns
Отрадне /n2adj1
Оттава /n10
О'Хара noun:m:nv:np
Охиньки /np3          #> Охіньки (2009)
Охотськ /n20.a
Павія /n10
Павловськ /n20.a
павлоградець /n22.a.p.<
Павлодар /n20.a.ke
Павшине /n2adj1
Па-де-Кале noun:f:nv:np
Падуя /n10
Пазинаки /np1         #> Пазиняки (1989)
Пакистан /n20
пакистанець /n22.p.a.<
пакистанка /n10.p2.ko.<
пакистанський /adj
Паланга /n10
Палау noun:n:nv:np
Палермо noun:n:nv:np
Палестина /n10
палестинка /n10.p2.<
палестино-ізраїльський /adj
палестинський /adj
палестинсько-ізраїльський /adj
Палм-Біч noun:n:nv:np
Пальма /n10
Памір /n20.ke
пампангани /np2.<
пампанганський /adj
Памплона /n10
Панама /n10
панамець /n22.p.a.<
панамка /n10.p2.ko.< :xp1
панамський /adj
пангасинани /np2.<
пангасинанський /adj
панджабі noun:f:nv:np
панджабський /adj
Панфілов /n20.a :xp2        # місто в Казахстані
Паньківська /adj g=f
Паньо noun:m:nv:np
Папуа noun:f:nv:np
ПАР noun:f:nv:np
парагваєць /n22.p.a.<
Парагвай /n20
парагвайка /n10.p2.ko.<
парагвайський /adj
Париж /n20.a
паризький /adj
Парма /n10
Парнас /n20    # xv2
парнасець /n22.a.p.<
парнаський /adj
Паро noun:m:nv:np           # аеропорт в Бутані
партенітський /adj
Парцеляція /n10
Паршіїв /n23.a          # нежитл
Патагонія /n10
патагонський /adj
Паттайя /n10
Пацканьове /n2adj1      #> Пацканьове (1995)
пеанів /adj_ev
Пекін /n20.a
пекінський /adj
Пелагеївка /n10
пеласги /np2.<
Пенза /n10
Пенсакола /n10
Пенсильванія /n10
Пентагон /n20
Пергам /n20
пергамський /adj
переверзівський /adj        # родовище
Перегінськ /n20.a       # Перегінське
Передеріївка /n10     # колишн.
Передєлкіно noun:n:nv:np
Переїзд /n20      # колишн.
Перекоп /n20 :xp2    # перешийок
перекопський /adj
Перемишль /n20.a
перемишльський /adj
перемишлянин /n20.a.pyn.ke.<
Перемишлянщина /n10
Перемінка /n10      # колишн.
Пересіл /n21        #  об'єкт природно-заповідного фонду 
пересопницький /adj
Переяслав /n20.a
Переяслав-Хмельницький /adj g=mfn
Пер'є noun:m:nv:np
Періге noun:n:nv:np
Перл-Харбор /n20.ke
Перм /n32
пермський /adj
перс /n20.a.p.ke.<
Персія /n10
персіянка /n10.p2.ko.<
Перт /n20.a :xp1            # місто
Перт /n20 :xp2              # графство
Перу noun:n:nv:np
перуанець /n22.p.a.<
перуанка /n10.p2.ko.<
перуанський /adj
Перуджа /n10
Петербург /n20.a.zi.ke
петербуржець /n22.a.p.<
петербурзький /adj
Петики /np2             #> Петихи
Петроград /n20.a
Петрозаводськ /n20.a
петрозаводський /adj
Петропавловськ /n20.a
петропавловський /adj
Петухівка /n10        # колишн.
Петькове /n2adj1
Пехлеві noun:n:nv:np:xp2       # кол. назва міста Ензелі в Ірані
Печерськ /n20.a
Печерський /adj
Печора /n10
печорський /adj
Пешт /n20.a
П'ємонт /n20
Пирогово /n2adj1            #> Пирогів
південноалтайський /adj
південноамериканець /n22.a.p.<
південноамериканський /adj
південноафриканець /n22.a.p.<
південноафриканка /n10.p2.<
Південно-Африканська /adj g=f
південноафриканський /adj
південнобузький /adj
південноєвропейський /adj
південнокореєць /n22.a.p.<
південнокорейський /adj
південнокримський /adj
південноосетинський /adj
південноподільський /adj
південноросійський /adj
південносибірський /adj
Південноукраїнськ /n20.a
південноукраїнський /adj
північноамериканський /adj
північноафриканський /adj
північнодонецький /adj
північноєвропейський /adj
північноіндоєвропейський /adj
північноіранський /adj
північноірландець /n22.a.p.<
північнокавказький /adj
північнокореєць /n22.a.p.<
північнокорейський /adj
північнокримський /adj
північноморський /adj
північноосетинський /adj
північнопонтійський /adj
північноросійський /adj
північнослов'янський /adj
північноукраїнський /adj
Підкарпаття /n2n
Підлозіївка /n10            # Підлозієвка
Підляшшя /n2n
підмосковний /adj
Підмосков'я /n2n
Піза /n10
пізанський /adj
Пікаділлі noun:f:nv:np
Пікардія /n10
Піла /n10
Пінськ /n20.a
піренеєць /n22.a.p.<
Піренеї /np2
піренейський /adj
Пістрялове /n2adj1        #> Пістрялово (1995)
Пітер /n20.a.ke :xp2:coll      # м. Санкт-Петербург
пітерець /n22.a.p.<
пітерський /adj
Піткерн /n20
піткернський /adj
Пітсбург /n20.a.zi.ke
Піхоцьке /n2adj1        # колишн.
Піцунда /n10
Пластун /n20.a :xp2         # місто в Росії
Плімут /n20.a
Пловдив /n20.a
Плошкова /adj g=f    # гора Плошкова
плужнянський /adj           # район УРСР
Плютовище /n2n          # нежитл
Пномпень /n20.a
Побужжя /n2n
Повітне /n2adj1         #> Повітно (1990)
Поволжя /n2n
поволзький /adj
Погар /n20.a.ke :xp2       # нас. пункт в Росії
Погрібняківка /n10
Подніпров'я /n2n
Подністров'я /n2n
Подольськ /n20.a
подольський /adj
подоляк /n20.a.p.ke.<
подолянин /n20.a.pyn.ke.<
по-донецьки adv
по-еллінськи adv
по-європейському adv
Позняки /np2
по-китайськи adv
Покуття /n2n
полінезієць /n22.p.a.<
полінезійка /n10.p2.ko.<
полінезійський /adj
Полінезія /n10
Поліський /adj
поліщук /n20.a.p.ke.<
поліщуцький /adj
Полоцьк /n20.a
полоцький /adj
полтавець /n22.a.p.<
полтавка /n10.p2.ko.<
полтавчанин /n20.a.pyn.ke.<    #> полтавець
полтавчанка /n10.p2.ko.<    #> полтавка
Полтавщина /n10
польська /n2adj1
польський /adj
польсько-литовський /adj
польсько-німецький /adj
польсько-радянський /adj
польсько-російський /adj
польсько-словацький /adj
польсько-татарський /adj
польсько-турецький /adj
польсько-український /adj
польсько-шведський /adj
польсько-шляхетський /adj
Польща /n10
поляк /n20.a.p.ke.<
полячка /n10.p2.ko.<
помаки /np2.<
Померанія /n10
Помилуйківка /n10     # приєдн
Помор'я /n2n
Помпеї /np2
Попельне /n2adj1      # колишн
Попрад /n20.a
Порошкове /n2adj1     #> Порошково (1995)
Порт-Артур /n20.a.ke
Порт-Саїд /n20.a
Порт-Стенлі noun:n:nv:np
Порт-Судан /n20.a
Порту noun:n:nv:np
португалець /n22.p.a.<
Португалія /n10
португалка /n10.p2.ko.<
португаломовний /adj
португальський /adj
Поруб /n20.a
Постав-Мука /n10
Поті noun:n:nv:np
Потсдам /n20.a
потсдамський /adj
Почайнинська /adj g=f       # вулиця
пражанин /n20.a.pyn.ke.<
празький /adj
пракрит /n20.p
пракритський /adj
преторіанський /adj
Преторія /n10
Приазов'я /n2n
прибалт /n20.a.p.ke.<
Прибалтика /n10
прибалтійський /adj
Прибілля /n2n         #> Ятвяги (2015)
привокзальнівський /adj    # від "селище Привокзальне"
приволзький /adj
Придніпров'я /n2n
придністровець /n22.a.p.<
придністровський /adj
придністрянець /n22.a.p.<
придністрянський /adj
Придунав'я /n2n
придунайський /adj
прикарпатець /n22.a.p.<
прикарпатський /adj
Прикарпаття /n2n
прикаспійський /adj
Принсипі noun:n:nv:np
принсипський /adj
Принстонський /adj
Притисько-Микільська /adj g=f
Приуралля /n2n
причорноморський /adj
Причорномор'я /n2n
Приштина /n10
Прованс /n20
провансалець /n22.a.p.<
Протасів /adj     # Протасів Яр
Прусія /n10
Пруссія /n10
Прядки /np2       # колишн
пряшівський /adj
Пряшівщина /n10
Псков /n20.a
псковський /adj
Пуатьє noun:n:nv:np
Пугачов /n20.a :xp2     # місто в Росії
пуерториканець /n22.p.a.<
пуерториканка /n10.p2.ko.<
пуерто-риканський /adj
Пуерто-Рико noun:n:nv:np
пунічний /adj
Пуно noun:n:nv:np
Пусан /n20.a
Пустомитів /n2adj1
Пустомитівщина /n10
пушту noun:f:nv:np
пуштун /n20.a.p.ke.<
пуштунський /adj
Пущино noun:n:nv:np
Пхеньян /n20.a
Пярну noun:n:nv:np
П'ятигорськ /n20.a
П'ятимиколаївка /n10
п'ятницький /adj
П'яченца /n10
Рабат /n20.a
рава-руський /adj
Равенна /n10
Раві noun:f:nv:np
Радехівщина /n10
раджастані noun:f:nv:np
раджастанський /adj
раджастхані noun:f:nv:np
Радомль /n20.a
радянсько-польський /adj
радянсько-японський /adj
Рамалла /n10
Рангун /n20.a
рангунський /adj
Рапалло noun:n:nv:np
рапануєць /n22.a.p.<
Рафайнове /n2adj1     #> Рафайново
Рахівщина /n10
Рахманівка /n10       # колиш
Регбі noun:n:nv:np
Редвуд-Сіті noun:n:nv:np
Рединг /n20.a
Редінг /n20.a
Редмонд /n20.a
Рейк'явік /n20.a
Реймс /n20.a
Рейн /n20
рейнський /adj
Ренді /<m
Ренн /n20.a
Реут /n20 :xp2      # річка в Молдові
Рибінськ /n20.a
Рив'єра /n10
Рига /n10
ризький /adj
Рильськ /n20.a
Рим /n20.a :xp1    # місто
Рим /n20 :xp2    # провінція/цивілізація
римський /adj
римсько-католицький /adj
Ричмонд /n20.a
рівенський /adj
Рівенщина /n10
Рівера /n10 :xp2        # місто в Уругваї
рівненець /n22.a.p.<
рівненчанин /n20.a.pyn.ke.<
Рівненщина /n10
рівнянин /n20.a.pyn.ke.<
рівнянка /n10.p2.<
Ріволі noun:m:nv:np
Рієка /n10
Різа /n10
Ріміні noun:n:nv:np
Ріно noun:n:nv:np
Ріо-Гранде noun:f:nv:np
Ріо-де-Жанейро noun:n:nv:np
Ріо-Негро noun:f:nv:np
Ріоні noun:f:nv:np
Рішельєвська /adj g=f
Рогатинщина /n10
Рогачов /n20.a
Рогнідинська /adj g=f
Род-Айленд /n20
Родезія /n10.ko
Родос /n20
родоський /adj
Роз'їждже /n2adj1     # колиш
Розсоха /n10          # колиш
Розточчя /n2n
Розумакове /n2adj1      # колиш
Рокосове /n2adj1
романський /adj
ромашкинський /adj
Ромоданівка /n10      # колиш
ромський /adj
Рона /n10
російський /adj
російсько-американський /adj
російсько-білоруський /adj
російсько-британський /adj
російсько-грузинський /adj
російсько-китайський /adj
російсько-німецький /adj
російсько-український /adj
російсько-французький /adj
російсько-шведський /adj
російсько-японський /adj
Росія /n10
росіянин /n20.a.pyn.ke.<
росіянка /n10.p2.ko.<
Ростовець /n22.a
ростовець /n22.a.p.<
ростовський /adj
Росток /n20.a
Роттердам /n20.a
роттердамський /adj
Рошаль /n20.a
Роше noun:m:nv:np
РРФСР noun:f:nv:np
РСР noun:f:nv:np
Руан /n20.a
Руанда /n10
руандієць /n22.p.a.<
руандійка /n10.p2.ko.<
руандійський /adj
Рубанове /n2adj1        # колиш
Рубікон /n20
Руденьке /n2adj1      # іст.
Руднєв /n20.a :xp2    # нас. пункт в Росії
Рудьки /np2       # колиш
Рулеве /n2adj1        #> Рулево (1989)
румеї /np2.<
румейський /adj
румун /n20.a.p.ke.<
Румунія /n10
румунка /n10.p2.ko.<
румунський /adj
рунді noun:p:nv:ns
русинка /n10.p2.ko.<
Руставі noun:n:nv:np
рутенець /n22.a.p.<
рязанський /adj
Рязань /n32
Рясне-Руське /n2adj1
саам /n20.a.p.ke.<
саамський /adj
Саар /n20.ke :xp2
Саарбрюккен /n20.a
сабінянка /n10.p2.ko.<
Сава /n10 :xp2      # річка в південній Європі
Савицьке /n2adj1      # колиш
савицький /adj
савойський /adj
Савона /n10
Савулівка /n10       # колиш
Савур-могила /n10
Сайгон /n20.a
Сайда /n10
сайд-проект /n20.p
саки /np2.<
Сакраменто noun:n:nv:np
сакс /n20.a.p.ke.<
Саксонія /n10.ko
Салават /n20.a :xp2     # місто в Росії
Саламанка /n10
Салем /n20.a
Салерно noun:n:nv:np
Салехард /n20.a
Саліма /n10
салогубівський /adj
Салоніки /np1
Сальвадор /n20.ke
сальвадорець /n22.p.a.<
сальвадорка /n10.p2.ko.<
сальвадорський /adj
Сальто noun:n:nv:np
самаритянин /n20.a.pyn.ke.<
самаритянський /adj
Самарія /n10
Самарканд /n20.a
самарянин /n20.a.pyn.ke.<
самбірець /n22.a.p.<
самбірщина /n10
Самоа noun:n:nv:np|noun:f:nv:np
самоанець /n22.p.a.<
самоанський /adj
самоїд /n20.a.p.ke.<
Сан /n20
Сан-Августин /n20
Сан-Антоніо noun:n:nv:np
Сан-Бернардо noun:n:nv:np
Сан-Вінсенте noun:m:nv:np
Сан-Вінченцо noun:m:nv:np
Сандармох /n20.zi
сандвічевий /adj
Сан-Дені noun:n:nv:np
Сан-Джованні noun:m:nv:np
Сан-Джорджіо noun:f:nv:np
Сан-Дієго noun:n:nv:np
Сан-Домінго noun:n:nv:np
Сан-Жозе noun:n:nv:np
Сан-Жоржі noun:m:nv:np
Сан-Карлос /n20.a
Сан-Катрін /n20.a
Сан-Квентін /n20.a
Санкт-Моріц /n20.a
Санкт-Петербург /n20.a.zi.ke
санкт-петербуржець /n22.a.p.<
Санкт-Петербурзький /adj g=mfn
санкт-петербурзький /adj
Сан-Леандро noun:n:nv:np
Сан-Лоренцо noun:n:nv:np
Сан-Луї noun:n:nv:np
Сан-Луїс /n20.a
Сан-Марино noun:n:nv:np
сан-маринський /adj
Сан-Марко noun:m:nv:np
Сан-Маркос /n20.a
Сан-Матео noun:n:nv:np
Сан-Мігель /n20.a
Сан-Мікеле noun:m:nv:np
Сан-Пабло noun:m:nv:np
Сан-Паулу noun:n:nv:np
Сан-Педро noun:n:nv:np
Сан-Ремо noun:n:nv:np
Сан-Сальвадор /n20.a.ke :xp1       # столиця
Сан-Сальвадор /n20.ke :xp2         # острів
Сан-Самуель /n20
Сан-Себастьян /n20.a
Санта-Барбара /n10
Санта-Клара /n10
Санта-Крістіна /n10
Санта-Крус /n20.a
Санта-Марія /n10
Санта-Моніка /n10
Санта-Пола /n10
Санта-Фе noun:n:nv:np
Санто-Домінго noun:n:nv:np
Сан-Томе noun:n:nv:np
Сантьяго noun:n:nv:np
Сан-Фернандо noun:n:nv:np
Сан-Філі noun:m:nv:np
Сан-Франсіску noun:f:nv:np
Сан-Франсіску noun:n:nv:np
Сан-Франциско noun:n:nv:np
Сан-Франциський /adj g=mfn
Сан-Франческо noun:f:nv:np
Сан-Хав'єр /n20.ke
Сан-Хорхе noun:m:nv:np
Сан-Хосе noun:n:nv:np
Сан-Хуан /n20.a :xp1        # місто
Сан-Хуан /n20 :xp2          # провінція
сапотецький /adj
Саппоро noun:n:nv:np
Сарагоса /n10
Сараєво /n2n
Саранськ /n20.a
сарапульський /adj
Саратов /n20.a
саратовський /adj
Саргасів /adj
саргасовий /adj
сардинець /n22.a.p.<
Сардинія /n10
сардинка /n10.p2.< :xp1     # людина
сардинський /adj
Сарич /n20
сармат /n20.a.p.ke.<
Сарматія /n10
сасаки /np2.<
Саскатун /n20.a
Саскачеван /n20
Сасове /n2adj1          #> Сасово
Сатанівська /adj g=f
Сату-Маре noun:n:nv:np
саудівець /n22.a.p.<
саудівський /adj
Сахалін /n20
Сахалінськ /n20.a
сахалінський /adj
Сахара /n10
сахарський /adj
свазі noun:p:nv:ns
Свазіленд /n20
свазілендський /adj
Свальбард noun:m:nv:np
свальбардський /adj
сван /n20.a.p.ke.<
сванетія /n10
сванка /n10.p2.ko.<
сванський /adj
світлицький /adj
світлодарський /adj
святотроїцький /adj
Святошин /n20.a
Святошино /n2adj1          #> Святошин
Сдерот /n20.a
Севан /n20.a
севастополець /n22.a.p.<
Севастополь /n20.a
севастопольський /adj
Северівка /n10        # колиш
севільський /adj
Севілья /n10
Севр /n20.a.ke :xp1        # місто
Севр /n20.ke :xp2          # річка
севрський /adj
Сегед /n20.a
Сеговія /n10
Седан /n20.a
Сейшели /np2
сейшельський /adj
Селенга /n10
Селиськи /np3         #> Селіски
сельджук /n20.a.p.<
селькупський /adj
Семено-Пилипівка /n10
Семигалія /n10
семигальський /adj
Семипалатинськ /n20.a
Сена /n10
Сенакі noun:n:nv:np
Сен-Бартельмі noun:f:nv:np
Сен-Готард /n20
Сен-Дені noun:m:nv:np
Сен-Джуд noun:n:nv:np
Сен-Домінік noun:f:nv:np
Сенегал /n20
сенегалець /n22.p.a.<
сенегалка /n10.p2.ko.<
сенегальський /adj
Сен-Жермен /n20.a
Сен-Леже noun:m:nv:np
Сен-Луї noun:m:nv:np
Сен-Луїс /n20.a
Сен-Мартен /n20
Сен-П'єр /n20.ke
Сен-Рафаель /n20
Сент-Вінсент /n20
Сент-Джеймс /n20.a
Сент-Джозеф /n20.a
Сент-Джон /n20.a :xp1   # місто в Канаді
Сент-Джон /n20 :xp2     # річка в Канаді, США
Сент-Ендрюс /n20.a
Сент-Етьєн /n20.a
Сент-Кітс /n20
Сент-Круа noun:m:nv:np
Сент-Луїс /n20.a
Сент-Люсія /n10
Сент-Мартин /n20
Сент-Патрік /n20.a
Сент-Пол /n20.a
Сен-Тропе noun:m:nv:np
Сент-Томас /n20
Сент-Чарльз /n20.a
сенуфо noun:p:nv:ns
Сен-Франсуа noun:m:nv:np
серб /n20.a.p.ke.<
сербин /n20.a.ke.<
сербинка /n10.p2.ko.<
Сербія /n10
сербка /n10.p2.ko.<
сербський /adj
сербсько-український /adj
сербсько-хорватський /adj
Серебринець /n22.a    # іст.
Середа /n10           #> Вовче (1991)
Середземний /adj
Середземномор'я /n2n
Середино-Будський /adj g=mfn
середньоазійський /adj
середньоанглійський /adj
середньоверхньонімецький /adj
середньогрецький /adj
середньоірландський /adj
середньонідерландський /adj
середньоросійський /adj
середньосибірський /adj
середньофранцузький /adj
Серен /n20.a
серер /n20.a.ke
Серпухов /n20.a
Серхетабад /n20.a
Серхетабат /n20.a
Сеул /n20.a
сеульський /adj
Сєверодонецьк /n20.a                #> Сєвєродонецьк (2008)
сєверодонецький /adj                #> сєвєродонецький (2008)
Сєвєродвінськ /n20.a
Сєвєроморськ /n20.a
сибірський /adj
сиваський /adj
Сизрань /n32
Сиктивкар /n20.a.ke
Силезія /n10.ko
Симеїз /n20.a
Синайський /adj
сингалез /n20.a.p.<
сингалезка /n10.p2.ko.<
сингалезький /adj
сингалець /n22.a.p.<
сингальський /adj
Сингапур /n20.ke
сингапурець /n22.p.a.<
сингапурка /n10.p2.ko.<
сингапурський /adj
синдх /n20.a.p.<
синдхський /adj
синецький /adj
Сиракузи /np1
сиракузький /adj
Сирдар'я /n10
сирецький /adj
Сирецько-Печерський /adj g=mfn
сирієць /n22.p.a.<
сирійка /n10.p2.ko.<
сирійський /adj
Сирія /n10
Сисак /n20.a :xp2       # місто в Хорватії
сицилієць /n22.a.p.<
сицилійка /n10.p2.ko.<
сицилійський /adj
Сицилія /n10
сичуанський /adj
Сичуань noun:f:nv:np
сіамець /n22.a.p.<
сіамка /n10.p2.ko.<
Сіверський /adj
Сіверськодонецьк /n20.a
сіверськодонецький /adj
Сіверщина /n10
сіверянин /n20.a.pyn.ke.<
сідамо noun:p:nv:ns
Сідней /n20.a
сіднейський /adj
Сіетл /n20.a
Сієна /n10
сілезець /n22.a.p.<
Сілезія /n10
сілезький /adj
сімферополець /n22.a.p.<
Сінайський /adj
Сінгапур /n20.a.ke :xp1        # місто
Сінгапур /n20.ke :xp2          # острів, держава
сінгапурець /n22.a.p.<
сінгапурський /adj
Сінд /n20
сінд /n20.a.p.ke.<
сіньцзян-уйгурський /adj
Сіон /n20
Сіракузи /np1
сіу noun:p:nv:ns
Скандинавія /n10
скандинавський /adj
Скипче /n2adj1        #> Скіпче (2015)
Скіфія /n10
скіфо-сарматський /adj
скнилівець /n22.a.p.<
Сколівщина /n10
Скоп'є noun:n:nv:np
скороходівський /adj
славинський /adj
Славія /n10
слобожанин /n20.a.pyn.ke.<
слобожанський /adj
Слобожанщина /n10
словак /n20.a.p.ke.<
словацький /adj
словачка /n10.p2.ko.<
Словаччина /n10
словен /n20.a.p.ke.<
словенець /n22.p.a.<
Словенія /n10
словенка /n10.p2.ko.<
словенський /adj
слуцький /adj
Смоленськ /n20.a
смоленський /adj
Смоленщина /n10
СНД noun:m:nv:np:abbr
Собанівка /n10        #> Сабанівка
согдійський /adj
Сокальщина /n10
Соколов /n20.a :xp2 # місто в Чехії
соколовський /adj
соловецький /adj
Соловки /np2
соловський /adj
соломківський /adj
Соломонове /n2adj1
Солом'янка /n10
Солотине /n2adj1        # колишн.
Солсбері noun:f:nv:np:xp2   # місто
Солт-Лейк-Сіті noun:n:nv:np
Сомалі noun:n:nv:np
сомалі noun:f:nv:np
сомалі noun:m:nv:anim|noun:f:nv:anim
сомалієць /n22.p.a.<
сомалійка /n10.p2.ko.<
сомалійський /adj
Сомервіль /n20.a :xp2       # місто
Сона /n10
сонгаї /np2.<
сонінке noun:p:nv:ns
Сопот /n20.a
Сорбонна /n10
Сороки /np1 :xp2        # місто в Молдові
Сорочин /n20.a
сорочинський /adj
Сорренто noun:m:nv:np
софійський /adj
Софіполь /n20.a
Сохо noun:m:nv:np
сочинський /adj
Сочі noun:n:nv:np
Спеція /n10
Спліт /n20.a
Спрингфілд /n20.a
Срібнокільська /adj g=f
СРСР noun:m:nv:np:abbr
Ставропілля /n2n
Ставрополь /n20.a
ставропольський /adj
Сталівка /n10
Сталінград /n20.a
сталінградський /adj
Сталінка /n10
Стамбул /n20.a
стамбульський /adj
Станично-Луганський /adj g=mfn
Станіславів /n21.a       # кол. назва міста Івано-Франківськ
Станіславщина /n10
староанглійський /adj
староболгарський /adj
Старозінів /n23.a
старокиївський /adj
старосаксонський /adj
Старосамбірщина /n10
старосирійський /adj
староскандинавський /adj
Стаффорд /n20.a
Стелла /n10
Стемфорд /n20.a
Стенфорд /n20.a
стенфордський /adj
Степанакерт /n20.a
Степки /np2           # колиш
Стечанка /n10         # колиш
Стільське /n2adj1
Стовпичне /n2adj1       # колиш
Стокгольм /n20.a
стокгольмський /adj
Стоктон /n20.a
Стоунхендж /n20
Страбичове /n2adj1      #> Страбичово (1995)
Страсбург /n20.a.zi.ke
страсбурзький /adj
Стрийщина /n10
стриянин /n20.a.pyn.ke.<
стриянка /n10.p2.ko.<
Стрітенський /adj
Струма /n10
Ступне /n2adj1
суахілі noun:p:nv:ns:xp1        # народ
суахілі noun:f:nv:np:xp2        # мова
суахілійський /adj
субальпійський /adj
суворівський /adj
Судан /n20
суданець /n22.p.a.<
суданка /n10.p2.ko.<
судацький /adj
Судети /np1
судетський /adj
Суджа /n10
Суец /n20.a
суецький /adj
Суздаль /n20.a
суздальський /adj
Сукре noun:n:nv:np:xp2  # столиця Болівії
Сулавесі noun:m:nv:np
сулятицький /adj
Суматра /n10
сумчанин /n20.a.pyn.ke.<    #> сум'янин
сумчанка /n10.p2.ko.<    #> сум'янка
Сумщина /n10
сум'янин /n20.a.pyn.ke.<
сум'янка /n10.p2.ko.<
Сунгарі noun:f:nv:np
сунданський /adj
Суомі noun:f:nv:np
суомі noun:m:nv:anim|noun:f:nv:anim
Сургут /n20.a
сургутський /adj
Суринам /n20
суринамець /n22.p.a.<
суринамка /n10.p2.ko.<
суринамський /adj
Сускове /n2adj1       #> Сусково (1995)
сусу noun:p:nv:ns
Сухумі noun:n:nv:np
сухумський /adj
Сушне /n2adj1         #> Сушно (1989)
східноафриканський /adj
східноєвропеєць /n22.a.p.<
східнокитайський /adj
східнонімецький /adj
східносередземноморський /adj
східноукраїнський /adj
Сцілла /n10
США noun:p:nv:ns
Сьєрра-Леоне noun:n:nv:np
Сянган /n20.a :xp1    # місто в Китаї
Сянган /n20 :xp2    # район в Китаї
Таврівка /n10       # колиш
тагальський /adj
Таганрог /n20.a.zi.ke
таганрозький /adj
Тагіл /n20
таджик /n20.a.p.<
Таджикистан /n20
таджикистанець /n22.p.a.<
таджикистанка /n10.p2.ko.<
таджикистанський /adj
таджицький /adj
таджицько-афганський /adj
таджичка /n10.p2.ko.<
таєць /n22.p.a.<
Таїланд /n20
таїландець /n22.p.a.<
таїландка /n10.p2.ko.<
таїландський /adj
Таїті noun:m:nv:np
таїтянський /adj
Тайбей /n20.a
тайванець /n22.p.a.<
тайванка /n10.p2.ko.<
тайванський /adj
Тайвань /n20
Таймир /n20.ke
таймирський /adj
тайський /adj
Такео noun:n:nv:np
Талас /n20.a :xp1       # місто
Талас /n20 :xp2         # річка
Таллінн /n20.a
талліннський /adj
Тальма /n10
таманський /adj
Тамань /n32
тамашек /n20.a
Тамбов /n20.a
тамбовський /adj
Тамбовщина /n10
таміл /n20.a.p.ke.<
тамільський /adj
Тампа /n10
Тампере noun:n:nv:np
Тампіко noun:n:nv:np
Танганьїка /n10
Танжер /n20.a.ke
танзанієць /n22.p.a.<
танзанійка /n10.p2.ko.<
танзанійський /adj
Танзанія /n10
Танненберг /n20.a.ke
Тапа /n10
Тараси /np2       # колиш
Тарнавці /np2
Таромське /n2adj1   # р-н
Тартус /n20.a
Тарханкут /n20
тарханкутський /adj
тасманійський /adj
Тасманія /n10
татарка /n10.p2.ko.<
татаро-монгольський /adj
Татарстан /n20
татарстанський /adj
татарський /adj
Татри /np1
Тахо noun:n:nv:np
Ташкент /n20.a
ташкентський /adj
тбілісець /n22.a.p.<
Тбілісі noun:n:nv:np
тбіліський /adj
Твер /n32
тверський /adj
тві noun:p:nv:ns
Тегеран /n20.a
тегеранець /n22.a.p.<
тегеранка /n10.p2.ko.<
тегеранський /adj
Текове /n2adj1        #> Теково (1995)
Телаві noun:n:nv:np
Теличка /n10
телугу noun:f:nv:np
Тель-Авів /n20.a
Темза /n10
Теміртау noun:n:nv:np
Тенгіз /n20.a :xp2      # місто
Тенгіз /n20 :xp3        # родовище
Тенеріфе noun:m:nv:np
Теннессі noun:m:nv:np
Теплогірськ /n20.a
Теремці /np2        # колиш
Тереса /n10
Терещенківська /adj g=f
Теркс /n20
теркський /adj
тернопілець /n22.a.p.<
тернопільчанин /n20.a.pyn.ke.<    #> тернополянин
тернопільчанка /n10.p2.ko.<    #> тернополянка
Тернопільщина /n10
тернополянин /n20.a.pyn.ke.<
тернополянка /n10.p2.ko.<
Тетіс /n20
Техас /n20
техасець /n22.a.p.<
техаський /adj
Тибет /n20
тибетець /n22.a.p.<
тибетський /adj
Тигр /n20.ke
тигринья /n10
Тимор /n20.ke
Тимор-Лешті noun:m:nv:np
Тирана /n10
Тирасполь /n20.a
тираспольський /adj
Тирговиште noun:n:nv:np
Тирло /n2n
тиролець /n22.a.p.<
тисовський /adj
Тифліс /n20.a
тихоокеанський /adj
тібетський /adj
Тіволі noun:n:nv:np
Тікріті noun:n:nv:np
Тіксі noun:n:nv:np
Тімбукту noun:n:nv:np
Тімішоара /n10
тіролець /n22.a.p.<
Тіроль /n20
Тірренське /adj
Тітікака /n10
Тіхуана /n10
Тічино noun:n:nv:np:xp1
Тічино noun:m:nv:np:xp2
Тмутаракань /n32
Тобаго noun:n:nv:np
тобазький /adj
Тобольськ /n20.a
Того noun:m:nv:np
тоголезець /n22.p.a.<
тоголезка /n10.p2.ko.<
тоголезький /adj
токайський /adj
Токелау noun:n:nv:np
токійський /adj
Токіо noun:n:nv:np
Толбухін /n20.a :xp2        # місто
Толедо noun:n:nv:np
тольтек /n20.a.p.<
Тольятті noun:n:nv:np:xp2 # місто
Томашов /n20.a
Томськ /n20.a
томський /adj
Тонга /n10
тонга noun:p:nv:ns
тонганський /adj
тонзький /adj
Топальське /n2adj1
Топіка /n10
торезький /adj
Торжок /n22.a
Торонто noun:n:nv:np
торонтський /adj
Тортола /n10
тортольський /adj
Тоскана /n10
тосканець /n22.a.p.<
тосканський /adj
тофалари /np2.<
Трабзон /n20.a
Трансільванія /n10
транскаспійський /adj
Трансністрія /n10
Трафальгарський /adj
Тренто noun:n:nv:np
Трентон /n20.a
Тризонія /n10
Тринідад /n20.ke
тринідадський /adj
трипілець /n22.a.p.<
Триполі noun:n:nv:np
Трієст /n20.a
Трнава /n10
троєщинець /n22.a.p.<
троєщинський /adj
Троїцьк /n20.a
Тропа /n10
Трость /n32     # колиш
Троя /n10
Троян /n20.a
Труа noun:n:nv:np
трубчевський /adj
Трудколонія /n10        #> Медичне (1991)
трускавецький /adj
тсвана noun:p:nv:ns
тсонга noun:p:nv:ns|noun:f:nv:np
Туапсе noun:n:nv:np
Тувалу noun:n:nv:np
тувальський /adj
тувинський /adj
Тузла /n10
тузлинський /adj
Тукуман /n20.a :xp1 # місто
Тукуман /n20 :xp2   # провінція
Тула /n10
Тулон /n20.a
Тулуза /n10
тулузький /adj
тульський /adj
Тунгуска /n10
тунгуський /adj
Туніс /n20.a :xp1   # місто
Туніс /n20 :xp2     # держава
тунісець /n22.p.a.<
туніска /n10.p2.ko.<
туніський /adj
Тура /n10
турецький /adj
турецько-татарський /adj
Туреччина /n10
туринець /n22.a.p.<
туринський /adj
туркеня /n10.p1.ko.<
Туркестан /n20 :xp2 # держава
Туркестан /n20.a :xp1   # місто
Турківщина /n10
туркмен /n20.a.p.ke.<
Туркменбаші noun:n:nv:np
туркменбаші noun:m:nv:np:anim
Туркменістан /n20
туркменістанець /n22.p.a.<
туркменістанка /n10.p2.ko.<
туркменістанський /adj
Туркменія /n10
туркменка /n10.p2.ko.<
туркменський /adj
Турне noun:n:nv:np
турок /n22.p.a.<
Турсунзаде noun:n:nv:np:xp2 # місто
турчанка /n10.p2.ko.<
турчинський /adj
тутсі noun:p:nv:ns
тушинський /adj
Тхімпху noun:n:nv:np
Тьєрі noun:m:nv:np
тюменський /adj
Тюмень /n32
Тюрингія /n10
тюрк /n20.a.p.<
тюркомовний /adj
Тяньаньмень noun:f:nv:np
тянь-шанський /adj
Тянь-Шань /n20
Уганда /n10
угандієць /n22.p.a.<
угандійка /n10.p2.ko.<
угандійський /adj
угарітський /adj
Угільна /n2adj1       # Угольна
углицький /adj
Углич /n20.a
угорець /n22.p.a.<
угорка /n10.p2.ko.< :xp1 # до угорець
угорка /n10.p2 :xp2     # сорт сливи
угорсько-український /adj
Угорщина /n10
угри /np2.<
угро-фін /n20.a.p.ke.<
угро-фінський /adj
удегеєць /n22.a.p.<
Удіне noun:n:nv:np
удмурт /n20.a.p.ke.<
Удмуртія /n10
удмуртський /adj
Уельва /n10
Уельс /n20.ke
уельський /adj
уельсьці /np2.<
Уеска /n10
ужгородець /n22.a.p.<
Ужгородщина /n10
узбек /n20.a.p.<
Узбекистан /n20
узбекистанець /n22.p.a.<
узбекистанка /n10.p2.ko.<
узбекистанський /adj
узбецький /adj
узбечка /n10.p2.ko.<
Узун-Сирт /n20
уйгурський /adj
українець /n22.p.a.<
українка /n10.p2.ko.<
україно-американський /adj
україно-білоруський /adj
україно-молдовський /adj
україно-польський /adj
україно-російський /adj
україно-французький /adj
українська /n2adj1
українсько-австрійський /adj
українсько-азербайджанський /adj
українсько-американський /adj
українсько-англійський /adj
українсько-бельгійський /adj
українсько-білоруський /adj
українсько-бразильський /adj
українсько-британський /adj
українсько-вірменський /adj
українсько-голландський /adj
українсько-грецький /adj
українсько-грузинський /adj
українсько-єврейський /adj
українсько-європейський /adj
українсько-іспанський /adj
українсько-італійський /adj
українсько-канадський /adj
українсько-китайський /adj
українсько-литовський /adj
українсько-ліванський /adj
українсько-молдавський /adj
українсько-молдовський /adj
українсько-московський /adj
українсько-натовський /adj
українсько-нігерійський /adj
українсько-німецький /adj
українсько-німецько-голландський /adj
українсько-польський /adj
українсько-російський /adj
українсько-російсько-німецький /adj
українсько-румунський /adj
українсько-руський /adj
українсько-словацький /adj
українсько-татарський /adj
українсько-турецький /adj
українсько-туркменський /adj
українсько-угорський /adj
українсько-французький /adj
українсько-чеський /adj
українсько-шведський /adj
українсько-швейцарський /adj
українсько-японський /adj
Улан-Батор /n20.a.ke
Улан-Уде noun:n:nv:np
ульчі /np2.<
Ульяновськ /n20.a
уманець /n22.a.p.<
Уманщина /n10
умбри /np2.<
уоллійський /adj
Уолліс /n20
Уплісцихе noun:n:nv:np
Урал /n20
урало-алтайський /adj
уральський /adj
урарти /np2.<
урартський /adj
Урарту noun:m:nv:np
Урбіно noun:n:nv:np
Ургенч /n20.a
урду noun:f:nv:np
Уренгой /n20.a
урицький /adj
уругваєць /n22.p.a.<
Уругвай /n20
уругвайка /n10.p2.ko.<
уругвайський /adj
уруми /np2.<
урумський /adj
Усів /n21.a         # колиш
Уссурійськ /n20.a
уссурійський /adj
Утрехт /n20.a
Уфа /n10
Ухта /n10
Фабриківка /n10     # колиш
Фаллуджа /n10
Фанчикове /n2adj1     #> Фанчиково (1995)
Фарери /np1
фарерський /adj
Фарнборо noun:n:nv:np
Фенноскандія /n10
Феодоро noun:n:nv:np
феодосієць /n22.a.p.<
феодосійський /adj
Феофанія /n10 :xp2      # місцевість
Фергана /n10
Фес /n20.a
Филоненки /np2
Фіви /np2
Фіджі noun:n:nv:np
фіджієць /n22.p.a.<
фіджійка /n10.p2.ko.<
фіджійський /adj
філадельфійський /adj
Філадельфія /n10
філіппінець /n22.p.a.<
Філіппіни /np1
філіппінка /n10.p2.ko.<
філіппінський /adj
філістимлянин /n20.a.pyn.ke.<
фін /n20.a.p.ke.<
фінікієць /n22.a.p.<
фінікійка /n10.p2.ko.<
фінікійський /adj
фінікіянка /n10.p2.ko.<
Фінікс /n20.a
Фіністер /n20.ke
фінка /n10.p2.ko.< :xp1     # людина
Фінлі noun:f:nv:np
фінляндець /n22.a.p.<
Фінляндія /n10
фінляндський /adj
фінно-угорський /adj
фінно-шведський /adj
фіно-угорський /adj
фіно-угри /np2.<
фіно-угрин /n20.a.ke.<
фіно-угрознавство /n2n
фінська /n2adj1
фінський /adj
Фіолент /n20
Фландрія /n10
Флінт /n20.a :xp2    # місто
флорентієць /n22.a.p.<
флорентійка /n10.p2.ko.<
флорентійський /adj
Флоренція /n10
Флорида /n10
флоридський /adj
Фоджа /n10
фолклендський /adj
Фольксбюне noun:m:nv:np
Фонтана /n10
Фонтенбло noun:m:nv:np
фороський /adj
Фрайбург /n20.a.zi.ke
фракієць /n22.a.p.<
фракійський /adj
Фракія /n10
Франківськ /n20.a
Франківщина /n10
франко-канадець /n22.a.p.<
франко-німецький /adj
Франкфурт /n20.a
франкфуртський /adj
Франсе noun:m:nv:np
Франція /n10
француженка /n10.p2.ko.<
француз /n20.a.p.ke.<
французька /n2adj1
французький /adj
французько-німецький /adj
французько-український /adj
Фредеріксбург /n20.a.ke
Фресно noun:n:nv:np
фризький /adj
Фріулі noun:f:nv:np
ФРН noun:f:nv:np
Фрунзенка /n10        #> Діброва (2016)
Фудзі noun:m:nv:np
Фудзіяма /n10
Фукусіма /n10
фульбе noun:p:nv:ns
Фуншал /n20.a
Фурманов /n20.a :xp2        # місто
Футуна /n10
футунський /adj
Фюрстенберг /n20.a.ke
Фюрт /n20.a
Хабаровськ /n20.a
хабаровський /adj
Хабомаї noun:p:nv:ns
Хабомай noun:p:nv:ns
Хагос /n20
хагоський /adj
Хаджибей /n20.a
Хазарія /n10
Хайфа /n10
Хакасія /n10
Халкідікі noun:m:nv:np
хамітський /adj
Ханкалі noun:n:nv:np
Ханой /n20.a
ханти /np2.<
Ханти-Мансійськ /n20.a
Харбін /n20.a
харківка /n10.p2.<
харків'янин /n20.a.pyn.ke.<
харків'янка /n10.p2.ko.<
Хартум /n20.a
Хатанга /n10
Хатинь /n32
хауса noun:n:nv:np:xp2  # мова
хауса noun:m:nv:anim:xp1|noun:f:nv:anim:xp2
хашимітський /adj
Хвар /n20.a.ke
Хворостянка /n10
Хеврон /n20.a
Хелм /n20.a
Херд /n20
хердський /adj
Херес /n20.a
херсонеський /adj
херсонець /n22.a.p.<
Херсонщина /n10
Хитар /n20.a.ke
Хібіни /np1
Хіва /n10
Хілін /n20.a
Хімки /np3
хімкинський /adj
Хіос /n20 :xp2  # острів
Хіос /n20.a :xp1    # місто
Хіросіма /n10
Хітроу noun:m:nv:np
Хмелівець /n22.a      # колиш
хмельничанин /n20.a.pyn.ke.<
хмельничанка /n10.p2.ko.<
Хмельниччина /n10
Хобі noun:f:nv:np
Хобокен /n20.a
Хожув /n20.a
хозар /n20.a.p.ke.<
хозарський /adj
Хоккайдо noun:m:nv:np
Холм /n20.a
Холмщина /n10
холодногірський /adj
холодноярець /n22.a.p.<
холодноярський /adj
Хом'як /n20.a    # гора
Хонсю noun:m:nv:np
хорват /n20.a.p.ke.<
Хорватія /n10
хорватка /n10.p2.ko.<
хорватський /adj
Хорезм /n20
Хорунже /n2adj1     # колиш
Хрещикове /n2adj1   # колиш
Християнія /n10
Хропате /n2adj1
Хуанхе noun:f:nv:np
Худльове /n2adj1    # колиш?
Хургада /n10
Хустщина /n10
Х'юстон /n20.a
Царгород /n20.a
Царицин /n20.a
Цейлон /n20
цейлонський /adj
центральноазіатський /adj
центральноамериканський /adj
центральноафриканський /adj
центральноєвропейський /adj
центральноукраїнський /adj
Церківна /n2adj1
Цибиківка /n10
Цинциннаті noun:n:nv:np
Цуг /n20.a.ke
Цусіма /n10
Цхінвалі noun:n:nv:np
цхінвальський /adj
Цюрих /n20.a
Цяцьківка /n10
Чад /n20
чадський /adj
Чако noun:n:nv:np
Чанаккале noun:n:nv:np
Чарлстон /n20.a
Чатем noun:m:nv:np
Чатир-Даг /n20.ke
Чауда noun:m:nv:np
Чебоксари /np1
Челябінськ /n20.a
челябінський /adj
Ченстохова noun:n:nv:np
ченстоховський /adj
Червоногородський /adj
червоноградець /n22.a.p.<
червоноградка /n10.p2.ko.<
червоноградський /adj
Череповець /n22.a
Черіївці /np2.np3
черкащанин /n20.a.pyn.ke.<
Черкащина /n10
Чернівеччина /n10
Чернівське /n2adj1    # колиш
чернівчанин /n20.a.pyn.ke.<
чернівчанка /n10.p2.ko.<
чернігівець /n22.a.p.<
чернігівка /n10.p2.ko.<
чернігівчанин /n20.a.pyn.ke.<           #> чернігівець
чернігівчанка /n10.p2.<                 #> чернігівка
Чернігівщина /n10
черокі noun:p:nv:ns
Черці /np2      # колиш
чеснівський /adj
Честер /n20.a.ke
Честерфілд /n20.a :xp2  # місто
чеський /adj
чесько-російський /adj
Четем /n20
чех /n20.a.p.<
Чехія /n10
чехословак /n20.a.p.ke.<
чехословацький /adj
Чехословаччина /n10
чеченський /adj
Чечня /n10
Чешир /n20.ke
чешка /n10.p2.ko.<
чжуан noun:p:nv:ns
Чигиринщина /n10
Чикаго noun:n:nv:np
чиказький /adj
Чилі noun:f:nv:np
чилієць /n22.p.a.<
чилійка /n10.p2.ko.<
чилійський /adj
Чимкент /n20.a
чинук /n20.a.p.ke.<
Чита /n10
Чойбалсан /n20.a :xp2       # місто
чоколівський /adj
Чолівка /n10
чорнобилець /n22.a.p.<
чорнобильський /adj
Чорногора /n10
чорногорець /n22.p.a.<
Чорногорія /n10
чорногорка /n10.p2.ko.<
чорногорський /adj
Чорноземка /n10
чорноліський /adj
чорноморець /n22.a.p.<
Чортомлицький /adj
чубинський /adj
Чувашія /n10
чудь /n32
Чукотка /n10
чукотський /adj
Чуфут-Кале noun:n:nv:np
Шамбері noun:n:nv:np
Шампань /n32
Шанхай /n20.a
шанхайський /adj
Шаолінь noun:m:nv:np
Шара /n10               # xv2 річка + гора
Шаранта /n10
Шарджа /n10
Шарлотт noun:n:nv:np
Шарне noun:m:nv:np
шахівський /adj
Шахти /np1
шваб /n20.a.p.ke.<
Шварцвальд /n20.a
швед /n20.a.p.ke.<
шведка /n10.p2.ko.<
шведський /adj
шведсько-український /adj
швейцарець /n22.p.a.<
Швейцарія /n10
швейцарка /n10.p2.ko.<
швейцарський /adj
Швеція /n10
Шелтон /n20.a
Шенген /n20
Шеньчжень /n20.a
Шеньян /n20.a
Шепеличі /np2     # колиш
шептицький /adj
шетландський /adj
Шеффілд /n20.a
Шибеник /n20.a
шиїтський /adj
Ширма /n10
Шихтори /np2      # іст
Шкроботи /np2   # колиш
шорець /n22.a.p.<
шотландець /n22.p.a.<
Шотландія /n10.ko
шотландка /n10.p2.ko.< :xp1
шотландський /adj
Шпіцберген /n20
Шрі-Ланка /n10
шріланкієць /n22.a.p.<
шрі-ланкійський /adj
Шропшир /n20.ke
Штутгарт /n20.a
штутгартський /adj
Шулявка /n10
шулявський /adj
шумер /n20.a.p.ke.<
шумеро-вавилонський /adj
шумерський /adj
Шяуляй /n20.a
Щербаківка /n10
щербаківський /adj
Щецин /n20.a
Щучин /n20.a
югослав /n20.a.p.ke.<
Югославія /n10
югославка /n10.p2.ko.<
югославський /adj
Юзівка /n10
юзівський /adj
Юкатан /n20
Юра /n10 :xp3       # кантон у Швейцарії
Юрмала /n10
юрмальський /adj
Юта /n10
Ютландія /n10
Ява /n10
яванець /n22.a.p.<
яванський /adj
Явори /np2        # Явора
Яворівщина /n10
яворницький /adj
яворський /adj
Ягодин /n20.a
Яйва /n10
Яйла /n10
Якутія /n10
Якутськ /n20.a
якутський /adj
ялтинець /n22.a.p.<
Яма /n10
Ямагата /n10
Ямайка /n10
ямайський /adj
Ямало-Ненецький /adj g=mfn
ямальський /adj
Ямато noun:n:nv:np
Яна /n10 :xp2       # річка в Росії
Янгон /n20.a
Яніна /n10 :xp2     # місто в Греції
Янків /n21.a
Ян-Маєн noun:m:nv:np
Янцзи noun:f:nv:np
японець /n22.p.a.<
Японія /n10
японка /n10.p2.ko.<
японський /adj
японсько-китайський /adj
Яремча /n10       #> Яремче (2006)
Ярослав /n20.a :xp2     # місто в Польщі
Ярославль /n20.a
ярський /adj
Яструбець /n22.a
Яуза /n10
