# Словник гідронімів України, Наукова Думка, 1979
# Андріївка /n10
# Арбузинка /n10
# Вижівка /n10
# Вільшанка /n10
# Грем'ячка /n10
# Гутиська /n10
# Доч /n32
# Завадка /n10
# Комишуваха /n10
# Конопелька /n10
# Коритна /n2adj1
# Корсунка /n10
# Котельва /n10
# Красилівка /n10
# Красна /n2adj1
# Краснянка /n10
# Кринка /n10
# Кульна /n10
# Лопань /n32
# Марківка /n10
# Маячка /n10
# Мельниця /n10
# Михайлівка /n10
# Мукша /n10
# Осота /n10
# Рача /n10
# Рокитна /n2adj1
# Саджавка /n10
# Сироватка /n10
# Сквирка /n10
# Тиса /n10
# Токмачка /n10
# Уголька /n10
# Яли /np2
# Липа /n10
# Хустець /n22.a :xp2                         # річка
# Козак /n20.a.ke :xp3                        # річка
# Сліпорід /n21 :xp2                  # річка
# Вересоч /n32 :xp2                           # річка
# Бая /n10
# Біла /n2adj1
Аджалик /n20
Аджамка /n10
Айдар /n20.ke :xp2                          # річка
Акчокрак /n20
Аліяга /n10
Алкалія /n10
Альма /n10
Альта /n10
Апанли noun:f:nv:np
Апокни noun:f:nv:np
Апшиця /n10
Арабка /n10
Артополот /n20
Архар /n20.ke
Бабей /n20
Бабка /n10
Бабуся /n10
Багата /n2adj1
Багатенька /n2adj1
Базавлук /n20
Базавлучок /n22.a
Байдарка /n10
Байлова /n10
Байчиця /n10
Бакшала /n10
Балай /n20                              # річка
Балаклійка /n10
Баланда /n10
Бали /np2
Бамівський /n2adj1
Бандура /n10
Бар /n20.ke :xp2                           # річка
Барабой /n20 :xp2                           # річка
Баранка /n10
Бариш /n20 :xp2                             # річка
Батар /n24.ku
Батіг /n21.a.zi                             # річка
Бахмут /n20 :xp2                            # річка
Бахмутка /n10
Башта /n10
Бездна /n10
Безелець /n22
Безіменна /n2adj1
Белелуя /n10
Белзець /n22.a                              # річка
Бельбек /n20
Берберка /n10
Берда /n10
Берегівка /n10
Бережанка /n10
Бережниця /n10
Березань /n32
Березівка /n10
Березівський /n2adj1                        # місто в Росії
Березка /n10
Берека /n10
Берестина /n10
Берестова /n2adj1
Берестовенька /n10
Берладинка /n10
Бешка /n10
Бештерек /n20
Бибелька /n10
Бик /n20.a                                  # річка
Бистрик /n20.a :xp2                         # річка
Бистриця /n10
Бичиха /n10
Бичок /n22.a                                # річка
Бишкінь /n21.a :xp2                         # річка
Бібка /n10
Біж /n20 :xp2                               # річка
Білка /n10
Білосток /n20 :xp2                          # річка
Білоус /n20 :xp2                            # річка
Білуга /n10
Більчинка /n10
Бірка /n10
Біюк-Карасу noun:f:nv:np
Біянка /n10
Блощиця /n10
Бобер /n20.a                                # річка
Бовванець /n22.a                            # річка
Богодушна /n2adj1
Боковенька /n10
Болгар /n20.ke                              # річка
Болозівка /n10
Болотна /n2adj1
Болотня /n10
Болохівка /n10
Бондариха /n10
Бондарка /n10
Боржава /n10
Борзенка /n10
Борзна /n10
Бористен /n20                             # Дніпро
Борисфен /n20
Борова /n2adj1
Боровенька /n10
Боровик /n20.a
Борозна /n10
Боярка /n10
Братаниця /n10
Братениця /n10
Бреч /n32 :xp2                          # річка
Бриз /n20
Бритай /n20 :xp2                            # річка
Броварка /n10
Бровник /n20.a
Бубонець /n22.a
Буг /n20 :xp2                               # річка
Бугайчиха /n10
Будка /n10
Бужок /n22.a :xp2                       # річка
Буймир /n20.a.ke
Бук /n20
Булавинка /n10
Булавка /n10
Булганак /n20.a
Бурлук /n20.a :xp2                      # річка
Бурлюк /n20.a
Бурта /n10
Бурульча /n10
Бута /n10
Бух /n20
Бухта /n10
Буча /n10
Бучка /n10
Валівське /n2adj1
Вара /n10
Вдовиця /n10
Ведмедиха /n10
Ведмежа /n2adj1
Везучка /n10
#Велик /n20.a
Вербина /n10
Вербич /n20.a                               # річка
Вербова /n2adj1
Вересня /n10
Верещиця /n10
Верхній /n2adj1
Верховинка /n10
Вершки /np2
Веселуха /n10
Вила /np1
Вир /n20.ke :xp2                            # річка
Вирва /n10
Вирка /n10
Вирок /n22
Висунь /n32
Вись /n32
Витвиця /n10
Вишневецька /n2adj1
Вишня /n10
Вігор /n20.ke
Віднога /n10
Візня /n10
Вілія /n10
Вільга /n10
Вільхівка /n10
Вільховець /n24.a /n22.a :xp2               # річка
Вільшана /n2adj1
Вірка /n10                             # річка
Віта /n10                              # річка в Україні
Вітка /n10
Віча /n10
Вішка /n10
Власівський /n2adj1
Вмивальня /n10
Вовк /n20.a
Вовня /n10
Вовча /n2adj1
Вовчанка /n10
Вовчок /n22.a :xp2                          # річка
Водяна /n2adj1
Водянка /n10                                # річка
Волноваха /n10
Волок /n20.a
Волошка /n10                                # річки
Вонючка /n10
Ворок /n22.a
Ворона /n2adj1 :xp2                         # річка
Воронка /n10
Ворскла /n10
Ворсклиця /n10
Восушка /n10
Втора /n10
В'язівець /n22.a
В'язівка /n10
В'язовий /n2adj1
Гайчур /n20.ke
Галчин /n20.a
Гарячка /n10
Гвинтівка /n10
Гірка /n2adj1 :xp2                          # річка
Глибочок /n22.a :xp2                    # річка
Глуха /n2adj1
Глушець /n22.a                              # річка/озеро в Україні
Гнила /n2adj1
Гнилиця /n10
Гниловід /n21
Гниловодка /n10
Гнилоп'ятка /n10
Гнилоп'ять /n32
Гнилуша /n10
Гніздечна /n2adj1
Гніздівка /n10
Гнізна /n10
Гноянка /n10
Говірка /n10
Говтва /n10
Голосківський /n2adj1
Голубка /n10
Голяка /n10
Горбатка /n10
Горинка /n10
Горинь /n32
Горіхова /n2adj1
Горожанка /n10
Горохуватка /n10
Горошок /n22
Грабарка /n10
Границя /n10
Гребінець /n22.a
Грезля /n10
Гречанка /n10
Гречка /n10
Гривка /n10
Гришина /n2adj1
Гришинка /n10
громоклійський /adj
Громоклія /n10
Грудка /n10
Грузька /n2adj1
Грунь /n32
Грунь-Ташань /n32
Грунь-Черкес /n20.a
Грушівка /n10
Губиниха /n10
Гуйва /n10
Гуска /n10
Гуслянка /n10
Гусочка /n10
Давидівка /n10
Дворець /n24.a
Дворічна /n2adj1
Демерджі noun:f:nv:np
Дереглуй /n20
Деркул /n20 :xp2                            # річка
Дерло /n2n
Десна /n10
Джалар /n20.ke
Джарджава /n10
джарилгацький /adj
Джарилгач /n20.a                            # xv2
Джекельня /n10
Джурин /n20.a
Дичка /n10
Дідів /n21.a
Дідок /n22
Дійниця /n10
Днище /n2n
#Дніпро /n20.ke
Дністер /n22.a.ke
дністерський /adj
Добриводка /n10
Довг /n20
#Довжик /n20.a :xp2
Дома /n10
Домоткань /n32
Домузла /n10
#Донець /n24.a
Дохна /n10
Дошка /n10
Дрібушка /n10
Дубець /n22.a
Дуванка /n10
Дулівський /n2adj1
Дулька /n10
Думка /n10
Думниця /n10
Дунай /n20
Дуплянка /n10
Дурниця /n10
Дядина /n10
Есмань /n32
Євсуг /n20.zi.ke :xp2                          # річка
Єланчик /n20.a
Ємцеве /n2adj1
Єник /n20.a
Єника /n10
Єрик /n20.a
Жаботинка /n10
Жариха /n10
Жван /n20
Жванчик /n20.a :xp2                         # річка
Жденівка /n10
Желдець /n22.a
Жердь /n32
Жердя /n10
Жеребець /n22.a
Жеребна /n2adj1
Жерів /n23.a
Жигалка /n10
Жидівка /n10
Жижа /n10
Жижава /n10
Жижія /n10                                  # xv2
Жила /n10                                   # річка
Жилка /n10
Жилочка /n10
Жирак /n20.a
Жовта /n2adj1
Жовтанець /n22.a
Жовтенька /n2adj1
Жовтобрюха /n10
Жолонь /n32
Жонка /n10
Журавель /n22.a
Журавка /n10
Журавлиця /n10
Загорода /n10
Зайчик /n20.a
Зала /n10
Залива /n10
Залізко /n2n
Замглай /n20 :xp2                           # річка
Замишівка /n10
Замчисько /n2n
Замша /n10                                  # озеро
Заплавка /n10
Зарічок /n22
Засушка /n10
Затин /n20
Затік /n21
Збруж /n20
Збруч /n20.a :xp2                       # річка
Звіздаль /n32
Звіринка /n10
Згар /n20.ke
Згарок /n22.a
Здвиж /n20
Зелениця /n10
Зінчиця /n10
Зливки /np2
Злодійка /n10
Змійка /n10
Знобівка /n10
Золотоношка /n10
Золочівка /n10
Зон /n20
Зубра /n10
Зубринка /n10
Зубря /n10
Зульня /n10
Зуя /n10
Івотка /n10
Ів'янка /n10
Ізюмець /n22.a
Іква /n10
Ікопоть /n32
#Ілля /n10 ^noun:m
Ілта /n10
Ільтиця /n10
Інгул /n20
Інгулець /n22.a
Індол /n20                                  # Мокрий, Сухий
Ірванець /n22.a
Ірклій /n20
Ірпінь /n23.a
Ірша /n10
Іршава /n10
Іршавка /n10
Іченька /n10
Кагамлик /n20.a :xp2                    # річка
Калабаня /n10
Калга /n10
Калка /n10                              # Кальчик
Кальміус /n20
Кальчик /n20.a
Калюс /n20
Кам'янка /n10
Карагач /n20.a
Караджа /n10                                # xv2
Караєць /n22.a
Карань /n32
Карасівка /n10
Каратиш /n32
Каратюк /n20.a
Карнаухівка /n10
Катлабуг /n20
Кача /n10
Кашлагач /n20.a
Киргиж /n20
Киргиж-Китай /n20
Китай /n20
Кізка /n10
Кільтиччя /n2n
Кільчень /n32
Кільченька /n10
Кінська /n2adj1
Кіпчак /n20.a
Клебань-Бик /n20.a
Клевень /n32
Ключка /n10
Кнур /n20.a.ke
Кобилиця /n10
Кобилка /n10
Кобилчина /n2adj1
Кобильниця /n10
Ковалів /n23.a                               # річка
Ковбаня /n10
Ковбаса /n10
Ковбаска /n10
Коврай /n20
Ковсуг /n20
Ковтьоба /n10
Ковч /n32
Когильник /n20.a
Кодима /n10
Козарка /n10
Козинка /n10                                # xv2
Козуля /n10
Колиска /n10
Коловорот /n20
Колодязник /n20.a
Коломак /n20 :xp2                           # річка
Коломиєць /n22                               # річка
Коломийка /n10
Комарня /n10
Комишна /n2adj1
Комишувата /n2adj1
Конівка /n10
Конка /n10
Конотоп /n20 :xp2                           # річка
Кончак /n20                                 # річка
Копачі /np2                                 # xv2
Корабельна /n2adj1
Корениха /n10
Кормин /n20
Коробочка /n10
#Коропець /n22.a
Коротсянка /n10
Корсак /n20.a
Корчик /n20.a :xp2                          # річка
Корчувате /n2adj1                           # xv2
Корчуватий /n2adj1
корчуватський /adj
Косівська /n2adj1
Кошача /n2adj1
Крапля /n10
Крехівка /n10
Кривич /n20.a
Кривуля /n10
Крикуха /n10
Кріпенька /n2adj1
Кріпка /n2adj1
Кропивна /n10 :xp2                          # річка
Кропивник /n20.a
Кропивниця /n10
Кругленьке /n2adj1
Крутій /n20
Крутня /n10
Крюків /n21.a
Крюкова /n2adj1
Кулинка /n10
Кума /n10
Кумочка /n10
Кундук /n20.a
Купала /n10                                 # річка
Куплевате /n2adj1
Купна /n2adj1
Куриця /n10
Куркулак /n20
Курушан /n20.a
Кучук-Карасу noun:f:nv:np
Кучурган /n20.a
Куяльник /n20.a
Лавра /n10
Лаврик /n20.a                                 # річка
Лазня /n10
Ланна /n2adj1
Лапка /n10
Латориця /n10
Лаура /n10                                   # річка в Україні
Лебединець /n22.a                           # річка
Лебедиха /n10
Левачі /np2                                 # xv2
Леміш /n21.a
Лета /n10
Липець /n22.a
Липецька /n2adj1
Лип'янка /n10
Лиска /n10
Листвин /n20 :xp2                           # річка
Лисуха /n10
Лихва /n10
Лізна /n2adj1
Лімниця /n10
Лісна /n2adj1
Літнянка /n10
Лозова /n2adj1
Лозовенька /n10
Лозуватка /n10
Лойок /n22
Локня /n10
Ломака /n10
Ломниця /n10
Лопата /n10
Лопушина /n10
Лорина /n10                                 # річка
Лохвиця /n10
Лохова /n2adj1
Лошак /n20.a
Лошиця /n10
Лощина /n10
Луга /n10
Луганка /n10
Луганчик /n20.a
Лугань /n32
Лужанка /n10
Луква /n10
Луквиця /n10
Лупа /n10
Лучків /n21.a
Льва /n10
Любань /n32                                 # xv2
Любонька /n10
Люта /n2adj1
Лютенька /n10
Лючка /n10
Ляда /n10
Лядова /n10 :xp2
Мавка /n10                                  # річка
Макшиболото /n2n.ovi
Малайка /n10
Малик /n20.a                                # річка
Мамеч /n20 :xp2                             # річка
Марта /n10                                   # річка
Матиця /n10
Мгар /n20.ke :xp2                           # річка
Медведка /n10                               # xv2
Медведок /n22.a                             # xv2
Медунка /n10
Мезунка /n10
Меланка /n10
Мена /n10
Меньок /n22.a
Мертвовід /n21
Мерчик /n20.a :xp2                          # річка
Мжа /n10
Мислина /n10
Мишак /n20.a
Мишівка /n10
Мілке /n2adj1
Мілова /n10
Мірошник /n20.a                             # річка
Міус /n20
Міхова /n2adj1
Міць /n30
Млинарка /n10
Млинець /n22.a
Млинівка /n10
Млинок /n22.a :xp2                          # річка
Многа /n10
Могилки /np3
Могилянський /n2adj1
Мокриця /n10
Мокрянка /n10
Молокиш /n20
Молочна /n2adj1
Мосир /n20.ke :xp2                          # річка
Москва /n10
Московка /n10
Моства /n10
Мощанка /n10
Мупрашка /n10
Мурава /n10
Муравиця /n10
Мурафа /n10
Мурований /n2adj1
Муром /n20 :xp2                             # річка
Мутний /n2adj1
Муха /n10                                 # річка
Мухавець /n22.a
Нагольна /n2adj1
Нагольчик /n20.a :xp2                       # річка
Напрасна /n2adj1
Нараївка /n10
Настасія /n10                             # річка
Невільниця /n10
Недра /n10
Немия /n10
Неретва /n10
Нерушай /n20
Нетриус /n20
Нивка /n10
Нижня /n10                                 # річка в Україні
Нирка /n10
Ніла /n10                                 # річка
Нірка /n10
Нічлава /n10
Нічлавка /n10
Ножик /n20.a
Норець /n24.a
Норин /n20.a
Нурець /n22.a
Нурка /n10
Обеста /n10
Обитічна /n2adj1
Одинець /n22.a
Озірце /n2n
Озниця /n10
Окінка /n10
Олава /n10
Олена /n10                                   # річка
Олень /n20.a
Оливка /n10
Ольхівка /n10
Ольшанка /n10
Омелянівна /n10                             # річка
Опір /n21.ke
Орель /n32
Оржиця /n10
Оріль /n31
Орілька /n10
Оріховатка /n10
Орлиця /n10
Орчик /n20.a :xp2                           # річка
Орявчик /n20.a
Оселець /n24.a
Осикова /n2adj1
Осина /n10
Оскіл /n21
Оскол /n20                                  #> Оскіл
Ослава /n10
Осняга /n10
Осока /n10
Осокорівка /n10
Остер /n22.a.ke :xp2                        # річка
Острівська /n2adj1
Островок /n22.a
Очеретинка /n10
Ошука /n10
Павлик /n20.a                             # річка
Павлівка /n10
Павлівський /n2adj1
Павлюк /n20.a                             # річка
Панагія /n10
Панянка /n10
Паровиця /n10
Парок /n22.a
Пастуша /n2adj1
Перга /n10
Перебіг /n20
Перевал /n20
Перевід /n21
Переділка /n10
Переїздка /n10
Перекалка /n10
Переліска /n10
Перерісль /n30
Перлівка /n10
Першина /n10
Печини /np2 :xp2                            # річка
Підкамінь /n23 :xp2                         # річка
Підкова /n10
Піна /n10
Піскуваха /n10
Пісня /n10
Пістинька /n10
Піщанець /n22.a
Плав /n20
Плес /n20 :xp2                              # річка в Україні
Плоска /n2adj1
Плотва /n10
Плотичка /n10
Пляшівка /n10
Поганин /n20.a
Пожня /n10
Полична /n10
Половня /n10
Полонка /n10
Полтва /n10
Полузір'я /n2n
Помийниця /n10
Пониква /n10
Понора /n10
Понорка /n10
Попівка /n10
Поросна /n2adj1
Постіл /n20
Постолова /n2adj1
Поташ /n20 :xp2                             # річка
Потяга /n10
Прачка /n10
Приблуда /n10
Приворот /n20
приінгульський /adj
Прикіл /n21.a :xp2                          # річка
Припутенька /n10
Прип'ять /n32
Приставка /n10
Провалля /n2n
Прогін /n21
Проїзд /n20
Пронос /n20
Прорішка /n10
Просеред /n20
Протва /n10
Протік /n20
Протока /n10
Прудник /n20.a
Прудок /n22.a
Прут /n20
Псел /n22.a
Пустоха /n10
Пустуха /n10
Путила /n10
Путилівка /n10
Путівка /n10
Путня /n10
Пшеничник /n20.a
П'явка /n10
П'янка /n2adj1
Радомля /n10
Радоставка /n10
Райковий /n2adj1
Ракужа /n10
Рамазан /n20.a
Рата /n10
Рвач /n20.a
Рева /n10                                 # річка
Ревна /n10
Ревун /n20.a
Ревуха /n10
Ревучий /n2adj1
Ремінь /n23.a
Реп'яшок /n22.a
Реть /n32
Рибниця /n10
Рингач /n20.a
Рипа /n10
Рипинка /n10
Рів /n21
Різня /n10
Ріка /n10
Ріпка /n10
Ровець /n24.a :xp2                          # річка
Ровина /n10
Ровок /n22.a
Рогачик /n20.a :xp2                         # річка
Рогоза /n10
Рогозянка /n10
Рожина /n10
Роздільна /n2adj1
Роздоли /np2
Розкопка /n10
Рокач /n20.a
Рома /n10
Романовець /n24.a
Ромен /n20                                 # річка
Росава /n10
Роставиця /n10
Рось /n32
Роська /n10
Роятин /n20 :xp2                            # річка
Руга /n10
Руда /n10 :xp2                              # річка
Рудка /n10
Русава /n10
Ручайок /n22
Рябок /n22
Савониха /n10
Савранка /n10
Сага /n10
Сажавка /n10
Сажалка /n10
Сака /n10
Саксагань /n32
Салва /n10
Салгир /n20.a.ke
Сали noun:n:nv:np:xp2                       # Сали́: річка
Салогубівський /n2adj1
Самара /n10
Самець /n22.a
Самоткань /n32
Сапалаївка /n10
Сарата /n10
Сарису noun:f:nv:np
Сарна /n10
Сасик /n20
Саф'ян /n20.a
Сваха /n10
Свига /n10
Свидовець /n24.a /n22.a
Свинківка /n10
Свинолужка /n10
Свинория /n10
Свинюха /n10
Свиня /n10
Свинячка /n10
Свитенька /n10
Свитязь /n20.a
Свір /n20.ke :xp1                           # річка в Україні
Свір /n32.ke :xp2                           # річка в Росії
Свірж /n20
Світлиця /n10
Свіча /n10
Севастянівка /n10
Сейм /n20
Селезень /n22.a
Сельниця /n10
Селянка /n10
Серегівка /n10
Серет /n20
Серетель /n20
Серня /n2adj1
Сестра /n10
Сибір /n20.ke
Сиваш /n20.a :xp2                           # система заток
Сивка /n10
Сингаївський /n2adj1                           # річка
Синець /n22.a
Синиця /n10
Синичка /n10
Синька /n10
Синюха /n10
Сирень /n22.a :xp2                          # річка
Сирець /n22.a
Сириця /n10
Ситенька /n10
Ситівка /n10
Сівка /n10
Сільниця /n10
#Сірогози /np3               # Великі Сірогози
Сістра /n10
Січня /n10
Сіянка /n10
Скалка /n10
Сквиля /n10
Скиноса /n10
Скоморох /n20.a
Скомороха /n10
Скородна /n2adj1
Славинка /n10
Славка /n10
Слатина /n10
Сливка /n10
Словечна /n2adj1
Слонівка /n10
Слот /n20
Случ /n32
Сльоза /n10
Смілка /n10
Смож /n20
Смолка /n10
Смоляж /n20 :xp2                            # річка
Смолянка /n10
Смородинка /n10
Смотрич /n20
Смуга /n10
Смяч /n20 :xp2                      # річка
Снивода /n10
Снов /n20
Сновський /n2adj1
Соб /n20
Собок /n22.a
Соболь /n20.a
Совиця /n10
Совка /n10
Сокирниця /n10
Солодич /n20.a
Солокія /n10
Соломківський /n2adj1
Солона /n2adj1
Солоненька /n2adj1
Солониця /n10
Солонуватий /n2adj1
Сорока /n10
Сороча /n2adj1
Соха /n10
Сошенка /n10
Сріблянка /n10
Став /n20
Стави /np2
Стара /n2adj1
Старинка /n10
Староріччя /n2n
Старуха /n10
Ствига /n10
Стенавка /n10
Стир /n20.ke
Стирка /n10
Стік /n21
Стогнійка /n10
Стоп /n20
Стохід /n21
Стража /n10
Стривігор /n20.ke
Стриж /n20.a
Стрижень /n22.a
Стрий /n20 :xp2                         # річка
Стримба /n10
Стрипа /n10
Стрілиця /n10
Стрілка /n10
Стубазка /n10
Стубла /n10
Стугна /n10
Студениця /n10
Студянка /n10
Ступа /n10
Сувид /n20 :xp2                             # річка
Сугоклія /n10
Судак /n20.a :xp2                       # річка
Судилівка /n10
Судость /n32
Су-Індол /n20
Сукіль /n23
Сула /n10
Сулиця /n10
Сума /n10
Сумка /n10
Суниця /n10
Супій /n21
Сура /n10
Суха /n2adj1
Сухомлин /n20.a                         # річка
Сухомлинівка /n10
Сучава /n10
Сюрюк /n20.a :xp2                       # річка
Сян /n20
Тагамлик /n20.a :xp2                        # річка
Тайна /n10
Таль /n32
Тальнянка /n10
Танасу noun:f:nv:np
Таранька /n10
Тарган /n20.a :xp2                          # річка
Тартацька /n2adj1
Татарка /n10
Ташбунар /n20.ke
Ташлик /n20.a :xp2                          # річка
Ташличка /n10
Тащенак /n20.a :xp2                             # річка
Телиця /n10
Тенька /n10
Тепличина /n10
Теребля /n10
Теребовля /n10
Терек /n20
Тересва /n10
Терешівка /n10
Терешілка /n10
Терешка /n10
Терн /n20
Тернава /n10
Тернівка /n10
Терса /n10
Тес /n20
Тетерів /n23.a
Тетерівка /n10
Тетива /n10
Тилігул /n20
Тисмениця /n10
Тихін /n21.a                           # річка
Тихомель /n32 :xp2                          # річка
Тікач /n20.a
Тічка /n10
Тлумач /n20.a
Тня /n10
Товмач /n20 :xp2                            # річка
Товщ /n32
Тодор /n20.ke                          # річка
Токмак /n20.a :xp2                          # річка
Токмаківка /n10
Томашпілька /n10
Тоня /n10
Топила /np1 :xp2                            # річка
Тополька /n10
Торець /n22.a
Торч /n32
Тризна /n10
Тритузна /n2adj1
Трістя /n10
Тростянець /n22.a
Трубіж /n23.a
Трудниця /n10
Тупча /n10
Турин /n20.a
Турія /n10
Турка /n10
Тур'я /n10
Тусталь /n32
Тясмин /n20
Тячевець /n24.a
Убідь /n31
Уборть /n32
Уг /n20.a
Уда /n10
Удай /n20
Удич /n20
Удівець /n22.a
Уж /n20.a
Ужик /n20.a
Уличка /n10
Уманка /n10
Унава /n10
Уразова /n2adj1
#Усок /n22.a                             # річка
Устриця /n10
Уступ /n20
#Устя /n10
Утка /n10
Утлюк /n20.a
Ушиця /n10
Фіалка /n10
Фоса /n10
Хаба /n10
Хаджидер /n20.ke
Харцизька /n2adj1
Хима /n10                                 # річка
Хмелинка /n10
Хмелівка /n10
Холоп /n20
Хомора /n10
Хорватка /n10
Хоробра /n2adj1
Хорол /n20
Хотинь /n32
Хотімля /n10
Хочева /n10
Христя /n10                                 # річка
Хустка /n10
Царега /n10
Царина /n10
Царинка /n10
Цвинтарка /n10
Цвітоха /n10
Ценіївка /n10
Церем /n20
Цибульник /n20.a
Циганка /n10
Цимбал /n20.a                             # річка
Цир /n20.ke
Чабак /n20.a
Чага /n10
Чаква /n10
Чаплина /n10
Чаша /n10
Чекня /n10
Чепалівка /n10
Червище /n2n
Череваха /n10
Черевач /n20.a
Чередничка /n10
Черемош /n20
Черепашка /n10
Черкаська /n2adj1
Черлена /n2adj1
Черня /n10
Чехоня /n10
Чечва /n10
Чечуга /n10
Чилігідер /n20.ke
Чингул /n20
Чичиклія /n10
Чоботар /n24.a.ke
Чорна /n2adj1
Чорниця /n10
Чорногузка /n10
Чорноліска /n10
Чорнява /n2adj1
Чортала /n10
Чортиха /n10
Чортомлик /n20.a
Чорторий /n20
Чубайка /n10
Чумгак /n20.a
Шабелька /n10
Шабер /n20.a.ke
Шайтанка /n10
Шалівка /n10
Шахрайка /n10
Шевчиха /n10
Шерабад /n20.a
Шийка /n10
Шипинка /n10
Шия /n10
Шлямарка /n10
Шовковиця /n10
Шопурка /n10
Шостка /n10
Шпиківка /n10
Шполка /n10
Шубранець /n22.a
Щирець /n22.a
Юшанли noun:f:nv:np
Юшка /n10
Ягідниця /n10
Ягорлик /n20.a
Язвинка /n10
Яланець /n22.a
Яланка /n10
Яланчик /n20.a
Яловиця /n10
Ялпуг /n20
Ямочка /n10
Ямпільчик /n20.a
Яничарка /n10
Янчур /n20.ke
Яричівка /n10
Яромирка /n10
Ясина /n10
Ятрань /n32
Яшник /n20.a                            # річка
