алегретто adv
вебсайта вебсайт noun:m:v_rod
веб-сайта веб-сайт noun:m:v_rod
вогниво /n2n.p1 :rare    # xv2
гратами грати noun:p:v_oru
гребінь /n22.a.p
грунт /n20.p
грунтований /adj :&adjp:pasv:imperf    # :past
грунтовий /adj
грунтовний /adj.adv \
 +cs=грунтовніший
грунтовність /n30
грунтувати /v1.cf.advp.imprs0 :imperf
грунтуватися /vr1.cf.advp :imperf
Журавно noun:n:v_naz/v_zna
зберігти verb:inf:perf
зберігтись verb:rev:inf:perf
зберігтися verb:rev:inf:perf
згвалтований /adj :&adjp:pasv:perf
згвалтування /n2n.p1
згвалтувати /v1.imprs0 :perf
локоть /n22.p
негрунтований /adj :&adjp:pasv:imperf    # :past
необгрунтований /adj.adv :&adjp:pasv:perf    # :past
обгрунтований /adj.adv :&adjp:pasv:perf    # :past
обгрунтованість /n30
обгрунтовувати /v1.cf.advp :imperf
обгрунтовуватися /vr1.cf.advp :imperf
обгрунтування /n2n.p1
обгрунтувати /v1.imprs0 :perf
обгрунтуватися /vr1 :perf
основанья основанья noun:n:v_rod
підгрунтя /n2n
прихватизатор /n20.a.p.ke.<
прихватизація /n10
прихватизований /adj :&adjp:pasv:perf
прихватизувати /v1.imprs0 :perf
прихватизуватися /vr1 :perf
п'яніна /n10
п'яніно noun:n:nv:np
сайта сайт noun:m:v_rod
самашедший /adj
совєти /np2
совєцький /adj
совіти /np2
трафіка трафік noun:m:v_rod
фортеп'яна /n10.p1
