А-Ба-Ба-Га-Ла-Ма-Га /n10 :np:prop
Абабагаламага /n10 :np:prop
а-ба-ба-га-ла-ма-га /n10 :np:prop
агрус /n20.p
АероСвіт /n20
алегретто adv
арендований /adj :&adjp:pasv:imperf:perf    # :past
арендованість /n30
арендодавець /n22.a.p.<
арендування /n2n.p1
арендувати /v1.cf.advp.is0 :imperf:perf
арендуватися /vr1.cf.advp :imperf:perf
біґборд /n20.a.p
біґ-борд /n20.a.p
вебсайта вебсайт noun:m:v_rod
веб-сайта веб-сайт noun:m:v_rod
випроменений /adj :&adjp:pasv:perf    # :past
випроменити /v1.is0.it1 :perf
випроменитися /vr1 :perf
відео-арт /n20
вогниво /n2n.p1 :rare    # xv2
газда /n10.p1.ko.<m
гатунок /n22.p
гвалтування /n2n.p1
голівудський /adj
гратами грати noun:p:v_oru
гребінь /n22.a.p
гречно adv
грунт /n20.p
грунтований /adj :&adjp:pasv:imperf    # :past
грунтовий /adj
грунтовний /adj.adv \
 +cs=грунтовніший
грунтовність /n30
грунтувати /v1.cf.advp.is0 :imperf
грунтуватися /vr1.cf.advp :imperf
грянути /v1 :perf
ґданський /adj
дезинфекція /n10
держдепартамент /n20
дрогобиччанин /n20.a.p.<
екстра-клас /n20.p
електрон-вольт /n20.a.p
єврокомісія /n10
європарламент /n20
Журавно noun:n:v_naz/v_zna
заввиграшки adv
загорання /n2n.p1
загорати /v2.cf.advp :imperf
загоратися /vr2.cf.advp :imperf
зберігти verb:inf:perf
зберігтись verb:rev:inf:perf
зберігтися verb:rev:inf:perf
згвалтований /adj :&adjp:pasv:perf
згвалтування /n2n.p1
згвалтувати /v1.is0 :perf
ізотерика /n10
ізотеричний /adj
іменно adv
імплатант /n20.a.p
інвентаря інвентар noun:inanim:m:v_rod          # р.в. архаїчного значення — список
інтересно adv
колять колоти verb:imperf:pres:p:3
крон-принц /n20.a.p.<
крон-принцеса /n10.p1.<
лабет лабети noun:inanim:p:v_rod:ns
локоть /n22.p
мікрочіп /n20.a.p
мілірування /n2n
насамоті adv
негрунтований /adj :&adjp:pasv:imperf    # :past
необгрунтований /adj.adv :&adjp:pasv:perf    # :past
нішевий /adj
нон-грата noninfl
обгрунтований /adj.adv :&adjp:pasv:perf    # :past
обгрунтованість /n30
обгрунтовувати /v1.cf.advp :imperf
обгрунтовуватися /vr1.cf.advp :imperf
обгрунтування /n2n.p1
обгрунтувати /v1.is0 :perf
обгрунтуватися /vr1 :perf
овоча овоч noun:m:v_rod
основанья основанья noun:n:v_rod
очків очко noun:inanim:p:v_rod:xp2
пампушків пампушка noun:inanim:p:v_rod
підгрунтя /n2n
підопитний /adj
пластирем пластир noun:inanim:m:v_oru
посипляться посипатися verb:rev:perf:futr:p:3:xp2
прихватизатор /n20.a.p.ke.<
прихватизація /n10
прихватизований /adj :&adjp:pasv:perf
прихватизувати /v1.cf.advp.is0 :perf
прихватизуватися /vr1.cf.advp :perf
прогавити /v1.it0 :perf
продезинфікований /adj :&adjp:pasv:perf    # :past
проплата /n10.p1
проффесор /n20.a.p.ke.<
п'яніна /n10
п'яніно noun:n:nv:np
реггі noun:n:nv
сайта сайт noun:m:v_rod
самашедший /adj
серйоз /n20
сиплються сипатися verb:rev:imperf:pres:p:3
совєти /np2
совєцький /adj
совіти /np2
трафіка трафік noun:m:v_rod
Тріполі noun:n:nv:np
фортеп'яна /n10.p1
хабарем хабар noun:inanim:m:v_oru
Ціцерон /n20.a.<+
Цюріх /n20.a
Черчілль /n20.a.<+
чілі noun:m:nv
