автодорожний /adj
агрус /n20.p
адвалерний /adj                             #> адвалорний
аддукт /n20.p
АероСвіт /n20
а-капельний /adj.adv
алегретто adv
альтер-его noun:m:nv                        #> альтер его
анахроністичний /adj
антигабсбургський /adj                      #> антигабсбурзький
арендований /adj :&adjp:pasv:imperf:perf    # :past
арендованість /n30
арендодавець /n22.a.p.<
арендування /n2n.p1
арендувати /v1.cf.advp.is0 :imperf:perf
арендуватися /vr1.cf.advp :imperf:perf
архидієцезіальний /adj
архидієцезія /n10.p1
архиєпископство /n2n
архикнязь /n20.a.p.<
астеноневротичний /adj
аудіодискрипція /n10
аутсорсінг /n20
афро-американець /n22.a.p.<
афро-американка /n10.p2.<
Афродита /n10.< :prop:fname
аятолла /n10.p1.<m
бандарлог /n20.a.p.<>
баннерний /adj
Баренцова Баренцове adj:n:v_rod
баристів бариста noun:anim:p:v_rod/v_zna
баріста /n10.p1.< :+m
барокко noun:n:nv:np
батальон /n20.p
батік /n20
бебісітер /n20.a.p.ke.<
бебісітерський /adj
бебісіттер /n20.a.p.ke.<
бебісіттерський /adj
безклопотний /adj
безклопотність /n30
безклопотно adv
безупину adv
бек-граунд /n20
бендерівець /n22.a.p.<
бендерівський /adj
Берингова Берингів adj:n:v_rod              # поширене: Берингова моря
Берінгів /adj
Берінгова Берінгів adj:n:v_rod
біґборд /n20.a.p
біґ-борд /n20.a.p
біло-сердечний /adj
біткоін /n20.a.p                            #> біткоїн
богородиця /n10.p1.<
будьякий /adj :&pron:ind
буйвол noun:anim:m:v_naz                    # lim
валахський /adj
вантажопасажирський /adj                    #> вантажно-пасажирський
вахабізм /n20
вахабіт /n20.a.p.<
вахабітський /adj
вебсайта вебсайт noun:m:v_rod
веб-сайта веб-сайт noun:m:v_rod
вестибуль /n20.a.p
виїздний /adj                               #> виїзний
вийняток /n22.p
випроменений /adj :&adjp:pasv:perf # :past  #> випромінений
випроменити /v1.is0.it1 :perf               #> випромінити
випроменитися /vr1 :perf                    #> випромінитися
високодоходний /adj
високопреосвящений /adj
вищосортний /adj
відворотній /adj
відео-арт /n20
військомат /n20.p
вінниччанин /n20.a.pyn.<
вінниччанка /n10.p2.<
вістник /n20.a.p
віцепрезиденство /n2n
вкидування /n2n
внутрішньо-переміщений /adj
внутрішньо-регіональний /adj
водно-моторний /adj
вождізм /n20
всеядний /adj
всеядність /n30
в'язко-пружний /adj
гадюшник /n20.a.p
газда /n10.p1.<m
газдиня /n10.p1.<
Гайяна /n10 :prop:geo                       #> Гаяна
гама-ніж /n21.a.p                           #> гамма-ніж
ганделик /n20.a.p
гандж /n20.p
гатунок /n22.p
гаусівський /adj
гвалт /n20
гвалтування /n2n.p1
гевал /n20.a.p.<
генно-модифікований /adj
геномодифікований /adj
геолого-розвідувальний /adj
гердан /n20.p
герпес-вірус /n20.p
гільбертовий /adj
гірничо-видобувний /adj
гірничо-добувний /adj
гірничо-промисловий /adj
гірничо-рятувальний /adj
гірничо-технічний /adj
гірничо-шахтний /adj
гірсько-лижний /adj
глютаміновий /adj                           #> глутаміновий
голандський /adj
гонконгець /n22.a.p.<                       #> гонконжець
гонконгівець /n22.a.p.<
гонконгський /adj                           #> гонконзький
готентот /n20.a.p.<                         #> готтентот
гранднаратив /n20.p
грати /np1                                  # має бути ґрати, але дуже багато випадків з г
грекокатолик /n20.a.p.<
грекокатолицький /adj
гречний /adj.adv \
 +cs=гречніший
гречність /n30
грунт /n20.p
грунтівка /n10.p2
грунтований /adj :&adjp:pasv:imperf    # :past
грунтовий /adj
грунтовний /adj.adv \
 +cs=грунтовніший
грунтовність /n30
грунтозахисний /adj
грунтознавець /n22.a.p.<
грунтознавство /n2n
грунтообробний /adj
грунтоутворення /n2n
грунтувати /v1.cf.advp.is0 :imperf
грунтуватися /vr1.cf.advp :imperf
гудзичок /n22.a.p
гуллівер /n20.a.p.ke.<
гулліверів /adj
гулліверівський /adj
гуля /n10.p1
двобокий /adj
дезинфекція /n10
декретовий /adj
демо-версія /n10.p1
демо-запис /n20.p
демо-зона /n10.p1
держдеп /n20
держдепартамент /n20
дефакто adv
дєнікінець /n22.a.p.<
дєнікінський /adj
джаган /n20.a.p
джем-сейшн /n20.p
джентельмен /n20.a.p.<
джентельменський /adj
джигун /n20.a.p.<
дзига /n10.p1
дибіл /n20.a.p.<
дигіталізація /n10
дискутивний /adj
дияконівський /adj
діггер /n20.a.p.ke.<
дігер /n20.a.p.ke.<
ді-джейка /n10.p2.<
ді-джейський /adj
діджеріду noun:m:nv
ділер /n20.a.p.ke.<
дірхем /n20.a.p
діснеєвський /adj
довгожданний /adj.adv
догори-дриґом adv
Дон-Жуан /n20.a.<+
Дон-Кіхот /n20.a.<+
допомогати /v2.cf.advp :imperf
дорожний /adj
достаточний /adj
досьогодні adv
доход дохід noun:inanim:m:v_naz/v_zna
доходний /adj
доходність /n30
драгомановський /adj
дригати /v2.cf.advp :imperf
дригатися /vr2.cf.advp :imperf
дригом adv
дріжджевий /adj
дрогобиччанин /n20.a.pyn.<
дурацький /adj
духм'яний /adj
духовноінтелектуальний /adj
ейфоричний /adj
еквімольний /adj
екзіт-пол /n20.p
екклезіологічний /adj
екклезіологія /n10
еко-етичний /adj
еко-культурний /adj
еко-ресурсний /adj
експортно-орієнтований /adj
експорто-орієнтований /adj
експо-центр /n20.p.ke
експрем'єрміністр /n20.a.p.ke.< :ua_2019
екстрім /n20 :coll
електрон-вольт /n20.a.p
емменталь /n20
енергоекономічний /adj
енергоекономічність /n30
епіцентра епіцентр noun:m:v_rod
ессенціальний /adj
ефіопець /n22.a.p.<
євро-американський /adj
євро-африканський /adj
єврокомісія /n10
європарламент /n20
єнакієвський /adj                           #> єнакіївський
єрархічний /adj
жень-шень /n20
живописувати /v1.cf.advp :imperf
житловокомунальний /adj
життєвоважливий /adj
життєво-важливий /adj
життєвонеобхідний /adj
життєво-необхідний /adj
життєзначущий /adj
життєсмисловий /adj
жовтоблакитний /adj
жовто-гарячий /adj
жовчно-кам'яний /adj
жовчокам'яний /adj
забов'язаний /adj :&adjp:pasv:perf
забов'язання /n2n.p1
забов'язати /v1.isNo :perf
забов'язувати /v1.cf.advp :imperf
забомбити /v1.is0 :perf
заборговувати /v1.cf.advp :imperf
заввиграшки adv
загорання /n2n.p1
загорати /v2.cf.advp :imperf
загоратися /vr2.cf.advp :imperf
загратований /adj :&adjp:pasv:perf
загратовувати /v1.cf.advp :imperf
загратувати /v1.is0 :perf
загрунтований /adj :&adjp:pasv:perf
задуже adv
задужо adv
зажатість /n30
зазняти /v1.isTo :perf
залюбування /n2n
заплющіть заплющити verb:perf:impr:p:2
запомоговий /adj
Запорожжя /n2n :prop:geo
заробітня /adj
засиплять засипати verb:perf:futr:p:3:xp2
західно-європейський /adj
західно-український /adj
зберігти verb:inf:perf                  # lim
зберігтись зберігтися verb:rev:inf:perf # lim
зберігтися verb:rev:inf:perf            # lim
зворотній /adj
звязок /n22.p
згвалтований /adj :&adjp:pasv:perf
згвалтування /n2n.p1
згвалтувати /v1.is0 :perf
здавен adv
здзвонюватися /vr1.cf.advp :imperf
зелено-туристичний /adj
зененхунд /n20.a.p.<>
з-закордону adv
зізіфус /n20.a.p
зісватати /v2 :perf
зістарювання /n2n
зістарювати /v1.cf.advp :imperf
знакомий /adj
зовнішньо-економічний /adj
зовнішньо-подієвий /adj
зовнішньо-політичний /adj
зовнішньо-торговельний /adj
зоопарківський /adj
зпід adv
зпоміж adv
ієзуїтський /adj
ізотерика /n10
ізотеричний /adj
ІІ number:latin
ІІІ number:latin
іменно adv
імігрант /n20.a.p.<
іміграція /n10
імігрувати /v1.cf.advp :imperf:perf
іміджовий /adj
імплатант /n20.a.p
інавгурований /adj :&adjp:pasv:imperf:perf
інвентаря інвентар noun:inanim:m:v_rod          # р.в. архаїчного значення — список
індивідум /n20.a.p.<
індіанин /n20.a.pyn.<
індокачка /n10.p2.<>
іноваційний /adj
іноваційність /n30
інтепретація /n10.p1
інтердисциплінарний /adj
інтердисциплінарність /n30
інтересно adv:&predic
інформаційноаналітичний /adj
інфотеймент /n20
інціатива /n10.p1
історикокраєзнавчий /adj
історикокультурний /adj
історіописання /n2n
іудео-християнський /adj
їстивний /adj
казацький /adj
казачество /n2n
казачок /n22.a.p.<
ка-зна-що adv
кам'яно-вугільний /adj
канський /adj
карабахський /adj                           #> карабаський
каролінгський /adj                          #> каролінзький
картбланш /n20.a
картрідер /n20.a.p.ke
кат-зна adv
кат-ма adv
києво-руський /adj
Килійський /adj
кинжал /n20.a.p
кисло-молочний /adj
кік-боксинг /n20
#кіна кіно noun:n:v_rod
кіокушінкай noun:n:nv:np
кластерізація /n10
клієнт-орієнтований /adj
клієнт-орієнтованість /n30
клопотливий /adj
клопотливо adv
кметливий /adj
кметливість /n30
Козеріг /n21.a
козеріг /n21.a.p.<>
коллайдер /n20.a.p.ke
колять колоти verb:imperf:pres:p:3
конвертатор /n20.a.p.ke
конкурентноздатний /adj
конкурентноздатність /n30
конкурентноспроможний /adj
конкурентноспроможність /n30
константувати /v1 :perf
концентромір /n20.a.p.ke
кон'юктивіт /n20.p
королевський /adj
Коста-Ріка /n10
крайньо-правий /adj
краудфандінг /n20
краудфандінговий /adj
крепатура /n10
крон-принц /n20.a.p.<
крон-принцеса /n10.p1.<
крос-культурний /adj
крюінговий /adj
культурноосвітній /adj
культурнопросвітницький /adj
лабет лабети noun:inanim:p:v_rod:ns
лако-фарбовий /adj
латино-американський /adj
леґінь /n20.a.p.<
лібретто noun:n:nv
ліво-ліберальний /adj
ліво-радикальний /adj
літературно-мовний /adj
локоть /n22.p
лонґселер /n20.a.p.ke
льєжський /adj                              #> льєзький
мавп'ятник /n20.a.p                         #> мавпятник
мавп'ячий /adj                              #> мавпячий
магніто-резонансний /adj
мадьяр /n20.a.p.ke.<
мадьярський /adj
майстерзінгер /n20.a.p.ke.<
макдональдс /n20.a.u.p
малоімовірний /adj.adv
Мальдиви /np2 :prop:geo
марганцево-кислий /adj
маріхуана /n10
матеріальнотехнічний /adj
маштабний /adj.adv
маштабність /n30
Мелашчин /adj
менхенгладбахський /adj
мессія /n10.p1.<m
міжнародно-визнаний /adj
міжнародно-договірний /adj
міжнародно-економічний /adj
міжнародно-протиправний /adj
мікрочіп /n20.a.p
мінусовка /n10.p2
місцевизначення /n2n
місцеіснування /n2n.p1
міттельштанд /n20.p
Міхаіл /n20.a.< :prop:fname
мовно-стилістичний /adj
молочно-кислий /adj
молочно-товарний /adj
мотопароплан /n20.a.p
моцарелла /n10
м'ясомолочний /adj
навсебіч adv
нагірно-карабаський /adj                    #> нагірнокарабаський
нагірно-карабахський /adj                   #> нагірнокарабаський
надприродній /adj
надурняк adv
найтяжкий /adj
народно-господарський /adj
народно-пісенний /adj
насамоті adv
насмерть adv
науково-видавничий /adj
науково-документальний /adj
науковометодичний /adj
науковопедагогічний /adj
науковоподібний /adj
науковопопулярний /adj
науковопрактичний /adj
науковоредакційний /adj
науковотехнічний /adj
національновизвольний /adj
національнодемократичний /adj
національнокультурний /adj
національнопатріотичний /adj
невдобно adv
невідворотній /adj
негаусівський /adj
негрунтований /adj :&adjp:pasv:imperf    # :past
недивно adv
незворотній /adj
незрівняний /adj
нейрогуморальний /adj
неконкурентноздатний /adj
неминучо adv
необгрунтований /adj.adv :&adjp:pasv:perf    # :past
непринятий /adj
нижчоліговий /adj
низькодоходний /adj
ніжнобузковий /adj
ніжнозелений /adj
ніжносалатовий /adj
нью-йорський /adj
ньюсмейкер /n20.a.p.ke.<
ньюс-мейкер /n20.a.p.ke.<
ньюсмейкерство /n2n
ньюс-рум /n20.p
обгрунтований /adj.adv :&adjp:pasv:perf \    # :past
 +cs=обгрунтованіший
обгрунтованість /n30
обгрунтовання /n2n
обгрунтовування /n2n
обгрунтовувати /v1.cf.advp :imperf
обгрунтовуватися /vr1.cf.advp :imperf
обгрунтування /n2n.p1
обгрунтувати /v1.is0 :perf
обгрунтуватися /vr1 :perf
об'єктно-орієнтований /adj
облрибкомбінат /n20.p
овоча овоч noun:m:v_rod
одинаковий /adj
окклюдер /n20.a.p.ke
олієжировий /adj
олійноекстракційний /adj
олійно-екстракційний /adj
олійножировий /adj
онко-гематологічний /adj
он-лайновий /adj
оптиковолоконний /adj
оптикоелектронний /adj
орігамі noun:m:nv|noun:f:nv
основанья основанья noun:n:v_rod            # lim
оцетовий /adj
очків очко noun:inanim:p:v_rod:xp2
пампушків пампушка noun:inanim:p:v_rod
пам'ятко-охоронний /adj
панєвропейський /adj
пан-отець /n22.a.p.<
папайя /n10                                 #> папая
паперово-грошовий /adj
паратриатлон /n20
партайгеносе noun:m:nv:anim
партійнодержавний /adj
паталогічний /adj                           #> патологічний
пенсільванець /n22.a.p.<
Пенсільванія /n10 :prop:geo
пенсільванський /adj
пентхауз /n20.a.p
первісно-общинний /adj
передювілейний /adj
перекоти-поле /n2n
перепорядкування /n2n
переслуховування /n2n
перетурбація /n10.p1
перисто-розсічений /adj
Пєтровскій /n2adj1.<+
південно-азійський /adj
південно-американський /adj
південно-африканський /adj
південно-європейський /adj
південно-кавказький /adj
південно-корейський /adj
південно-осетинський /adj
південно-руський /adj
південно-слов'янський /adj
півзахисний /adj
північно-американський /adj
північно-африканський /adj
північно-кавказький /adj
північно-корейський /adj
північно-осетинський /adj
півтора-дві numr:p:nv           # rg_m/rg_n
півтори-два numr:p:nv           # rg_f
підгорання /n2n.p1
підгорати /v2.cf.advp :imperf
підгрунтя /n2n
підножний /adj
піккардійський /adj
піт-буль /n20.a.p.<>
піт-бультер'єр /n20.a.p.ke.<>
пішоходний /adj
пласкопаралельний /adj
пласко-паралельний /adj
пластирем пластир noun:inanim:m:v_oru
плодовоовочевий /adj
плоско-паралельний /adj
Пльзень /n22.a :prop:geo
побутовізм /n20.p
подвірній /adj
пожадальний /adj
пообіді adv
попадей попадя noun:anim:p:v_rod/v_zna
посипляться посипатися verb:rev:perf:futr:p:3:xp2
по-суті adv
почилий /adj :&adjp:actv:perf
право-консервативний /adj
право-ліберальний /adj
право-національний /adj
право-популістський /adj
право-радикальний /adj
право-троцькістський /adj
праобраз /n20.p                             #> прообраз
предімплантаційний /adj
прем'єрміністр /n20.a.p.ke.<
пресавтомат /n20.a.p
прецендент /n20.p
прецидентний /adj
приватдоцент /n20.a.p.<
приватно-підприємницький /adj
приватно-правовий /adj
придорожний /adj
приняти /v1.isTo :perf
принятий /adj :&adjp:pasv:perf
принятися /vr1 :perf
приоритетний /adj
природничонауковий /adj
природній /adj
природнокліматичний /adj
природно-мовний /adj
природно-науковий /adj
природноправовий /adj
природо-ресурсний /adj
пріорітет /n20.p
пріорітетний /adj
прогавити /v1.it0 :perf
продезинфікований /adj :&adjp:pasv:perf    # :past
проплата /n10.p1
просторочасовий /adj
просторо-часовий /adj
протопоп /n20.a.p.<
проффесор /n20.a.p.ke.<
пружній /adj
психо-емоційний /adj
психо-ментальний /adj
психо-неврологічний /adj
психо-соматичний /adj
психо-соціальний /adj
психо-фізичний /adj
психо-фізіологічний /adj
публічноправовий /adj
пуерториканський /adj
пуерторіканський /adj
пуско-налагоджувальний /adj
п'яніна /n10
п'яніно noun:n:nv:np
рагс /n20.p
ребрендінг /n20
резигнація /n10
ремигати /v2.cf.advp :imperf
рето-романський /adj
ретрівер /n20.a.p.ke.<>
речінець /n22.a.p
ризик-орієнтований /adj
римокатолицизм /n20
римокатолицький /adj
рідер /n20.a.p.ke
рієлтер /n20.a.p.ke.<
рієлтерський /adj
різото noun:n:nv
різотто noun:n:nv
рінгтон /n20.p
рітейл /n20
рітейлер /n20.a.p.ke.<
рітейлерський /adj
рН noninfl
рок-н-ролл /n20
садо-мазохізм /n20
сайєнтолог /n20.a.p.<
сайєнтологічний /adj
сайєнтологія /n10
сайта сайт noun:m:v_rod
самітній /adj
самміт /n20.p
самозагорання /n2n
світлоповітряний /adj
світлошумовий /adj
свят-вечір /n21.a.p.ke                      #> святвечір
свят-вечірній /adj                          #> святвечірній
священомученик /n20.a.p.<
священослужитель /n20.a.p.<
секвойя /n10                                #> секвоя
сек'юріті noun:m:nv|noun:m:nv:anim
селебритіс noun:p:nv:ns:anim
селебрітіс noun:p:nv:ns:anim
сепаратиський /adj
середньостатичний /adj                      #> середньостатистичний
серйоз /n20
серцевосудинний /adj
силезький /adj
Симбірськ /n20.a :prop:geo
символа символ noun:m:v_rod
синематограф /n20.a.p
синьожовтий /adj
синьозелений /adj
сипляться сипатися verb:rev:imperf:pres:p:3
сігвей /n20.a.p
сіквел /n20.p
сірійський /adj
сіцілійський /adj
скінченно-елементний /adj
сніговобілий /adj
соц-арт /n20
соціальноекономічний /adj
соціальнополітичний /adj
соціо-економічний /adj
соціо-психологічний /adj
спинно-мозковий /adj
студенокський /adj                          #> студеноцький
султаншо султанша noun:anim:f:v_kly
суспільнополітичний /adj
східно-азіатський /adj
східно-азійський /adj
східно-європейський /adj
східно-православний /adj
східно-слов'янський /adj
східно-український /adj
східно-християнський /adj
сюхвилинний /adj
сюхвилинність /n30
сюхвилинно adv
так-званий /adj
теле-радіоефір /n20.p.ke
теле-радіоканали /np2
теле-радіокомпанія /n10.p1
теле-радіомовлення /n2n
теле-радіопрограми /np1
Тенерифе noun:n:nv:bad:prop:geo
теппінг /n20
тирольський /adj
тисаагтелекський /adj                       #> тисаагтелецький
торрент /n20.a.p
торрент-клієнт /n20.a.p
торрент-мережа /n10.p1
торрент-трекер /n20.a.p.ke
траекторія /n10.p1
трансєвропейський /adj
трафіка трафік noun:m:v_rod
триатлон /n20
триатлоніст /n20.a.p.<
триатлоністка /n10.p2.<
Тріполі noun:n:nv:np:prop:geo
троцкізм /n20
трудоголик /n20.a.p.<
Туркменистан /n20 :prop:geo
тшінецький /adj
уїкенд /n20.p
Уїмблдон /n20 :prop
фараонський /adj
феменістка /n10.p2.<
фінляндизований /adj :&adjp:pasv:imperf:perf
фінляндизуватися /vr1.cf.advp :imperf:perf
фінляндізація /n10
фінн /n20.a.p.<
фіто-санітарний /adj
форм-фактор /n20.a.p.ke
форсмажор /n20.p.ke
форсмажорний /adj
фортеп'яна /n10.p1
фрістайліст /n20.a.p.<
фрістайлістка /n10.p2.<
фуллерен /n20.p
хатів хата noun:inanim:p:v_rod
хащів хаща noun:inanim:p:v_rod
хвилеводний /adj
хеппі-енд /n20.p
ХІХ number:latin
хлібо-булочний /adj
хмельниччанин /n20.a.pyn.<
ходімте ходити verb:imperf:impr:p:1
хостінг /n20.p
ХХ number:latin
ХХІ number:latin
цедулка /n10.p2
центрально-азіатський /adj
центрально-азійський /adj
центрально-український /adj
церковно-парафіяльний /adj
церковно-приходський /adj
церковно-слов'янський /adj
цетральний /adj
ціаністий /adj
Ціцерон /n20.a.<+
Цурюпинськ /n20.a :prop:geo
цурюпинський /adj
цюріський /adj
Цюріх /n20.a :prop:geo
цюріхський /adj
черлідер /n20.a.p.ke.< :+f
черлідинг /n20
черчилівський /adj
Черчілль /n20.a.<+
чізбургер /n20.a.p.ke
чілі noun:m:nv
чілієць /n22.a.p.<
чіпси /np2
член-кореспондент /n20.a.p.<
чорнетка /n10.p2
шахид /n20.a.p.<
шахидка /n10.p2.<
швецький /adj
шефкухар /n24.a.p.ku.<
шефмеханік /n20.a.p.<
шефпілот /n20.a.p.<
шефповар /n20.a.p.ke.<
шефредактор /n20.a.p.ke.<
шляхо-ремонтний /adj
шосткінський /adj
шоці шок noun:inanim:m:v_mis
шри-ланкійський /adj
штабквартира /n10.p1
штраф-майданчик /n20.a.p
штрих-пунктирний /adj
штрудель /n20.a.p
