ааа intj
автодорожний /adj
агрус /n20.p
адвалерний /adj                             #> адвалорний
аддукт /n20.p
АероСвіт /n20 :prop                         #> Аеросвіт
академик /n20.a.p.<
а-капельний /adj.adv
алегретто adv
Альбанія /n10 :prop:geo
амігдалін /n20
анахроністичний /adj
антигабсбургський /adj                      #> антигабсбурзький
арендований /adj :&adjp:pasv:imperf:perf    # :past
арендованість /n30
арендодавець /n22.a.p.<
арендування /n2n.p1
арендувати /v1.cf.advp.is0 :imperf:perf
арендуватися /vr1.cf.advp :imperf:perf
архидієцезіальний /adj
архидієцезія /n10.p1
архиєпископство /n2n
архикнязь /n20.a.p.<
астеноневротичний /adj
атаман /n20.a.p.<
аудіодискрипція /n10
аутсорсінг /n20
Афродита /n10.< :prop:fname
аятолла /n10.p1.<m
бандарлог /n20.a.p.<>
баннерний /adj
Баренцова Баренцове adj:n:v_rod
баристів бариста noun:anim:p:v_rod/v_zna
баріста /n10.p1.< :+m
барокко noun:n:nv:np
батальон /n20.p
батік /n20
бачуть бачити verb:imperf:pres:p:3
бебісітер /n20.a.p.ke.<
бебісітерський /adj
бебісіттер /n20.a.p.ke.<
бебісіттерський /adj
безклопотний /adj
безклопотність /n30
безклопотно adv
безупину adv
бендерівець /n22.a.p.<
бендерівський /adj
Берегово noun:n:v_naz/v_zna:geo             # lim
Берингова Берингів adj:n:v_rod              # поширене: Берингова моря
Берінгова Берінгів adj:n:v_rod
Бесарабія /n10 :prop:geo
біґборд /n20.a.p
біґ-борд /n20.a.p
біткоін /n20.a.p                            #> біткоїн
близкість /n30
богородиця /n10.p1.<
бо-зна noninfl:&predic
боярів боярин noun:anim:p:v_rod/v_zna
Бразілія /n10 :prop:geo
брошюра /n10.p1
будьякий /adj :&pron:ind
буйвол noun:anim:m:v_naz                    # lim
буков буква noun:p:v_rod
буксируваний /adj  :&adjp:pasv:imperf           # :past
бурак /n20.a.p
валахський /adj
вантажопасажирський /adj                    #> вантажно-пасажирський
вахабізм /n20
вахабіт /n20.a.p.<
вахабітський /adj
вебсайта вебсайт noun:m:v_rod
веб-сайта веб-сайт noun:m:v_rod:ua_1992
вестибуль /n20.a.p
вигаптований /adj :&adjp:pasv:perf              # :past
вигаптовано вигаптувати verb:perf:impers
виглянсований /adj :&adjp:pasv:perf
виглянсовано виглянсувати verb:perf:impers
виїздний /adj                               #> виїзний
вийнятковий /adj
вийнятково adv
вийняток /n22.p
викарбований /adj :&adjp:pasv:perf
викарбовано викарбувати verb:perf:impers        #> викарбувано
викований /adj :&adjp:pasv:perf                 # :past
виковано викувати verb:perf:impers
виколядований /adj :&adjp:pasv:perf             # :past
виколядовано виколядувати verb:perf:impers
викомпонований /adj :&adjp:pasv:perf
викомпоновано викомпонувати verb:perf:impers
викорчований /adj :&adjp:pasv:perf              # :past
Вилково noun:n:nv:prop:geo
вимудрований /adj :&adjp:pasv:perf              # :past
вимудровано вимудрувати verb:perf:impers
вимуштрований /adj :&adjp:pasv:perf             # :past
вимуштровано вимуштрувати verb:perf:impers
виполірований /adj :&adjp:pasv:perf             # :past
виполіровано виполірувати verb:perf:impers
випомповано випомпувати verb:perf:impers
випробований /adj :&adjp:pasv:perf              # :past
випробовано випробувати verb:perf:impers:xp2
випродукований /adj :&adjp:pasv:perf
випродуковано випродукувати verb:perf:impers
випроменений /adj :&adjp:pasv:perf # :past  #> випромінений
випроменити /v1.is0.it1 :perf               #> випромінити
випроменитися /vr1 :perf                    #> випромінитися
випряг випрягти verb:perf:past:m
вирахований /adj :&adjp:pasv:perf               # :past
вираховано вирахувати verb:perf:impers
вирихтований /adj :&adjp:pasv:perf              # :past
вирихтовано вирихтувати verb:perf:impers
вирятований /adj :&adjp:pasv:perf               # :past
вирятовано вирятувати verb:perf:impers
високодоходний /adj
високопреосвящений /adj
виторгований /adj :&adjp:pasv:perf              # :past
виторговано виторгувати verb:perf:impers
вишліфований /adj :&adjp:pasv:perf              # :past
вишліфовано вишліфувати verb:perf:impers
вищосортний /adj
відворотній /adj
військомат /n20.p
віл-інфекція /n10                 # caps    #> ВІЛ-інфекція
віл-інфікований /adj              # caps    #> ВІЛ-інфікований
віл-інфікований /n2adj1.f.p.<     # caps
віл-позитивний /adj               # caps    #> ВІЛ-позитивний
вінниччанин /n20.a.pyn.<
вінниччанка /n10.p2.<
вістник /n20.a.p
внз noun:m:nv                       # caps  #> ВНЗ
вождізм /n20
врагс /n20.p                        # caps  #> ВРАЦС
всеядний /adj
всеядність /n30
гава /n10.<>
гадюшник /n20.a.p
газда /n10.p1.<m
газдиня /n10.p1.<
Гайяна /n10 :prop:geo                       #> Гаяна
гама-ніж /n21.a.p                           #> гамма-ніж
ганделик /n20.a.p
гандж /n20.p
гатунок /n22.p
гаусівський /adj                            #> Гаусів
гвалт /n20
гвалтування /n2n.p1
гевал /n20.a.p.<
геллоуїн /n20                               #> гелловін
геллоуїнський /adj                          #> гелловінський
геловін /n20                                #> гелловін
геловінський /adj                           #> гелловінський
гелоуїн /n20                                #> гелловін
гелоуїнський /adj                           #> гелловінський
гельсінкський /adj                          #> гельсінський
генно-модифікований /adj
геномодифікований /adj
геолого-розвідувальний /adj
гердан /n20.p
герпес-вірус /n20.p
гільбертовий /adj                           #> Гільбертів
гітлерюгенд /n20                            #> гітлер'югенд
гітлер-югенд /n20                           #> гітлер'югенд
глітч-арт /n20                              #> глитч-арт
глітч-ефект /n20.p                          #> глитч-ефект
глютаміновий /adj                           #> глутаміновий
гоголевий adj:m:v_naz/v_zn2                 #> Гоголів
Голандія /n10 :prop:geo
голандський /adj
Голівуд /n20 :geo                           #> Голлівуд
голівудський /adj                           #> голлівудський
гонконгець /n22.a.p.<                       #> гонконжець
гонконгівець /n22.a.p.<                     #> гонконжець
гонконгський /adj                           #> гонконзький
гопнік /n20.a.p.<
города город noun:m:v_rod
готентот /n20.a.p.<                         #> готтентот
гофмановий /adj                             #> Гофманів
гранднаратив /n20.p
грати /np1                                  # має бути ґрати, але дуже багато випадків з г
грекокатолик /n20.a.p.<
грекокатолицький /adj
гречний /adj.adv \
 +cs=гречніший
гречність /n30
грудима груди noun:p:v_oru
грунт /n20.p
грунтівка /n10.p2
грунтований /adj :&adjp:pasv:imperf    # :past
грунтовий /adj
грунтовний /adj.adv \
 +cs=грунтовніший
грунтовність /n30
грунтозахисний /adj
грунтознавець /n22.a.p.<
грунтознавство /n2n
грунтообробний /adj
грунтоутворення /n2n
грунтувати /v1.cf.advp.is0 :imperf
грунтуватися /vr1.cf.advp :imperf
гудзичок /n22.a.p
гуллівер /n20.a.p.ke.<
гулліверів /adj                         # cap
гуля /n10.p1
Гьоте /<+m                                  #> Ґете
Гьоте-інститут /n20.p                       #> Ґете-інститут
ґаздів ґазда noun:anim:p:v_rod/v_zna
Ґьоте /<+m                                  #> Ґете
ґьоте-інститут /n20.p                       #> Ґете-інститут
даламберовий /adj                           #> Даламберів
двобокий /adj
дезинфекція /n10
декретовий /adj
держдеп /n20
держдепартамент /n20
дефакто adv
дєнікінець /n22.a.p.<
дєнікінський /adj
джаган /n20.a.p
джем-сейшн /n20.p
джентельмен /n20.a.p.<
джентельменський /adj
джигун /n20.a.p.<
Джім /n20.a.p.ke.< :prop:fname              #> Джим
джозефсонівський /adj                       #> Джозефсонів
дзига /n10.p1
дибіл /n20.a.p.<
дигіталізація /n10
дискутивний /adj
дияконівський /adj
діггер /n20.a.p.ke.<
дігер /n20.a.p.ke.<
діджеріду noun:m:nv
діджиталізація /n10
діджиталізований /adj :&adjp:pasv:imperf:perf
діджиталізувати /v1.cf.advp.is0 :imperf:perf
діджиталізуватися /vr1.cf.advp :imperf:perf
діджитальний /adj :slang
ділер /n20.a.p.ke.<
дірхем /n20.a.p
діснеєвський /adj
довгожданний /adj.adv
довіря noun:n:v_naz/v_zna               # lim   #> довір'я
додатній /adj
дооколі adv
доокруги adv
допомогати /v2.cf.advp :imperf
дорожний /adj
достаточний /adj
досьогодні adv
доход доход noun:inanim:m:v_naz/v_zna       # lim
доходний /adj
доходність /n30
дригати /v2.cf.advp.shrt :imperf
дригатися /vr2.cf.advp :imperf
дригом adv
дріжджевий /adj
дрогобиччанин /n20.a.pyn.<
дурацький /adj
духм'яний /adj
духовноінтелектуальний /adj
ейфоричний /adj
еквімольний /adj
екзіт-пол /n20.p
екклезіологічний /adj
екклезіологія /n10
експортно-орієнтований /adj
експорто-орієнтований /adj
експрем'єрміністр /n20.a.p.ke.< :ua_2019
екстрім /n20 :coll
емменталь /n20
енергоекономічний /adj
енергоекономічність /n30
епіцентра епіцентр noun:m:v_rod
ЕС noun:m:nv:np:abbr                        #> ЄС
ессенціальний /adj
єврокомісія /n10                            # cap
європарламент /n20                          # cap
Єгіпет /n22.a :geo
Єнакієво noun:n:v_naz/v_zna:geo             # lim
єнакієвський /adj                           #> єнакіївський
єрархічний /adj
єрузалимський /adj
жень-шень /n20
живописувати /v1.cf.advp :imperf
житловокомунальний /adj
життєвоважливий /adj
життєво-важливий /adj
життєвонеобхідний /adj
життєво-необхідний /adj
життєзначущий /adj
життєсмисловий /adj
жовчно-кам'яний /adj
жовчокам'яний /adj
забов'язаний /adj :&adjp:pasv:perf
забов'язання /n2n.p1
забов'язати /v1.isNo :perf
забов'язувати /v1.cf.advp :imperf
забомбити /v1.is0 :perf
заборговувати /v1.cf.advp :imperf
заввиграшки adv
завтрішній /adj
загорання /n2n.p1
загорати /v2.cf.advp :imperf
загоратися /vr2.cf.advp :imperf
загратований /adj :&adjp:pasv:perf
загратовувати /v1.cf.advp :imperf
загратувати /v1.is0 :perf
загрунтований /adj :&adjp:pasv:perf
задуже adv
задужо adv
зажатість /n30
зазняти /v1.isTo :perf
залюбування /n2n
заняти /v1.isTo :perf                   # lim
заплющіть заплющити verb:perf:impr:p:2
запомоговий /adj
Запорожжя /n2n :prop:geo
заробітня /adj
засиплять засипати verb:perf:futr:p:3:xp2
зберігти verb:inf:perf                  # lim
зберігтись зберігтися verb:rev:inf:perf # lim
зберігтися verb:rev:inf:perf            # lim
зворотній /adj
звязаний /adj
звязок /n22.p
згвалтований /adj :&adjp:pasv:perf
згвалтування /n2n.p1
згвалтувати /v1.is0 :perf
здавен adv
здзвонюватися /vr1.cf.advp :imperf
зелено-туристичний /adj
зененхунд /n20.a.p.<>
з-закордону adv
зізіфус /n20.a.p
зісватати /v2 :perf
зістарювання /n2n
зістарювати /v1.cf.advp :imperf
знакомий /adj
зобовязання /n2n
зоопарківський /adj
зпід adv
зпоміж adv
зтоплювання /n2n
зферментований /adj :&adjp:pasv:perf
зферментування /n2n
зформувати /v1.is0 :perf
зфранцужений /adj
Ігоревич /n20.a.p.< :prop:pname             #> Ігорьович
ієзуїтський /adj
ізотерика /n10
ізотеричний /adj
ІІ number:latin
ІІІ number:latin
імбирем імбир noun:inanim:m:v_oru
іменно adv
імігрант /n20.a.p.<
іміграція /n10
імігрувати /v1.cf.advp :imperf:perf
іміджовий /adj
імплатант /n20.a.p
інавгурований /adj :&adjp:pasv:imperf:perf
інвентаря інвентар noun:inanim:m:v_rod          # р.в. архаїчного значення — список
індивідум /n20.a.p.<
індіанин /n20.a.p.<
індокачка /n10.p2.<>
іноваційний /adj
іноваційність /n30
інтепретація /n10.p1
інтердисциплінарний /adj
інтердисциплінарність /n30
інтересно adv:&predic
інфотеймент /n20
інціатива /n10.p1
історіописання /n2n
ІУ number:latin                             #> IV
іудео-християнський /adj
їстивний /adj
казацький /adj
казачество /n2n
казачок /n22.a.p.<
ка-зна noninfl:&predic
ка-зна-що adv
кам'янсько-бузький /adj                     #> кам'янка-бузький
канський /adj
карабахський /adj                           #> карабаський
каролінгський /adj                          #> каролінзький
картбланш /n20.a
картрідер /n20.a.p.ke
кат-зна adv
кат-ма adv
КГБ noun:m:nv:np:prop:abbr                  #> КДБ
києво-руський /adj
Київа Київ noun:inanim:m:v_rod:prop:geo
Київі Київ noun:inanim:m:v_dav/v_mis:prop:geo
Килійський /adj
кинжал /n20.a.p
кік-боксинг /n20
кіокушінкай noun:n:nv:np
кластерізація /n10
клієнт-орієнтований /adj
клієнт-орієнтованість /n30
клопотливий /adj
клопотливо adv
кметливий /adj
кметливість /n30
Козеріг /n21.a
козеріг /n21.a.p.<>
коллайдер /n20.a.p.ke
колл-центр /n20.p.ke
колять колоти verb:imperf:pres:p:3
конвертатор /n20.a.p.ke
конкурентноздатний /adj
конкурентноздатність /n30
конкурентноспроможний /adj
конкурентноспроможність /n30
константувати /v1 :perf
концентромір /n20.a.p.ke
Кончі-Заспи Конча-Заспа noun:inanim:f:v_rod:prop:geo
Кончі-Заспі Конча-Заспа noun:inanim:f:v_mis:prop:geo
Кончу-Заспу Конча-Заспа noun:inanim:f:v_zna:prop:geo
кон'юктивіт /n20.p
королевський /adj
крайньо-правий /adj
краудфандінг /n20
краудфандінговий /adj
крепатура /n10
крон-принц /n20.a.p.<
крон-принцеса /n10.p1.<
крос-культурний /adj
крюінговий /adj
культурноосвітній /adj
культурнопросвітницький /adj
Кьольн /n20.a :geo                          #> Кельн
кьорлінг /n20                               #> керлінг
лабет лабети noun:inanim:p:v_rod:ns
лако-фарбовий /adj
леґінь /n20.a.p.<
лекше лекше adv:compc:&predic
лібретто noun:n:nv
локоть /n22.p
ломати /v2.cf.advp :imperf
лонґселер /n20.a.p.ke
лучше лучше adv:compc:&predic
льєжський /adj                              #> льєзький
мавп'ятник /n20.a.p                         #> мавпятник
мавп'ячий /adj                              #> мавпячий
мадьяр /n20.a.p.ke.<
мадьярський /adj
майстерзінгер /n20.a.p.ke.<
макдональдс /n20.a.u.p
малоімовірний /adj.adv
Мальдиви /np2 :prop:geo
Мангеттена Мангеттен noun:m:v_rod:geo
Манджурія /n10 :prop:geo                        #> Маньчжурія
Манхеттена Манхеттен noun:m:v_rod:geo
марганцево-кислий /adj
маріхуана /n10
матеріальнотехнічний /adj
маштабний /adj.adv
маштабність /n30
мейнстрім /n20
мейнстрімівський /adj                           #> мейнстримовий
мейнстрімний /adj
мейнстрімовий /adj
Мелашчин /adj
менхенгладбахський /adj
мессія /n10.p1.<m
метадона метадон noun:m:v_rod
міжнародно-визнаний /adj
міжнародно-договірний /adj
міжнародно-економічний /adj
міжнародно-протиправний /adj
мікрочіп /n20.a.p
мінусовка /n10.p2
місцевизначення /n2n
місцеіснування /n2n.p1
міттельштанд /n20.p
Міхаіл /n20.a.< :prop:fname
мовно-стилістичний /adj
МОЗУ МОЗ noun:n:v_rod/v_dav:prop:abbr   # lim    #> МОЗу
молочно-кислий /adj
молочно-товарний /adj
Мондіаль /n20                               #> Мундіаль
мотопароплан /n20.a.p
моцарелла /n10
м'ясомолочний /adj
навсебіч adv
надвірній /adj
надприродній /adj
надурняк adv
найтяжкий /adj
народній /adj
народно-господарський /adj
народно-пісенний /adj
насамоті adv
насмерть adv
невідворотній /adj
негаусівський /adj
негрунтований /adj :&adjp:pasv:imperf    # :past
недивно adv
незворотній /adj
незрівняний /adj
нейрогуморальний /adj
неконкурентноздатний /adj
неминучо adv
необгрунтований /adj.adv :&adjp:pasv:perf    # :past
непринятий /adj
нижчоліговий /adj
низькодоходний /adj
ніжнобузковий /adj
ніжнозелений /adj
ніжносалатовий /adj
норвежський /adj
ньюсмейкер /n20.a.p.ke.<
ньюс-мейкер /n20.a.p.ke.<
ньюсмейкерство /n2n
обгрунтований /adj.adv :&adjp:pasv:perf \    # :past
 +cs=обгрунтованіший
обгрунтованість /n30
обгрунтовання /n2n
обгрунтовування /n2n
обгрунтовувати /v1.cf.advp :imperf
обгрунтовуватися /vr1.cf.advp :imperf
обгрунтування /n2n.p1
обгрунтувати /v1.is0 :perf
обгрунтуватися /vr1 :perf
обєкт /n20.a.p
об'єктно-орієнтований /adj
облрибкомбінат /n20.p
обовязок /n22.p
овоча овоч noun:m:v_rod
одинаковий /adj
окклюдер /n20.a.p.ke
олієжировий /adj
олійноекстракційний /adj
олійно-екстракційний /adj
олійножировий /adj
онко-гематологічний /adj
оптиковолоконний /adj
оптикоелектронний /adj
орігамі noun:m:nv|noun:f:nv
основанья основанья noun:n:v_rod            # lim
оцетовий /adj
очків очко noun:inanim:p:v_rod:xp2
пампушків пампушка noun:inanim:p:v_rod
пам'ятко-охоронний /adj
памятник /n20.a.p
память /n32
панєвропейський /adj
пан-отець /n22.a.p.<
папайя /n10                                 #> папая
папарацці /<
паперово-грошовий /adj
паратриатлон /n20
партайгеносе noun:m:nv:anim
партійнодержавний /adj
паталогічний /adj                           #> патологічний
пентхауз /n20.a.p
первісно-общинний /adj
передювілейний /adj
перекоти-поле /n2n
перепорядкування /n2n
переслуховування /n2n
перетурбація /n10.p1
перисто-розсічений /adj
Пєтровскій /n2adj1.<+
півзахисний /adj
півтора-дві numr:p:nv           # rg_m/rg_n
півтори-два numr:p:nv           # rg_f
підгорання /n2n.p1
підгорати /v2.cf.advp :imperf
підгрунтя /n2n
підножний /adj
піккардійський /adj
Пілзень /n22.a :geo                         #> Плзень
піт-буль /n20.a.p.<>
піт-бультер'єр /n20.a.p.ke.<>
пішоходний /adj
пласкопаралельний /adj
пласко-паралельний /adj
пластирем пластир noun:inanim:m:v_oru
плодовоовочевий /adj
плоско-паралельний /adj
Пльзень /n22.a :prop:geo
побутовізм /n20.p
подвірній /adj
пожадальний /adj
поняти /v1 :perf                        # lim
пообіді adv
попадей попадя noun:anim:p:v_rod/v_zna
поперше adv
посипляться посипатися verb:rev:perf:futr:p:3:xp2
по-суті adv
почилий /adj :&adjp:actv:perf
праобраз /n20.p                             #> прообраз
предімплантаційний /adj
прем'єрміністр /n20.a.p.ke.<
пресавтомат /n20.a.p
прецендент /n20.p
прецидентний /adj
Приватбанк /n20                             #> ПриватБанк
приватдоцент /n20.a.p.<
придорожний /adj
приняти /v1.isTo :perf
принятий /adj :&adjp:pasv:perf
принятися /vr1 :perf
приоритетний /adj
природній /adj
пріорітет /n20.p
пріорітетний /adj
прогавити /v1.it0 :perf
продезинфікований /adj :&adjp:pasv:perf    # :past
проплата /n10.p1
просторочасовий /adj
просторо-часовий /adj
протопоп noun:m:v_naz:anim:rare       # lim
проффесор /n20.a.p.ke.<
пружній /adj
публічноправовий /adj
пуерториканський /adj
пуерторіканський /adj
пуско-налагоджувальний /adj
п'яніна /n10
п'яніно noun:n:nv:np
пятниця /n10.p1
рагс /n20.p
ребрендінг /n20
резигнація /n10
ремигати /v2.cf.advp :imperf
рето-романський /adj
ретрівер /n20.a.p.ke.<>
речінець /n22.a.p
ризик-орієнтований /adj
римокатолицизм /n20
римокатолицький /adj
рідер /n20.a.p.ke
рієлтер /n20.a.p.ke.<
рієлтерський /adj
різото noun:n:nv
різотто noun:n:nv
рінгтон /n20.p
рітейл /n20
рітейлер /n20.a.p.ke.<
рітейлерський /adj
рН noninfl
розвязання /n2n.p1
розвязати /v1.isNo :perf
розвязка /n10.p2
рок-н-ролл /n20
руднометалургійний /adj
садо-мазохізм /n20
сайєнтолог /n20.a.p.<
сайєнтологічний /adj
сайєнтологія /n10
сайта сайт noun:m:v_rod
самітній /adj
самміт /n20.p
самозагорання /n2n
сантимент /n20.p
світлоповітряний /adj
світлошумовий /adj
свят-вечір /n21.a.p.ke                      #> святвечір
свят-вечірній /adj                          #> святвечірній
священомученик /n20.a.p.<
священослужитель /n20.a.p.<
секвойя /n10                                #> секвоя
сек'юріті noun:m:nv|noun:m:nv:anim
селебритіс noun:p:nv:ns:anim
селебрітіс noun:p:nv:ns:anim
сепаратиський /adj
середньостатичний /adj                      #> середньостатистичний
серйоз /n20
серцевосудинний /adj
символа символ noun:m:v_rod
синематограф /n20.a.p
синьожовтий /adj
синьозелений /adj
сипляться сипатися verb:rev:imperf:pres:p:3
сігвей /n20.a.p
сіквел /n20.p
сірійський /adj
Сірія /n10 :prop:geo
сіцілійський /adj
Сіцілія /n10 :prop:geo
скінченно-елементний /adj
сніговобілий /adj
соц-арт /n20
СССР noun:m:nv:np:prop:geo:abbr             #> СРСР
студенокський /adj                          #> студеноцький
султаншо султанша noun:anim:f:v_kly
сюхвилинний /adj
сюхвилинність /n30
сюхвилинно adv
так-званий /adj
твітер /n20.a.ke
Тенеріфе noun:n:nv:bad:prop:geo
теппінг /n20
тисаагтелекський /adj                       #> тисаагтелецький
тонаж /n20
торговля /n10
торрент /n20.a.p
торрент-клієнт /n20.a.p
торрент-мережа /n10.p1
торрент-трекер /n20.a.p.ke
траекторія /n10.p1
трансєвропейський /adj
трафіка трафік noun:m:v_rod
триатлон /n20
триатлоніст /n20.a.p.<
триатлоністка /n10.p2.<
троцкізм /n20
трудоголик /n20.a.p.<
Туркменистан /n20 :prop:geo
тшінецький /adj
уїкенд /n20.p
Уїмблдон /n20 :prop
УССР noun:f:nv:np:prop:geo:abbr             #> УРСР
фараонський /adj
феменістка /n10.p2.<
фіглі /np2
фінляндизований /adj :&adjp:pasv:imperf:perf
фінляндизуватися /vr1.cf.advp :imperf:perf
фінляндізація /n10
фінн /n20.a.p.<
фінно-угорський /adj
фіто-санітарний /adj
форм-фактор /n20.a.p.ke
форсмажор /n20.p.ke
форсмажорний /adj
французський /adj
фрістайліст /n20.a.p.<
фрістайлістка /n10.p2.<
фуллерен /n20.p
Халхін-Гол /n20                             #> Халхин-Гол
хатів хата noun:inanim:p:v_rod
хащів хаща noun:inanim:p:v_rod
хвилеводний /adj
хеллоуїн /n20                               #> гелловін
хеллоуїнський /adj                          #> гелловінський
хеловін /n20                                #> гелловін
хеловінський /adj                           #> гелловінський
хелоуїн /n20                                #> гелловін
хелоуїнський /adj                           #> гелловінський
хеппі-енд /n20.p
ХІ number:latin
ХІІ number:latin
ХІІІ number:latin
ХІХ number:latin
хлібо-булочний /adj
Хмельницьк noun:m:v_naz/v_zna:geo # lim     #> Хмельницький
хмельниччанин /n20.a.pyn.<
ходімте ходити verb:imperf:impr:p:1
хостінг /n20.p
хто-зна noninfl:&predic:coll
ХХ number:latin
ХХІ number:latin
ХХІІ number:latin
ХХІІІ number:latin
цедулка /n10.p2
цетральний /adj
ціаністий /adj
Ціцерон /n20.a.<+
Цурюпинськ /n20.a :prop:geo
цурюпинський /adj
цюріський /adj
черлідер /n20.a.p.ke.< :+f
черлідинг /n20
черчилівський /adj
Черчілль /n20.a.<+
Черчіль /n20.a.<+
Чингізхан /n20.a.<
чізбургер /n20.a.p.ke
чілі noun:m:nv
чілієць /n22.a.p.<
чіпси /np2
член-кореспондент /n20.a.p.<                # відмінюються обидві частини
чорнетка /n10.p2
чорт-зна noninfl:&predic:coll
шахид /n20.a.p.<
шахидка /n10.p2.<
Швайцарія /n10 :prop:geo
швецький /adj
шевченковий /adj                            #> Шевченків
шефкухар /n24.a.p.ku.<
шефмеханік /n20.a.p.<
шефпілот /n20.a.p.<
шефповар /n20.a.p.ke.<
шефредактор /n20.a.p.ke.<
шляхо-ремонтний /adj
шосткінський /adj
штабквартира /n10.p1
штраф-майданчик /n20.a.p
штрих-пунктирний /adj
штрудель /n20.a.p
