адмін-ресурс /n20                           #> адмінресурс
альтер-его noun:n:nv                        #> альтер его
афро-американець /n22.a.p.<
афро-американка /n10.p2.<
Аю-Даг /n20.ke :prop:geo                    #> Аюдаг
бек-граунд /n20
бізнес-вумен noun:f:nv:anim                 #> бізнесвумен
бізнес-леді noun:f:nv:anim                  #> бізнеследі
біло-сердечний /adj
біо-туалет /n20.p                           #> біотуалет
блок-бастер /n20.a.p.ke                     #> блокбастер
будь-ласка noninfl:&insert                  #> будь ласка
відео-арт /n20
внутрішньо-економічний /adj
внутрішньо-переміщений /adj
внутрішньо-політичний /adj
внутрішньо-психологічний /adj
внутрішньо-регіональний /adj
водно-моторний /adj
всього-навсього part                        #> всього-на-всього
в'язко-пружний /adj
газо-вугільний /adj
газо-мазутний /adj
газо-нафтовий /adj
гірничо-видобувний /adj
гірничо-добувний /adj
гірничо-промисловий /adj
гірничо-рятувальний /adj
гірничо-технічний /adj
гірничо-шахтний /adj
гірсько-лижний /adj
дежа-вю noun:n:nv                           #> дежавю
демо-версія /n10.p1
демо-запис /n20.p
демо-зона /n10.p1
демо-ліберальний /adj
день-у-день adv                             #> день у день
ді-джейка /n10.p2.<
ді-джейський /adj
догори-дриґом adv
Дон-Жуан /n20.a.<+
Дон-Кіхот /n20.a.<+
еко-етичний /adj
еко-культурний /adj
еко-ресурсний /adj
експо-центр /n20.p.ke
електрон-вольт /n20.a.p
євро-атлантичний /adj
євро-середземноморський /adj                #> євросередземноморський
жовтоблакитний /adj
жовто-гарячий /adj
за-для prep                # rv_rod         #> задля
залізо-бетонний /adj                        #> залізобетонний
зовнішньо-економічний /adj
зовнішньо-подієвий /adj
зовнішньо-політичний /adj
зовнішньо-торгівельний /adj
зовнішньо-торговельний /adj
івано-франківець /n22.a.p.<                 #> іванофранківець
івано-франківка /n10.p2.<                   #> іванофранківка
іванофранківський /adj                      #> івано-франківський
Індо-Китай /n20.a.u :prop:geo                    #> Індокитай
інформаційноаналітичний /adj
історикокраєзнавчий /adj
історикокультурний /adj
кам'яно-вугільний /adj
кафе-шоп /n20.p                             #> кофішоп
кисло-молочний /adj
кофе-шоп /n20.p                             #> кофішоп
кримсько-татарський /adj                    #> кримськотатарський
латино-американський /adj
ліво-ліберальний /adj
ліво-радикальний /adj
лінгво-культурний /adj                      #> лінгвокультурний
літературно-мовний /adj
магніто-резонансний /adj
навіки-вічні adv                            #> на віки вічні
нагірно-карабаський /adj                    #> нагірнокарабаський
нагірно-карабахський /adj                   #> нагірнокарабаський
науково-видавничий /adj
науково-документальний /adj
науковометодичний /adj
науковопедагогічний /adj
науковоподібний /adj
науковопопулярний /adj
науковопрактичний /adj
науковоредакційний /adj
науковотехнічний /adj
національновизвольний /adj
національнодемократичний /adj
національнокультурний /adj
національнопатріотичний /adj
ніч-у-ніч adv                               #> ніч у ніч
новоград-волинець /n22.a.p.<                #> новоградволинець
новоград-волинка /n10.p2.<                  #> новоградволинка
нон-грата noninfl                           #> нон грата
нон-ґрата noninfl                           #> нон грата
нью-йоркець /n22.a.p.<                      #> ньюйоркець
ньюйорківець /n22.a.p.<                     #> ньюйоркець
нью-йорківець /n22.a.p.<                    #> ньюйоркець
ньюйоркський /adj                           #> нью-йоркський
нью-йорський /adj
Нью-Порт /n20.a :prop:geo                        #> Ньюпорт
ньюс-рум /n20.p
он-лайн /n20                                #> онлайн
он-лайн adv
он-лайновий /adj                            #> онлайновий
оф-лайн /n20                                #> офлайн
оф-лайн adv
оф-лайновий /adj                            #> офлайновий
оффлайн /n20                                #> офлайн
оффлайн adv
офф-лайн /n20                               #> офлайн
офф-лайн adv
південно-азійський /adj
південно-американський /adj
південно-африканський /adj
південно-європейський /adj
південно-кавказький /adj
південно-корейський /adj
південно-осетинський /adj
південно-руський /adj
південно-слов'янський /adj
північно-американський /adj
північно-африканський /adj
північно-європейський /adj
північно-кавказький /adj
північно-корейський /adj
північно-осетинський /adj
пів-фінал /n20.p                            #> півфінал
по-батькові noun:n:nv                       #> по батькові
поп-корн /n20                               #> попкорн
поп-корновий /adj                           #> попкорновий
постільки-поскільки adv                     #> остільки — оскільки|стільки — скільки
пост-фактум adv                             #> постфактум
право-консервативний /adj
право-ліберальний /adj
право-національний /adj
право-популістський /adj
право-радикальний /adj
право-троцькістський /adj
приватно-підприємницький /adj
приватно-правовий /adj
природничонауковий /adj
природнокліматичний /adj
природно-мовний /adj
природно-науковий /adj
природноправовий /adj
природно-ресурсний /adj                     #> природноресурсний
природноресурсовий /adj                     #> природноресурсний
природо-ресурсний /adj
просто-напросто part                        #> просто|просто-таки|попросту
просто-на-просто adv                        #> простісінько|просто-таки|попросту
проф-спілка /n10.p1                         #> профспілка
психо-емоційний /adj
психо-ментальний /adj
психо-неврологічний /adj
психо-соматичний /adj
психо-соціальний /adj
психо-фізичний /adj
психо-фізіологічний /adj
раз-по-раз adv                              #> раз по раз
раз-у-раз adv                               #> раз у раз
рік-у-рік adv                               #> рік у рік
родо-племінний /adj                         #> родоплемінний
садо-мазохістський /adj                     #> садомазохістський
сам-на-сам adv                              #> сам на сам
санкт-петербуржець /n22.a.p.<               #> санктпетербуржець
сан-себастьянець /n22.a.p.<                 #> сансебастьянець
сенсо-моторний /adj                         #> сенсомоторний
сільсько-господарський /adj                 #> сільськогосподарський
соціальноекономічний /adj
соціальнополітичний /adj
соціо-економічний /adj
соціо-психологічний /adj
спинно-мозковий /adj
суб-форма /n10.p1                           #> субформа
суспільнополітичний /adj
східно-азіатський /adj
східно-азійський /adj
східно-європейський /adj
східно-православний /adj
східно-слов'янський /adj
східно-український /adj
східно-християнський /adj
теле-радіоефір /n20.p.ke
теле-радіоканали /np2
теле-радіокомпанія /n10.p1
теле-радіомовлення /n2n
теле-радіопрограми /np1
транс-жири /np2                             #> трансжири
усіх-усюд усі-усюди noun:inanim:p:v_rod:ns  # lim #> усіх усюд
центрально-азіатський /adj
центрально-азійський /adj
центрально-європейський /adj
центрально-український /adj
центрально-чорноземний /adj
церковно-парафіяльний /adj
церковно-приходський /adj
церковно-слов'янський /adj
ядерно-енергетичний /adj                    #> ядерноенергетичний
ядерно-паливний /adj
ядерно-промисловий /adj
