ааа intj
авіньонський /adj
автодорожний /adj
агрус /n20.p
адвалерний /adj                             #> адвалорний
аддукт /n20.p
АероСвіт /n20 :prop                         #> Аеросвіт
академик /n20.a.p.<
а-капельний /adj.adv
Акерман /n20.a :town:prop:geo
алегретто adv
Алжір /n20.ke :prop:geo
алжірський /adj
амігдалін /n20
анахроністичний /adj
антигабсбургський /adj                      #> антигабсбурзький
Аргентіна /n10 :prop:geo
аргентінський /adj
аренда /n10
арендований /adj :&adjp:pasv:imperf:perf    # :past
арендованість /n30
арендодавець /n22.a.p.<
арендування /n2n.p1
арендувати /v1.cf.advp.is0 :imperf:perf
арендуватися /vr1.cf.advp :imperf:perf
архидієцезіальний /adj
архидієцезія /n10.p1
архиєпископство /n2n
архикнязь /n20.a.p.<
архієпіскоп /n20.a.p.ke.<
архієпіскопство /n2n
архієпіскопський /adj
ассірійський /adj                           #> ассирійський
астеноневротичний /adj
атаман /n20.a.p.<
аудіодискрипція /n10
аутсорсінг /n20
Афродита /n10.< :prop:fname
ахілесів /adj                               #> ахіллесів
ахілесовий adj:m:v_naz/v_zn2      # lim     #> ахіллесів
ахілів /adj                                 #> ахіллів
ахіллесовий adj:m:v_naz/v_zn2     # lim     #> ахіллесів
ахілловий adj:m:v_naz/v_zn2       # lim     #> ахіллів
ахіловий adj:m:v_naz/v_zn2        # lim     #> ахіллів
аятолла /n10.p1.<m
бандарлог /n20.a.p.<>
баннерний /adj
Баренцова Баренцове adj:n:v_rod
баристів бариста noun:anim:p:v_rod/v_zna
баріста /n10.p1.< :+m
барокко noun:n:nv:np
батальон /n20.p
батік /n20
бачуть бачити verb:imperf:pres:p:3
бебісітер /n20.a.p.ke.<
бебісітерський /adj
бебісіттер /n20.a.p.ke.<
бебісіттерський /adj
бездоходний /adj
бездоходність /n30
безклопотний /adj
безклопотність /n30
безклопотно adv
безпосередно adv
безупину adv
бендерівець /n22.a.p.<
бендерівський /adj
Берегово noun:n:v_naz/v_zna:geo             # lim
Берингова Берингів adj:n:v_rod              # поширене: Берингова моря
Берінгова Берінгів adj:n:v_rod
Бесарабія /n10 :prop:geo
біґборд /n20.a.p
біґ-борд /n20.a.p
білєт /n20.a.p
біткоін /n20.a.p                            #> біткоїн
близкість /n30
богородиця /n10.p1.<
бо-зна noninfl:&predic
боряться боротися verb:rev:imperf:pres:p:3  #> борються
боярів боярин noun:anim:p:v_rod/v_zna
Бразілія /n10 :prop:geo
Братіслава /n10 :prop:geo
брошюра /n10.p1
Брюсель /n20.a :prop:geo
буджакський /adj                            #> буджацький
будьщо adv
будьякий /adj :&pron:ind
буйвол noun:anim:m:v_naz                    # lim
буков буква noun:p:v_rod
буксируваний /adj :&adjp:pasv:imperf            # :past
булоб noninfl                                   #> було б
бурак /n20.a.p
Вавілон /n20.a :town:prop:geo
валахський /adj
Валінтін /n20.a.<
вантажопасажирський /adj                        #> вантажно-пасажирський
Вапліте noun:f:nv:prop                          #> ВАПЛІТЕ
вахабізм /n20
вахабіт /n20.a.p.<
вахабітський /adj
Вашінгтон /n20.a :town:geo
Вашінгтон /n20.a.<+
вебсайта вебсайт noun:m:v_rod:ua_2019
веб-сайта веб-сайт noun:m:v_rod:ua_1992
вестибуль /n20.a.p
вигаптований /adj :&adjp:pasv:perf              # :past
вигаптовано вигаптувати verb:perf:impers
виглянсований /adj :&adjp:pasv:perf
виглянсовано виглянсувати verb:perf:impers
виїздний /adj                                   #> виїзний
вийнятковий /adj
вийнятково adv
викарбований /adj :&adjp:pasv:perf
викарбовано викарбувати verb:perf:impers        #> викарбувано
викований /adj :&adjp:pasv:perf                 # :past
виковано викувати verb:perf:impers
виколядований /adj :&adjp:pasv:perf             # :past
виколядовано виколядувати verb:perf:impers
викомпонований /adj :&adjp:pasv:perf
викомпоновано викомпонувати verb:perf:impers
викорчований /adj :&adjp:pasv:perf              # :past
Вилково noun:n:nv:prop:geo
вимудрований /adj :&adjp:pasv:perf              # :past
вимудровано вимудрувати verb:perf:impers
вимуштрований /adj :&adjp:pasv:perf             # :past
вимуштровано вимуштрувати verb:perf:impers
виполірований /adj :&adjp:pasv:perf             # :past
виполіровано виполірувати verb:perf:impers
випомповано випомпувати verb:perf:impers
випробований /adj :&adjp:pasv:perf              # :past
випробовано випробувати verb:perf:impers:xp2
випродукований /adj :&adjp:pasv:perf
випродуковано випродукувати verb:perf:impers
випроменений /adj :&adjp:pasv:perf # :past  #> випромінений
випроменити /v1.is0.it1 :perf               #> випромінити
випроменитися /vr1 :perf                    #> випромінитися
випряг випрягти verb:perf:past:m            #> випріг
вирахований /adj :&adjp:pasv:perf               # :past
вираховано вирахувати verb:perf:impers
вирихтований /adj :&adjp:pasv:perf              # :past
вирихтовано вирихтувати verb:perf:impers
вирятований /adj :&adjp:pasv:perf               # :past
вирятовано вирятувати verb:perf:impers
високодоходний /adj
високопреосвящений /adj
виторгований /adj :&adjp:pasv:perf              # :past
виторговано виторгувати verb:perf:impers
вишліфований /adj :&adjp:pasv:perf              # :past
вишліфовано вишліфувати verb:perf:impers
вищосортний /adj
відворотній /adj
візігот /n20.a.p.<                              #> візигот
військомат /n20.p
віл-інфекція /n10                 # caps    #> ВІЛ-інфекція
віл-інфікований /adj              # caps    #> ВІЛ-інфікований
віл-інфікований /n2adj1.f.p.<     # caps
віл-позитивний /adj               # caps    #> ВІЛ-позитивний
вінниччанин /n20.a.pyn.<
вінниччанка /n10.p2.<
Вірджінія /n10 :xp2
Вірджінія /n10.< :xp1
вірджінія /n10 :prop:geo
вістник /n20.a.p
вміру noninfl                               #> в міру
внз noun:m:nv                       # caps  #> ВНЗ
вождізм /n20
вольтамперний /adj                          #> вольт-амперний
восьмисоттисячний /adj
восьмистами вісімсот numr:p:v_oru           #> вісьмомастами
врагс /n20.p                        # caps  #> ВРАЦС
всеядний /adj
всеядність /n30
вязниця /n10.p1
гава /n10.<>
гавин /adj
гадюшник /n20.a.p
газда /n10.p1.<m
газдиня /n10.p1.<
Гайяна /n10 :prop:geo                       #> Гаяна
гама-ніж /n21.a.p                           #> гамма-ніж
ганделик /n20.a.p
гандж /n20.p
ганок /n22.p                                #> ґанок
гатунок /n22.p
гаусівський /adj                            #> Гаусів
гвалт /n20
гвалтування /n2n.p1
Гданьськ /n20.a :town:geo
гевал /n20.a.p.<
гелловін /n20                               #> Гелловін
геллоуїн /n20                               #> Гелловін
геллоуїнський /adj                          #> гелловінський
геловін /n20                                #> Гелловін
геловінський /adj                           #> гелловінський
гелоуїн /n20                                #> Гелловін
гелоуїнський /adj                           #> гелловінський
гельсінкський /adj                          #> гельсінський
Генадій /n20.a.<
генно-модифікований /adj
геномодифікований /adj
геолого-розвідувальний /adj
гердан /n20.p
героічний /adj
герпес-вірус /n20.p
гільбертовий /adj                           #> Гільбертів
гітлерюгенд /n20                            #> гітлер'югенд
гітлер-югенд /n20                           #> гітлер'югенд
глітч-арт /n20                              #> глитч-арт
глітч-ефект /n20.p                          #> глитч-ефект
глютаміновий /adj                           #> глутаміновий
гоголевий adj:m:v_naz/v_zn2                 #> Гоголів
Голандія /n10 :prop:geo
голандський /adj
Голівуд /n20 :prop:geo                           #> Голлівуд
голівудський /adj                           #> голлівудський
Голлівуда Голлівуд noun:inanim:m:v_rod:prop:geo #> Голлівуду
гонконгець /n22.a.p.<                       #> гонконжець
гонконгівець /n22.a.p.<                     #> гонконжець
гонконгський /adj                           #> гонконзький
гопнік /n20.a.p.<
города город noun:m:v_rod
готентот /n20.a.p.<                         #> готтентот
гофмановий /adj                             #> Гофманів
гранднаратив /n20.p
грати /np1                                  # має бути ґрати, але дуже багато випадків з г
грекокатолик /n20.a.p.<
грекокатолицький /adj
гречний /adj.adv \
 +cs=гречніший
гречність /n30
грізлі noun:m:nv:anim
грінго noun:m:nv:anim
громадянини громадянин noun:anim:p:v_naz/v_kly  #> громадяни
грудима груди noun:p:v_oru
грунт /n20.p
грунтівка /n10.p2
грунтований /adj :&adjp:pasv:imperf    # :past
грунтовий /adj
грунтовний /adj.adv \
 +cs=грунтовніший
грунтовність /n30
грунтозахисний /adj
грунтознавець /n22.a.p.<
грунтознавство /n2n
грунтообробний /adj
грунтоутворення /n2n
грунтувати /v1.cf.advp.is0 :imperf
грунтуватися /vr1.cf.advp :imperf
гугла гугл noun:m:v_rod                     #> гуглу
гудзичок /n22.a.p
гудзуватий /adj
гуллівер /n20.a.p.ke.<
гулліверів /adj                         # cap
гуля /n10.p1
Гьоте /<+m                                  #> Ґете
Гьоте-інститут /n20.p                       #> Ґете-інститут
ґаздів ґазда noun:anim:p:v_rod/v_zna
ґуґл /n20.a
Ґьоте /<+m                                  #> Ґете
ґьоте-інститут /n20.p                       #> Ґете-інститут
даламберовий /adj                           #> Даламберів
двобокий /adj
Дебальцево noun:n:v_naz/v_zna:geo           # lim
дезинфекція /n10
декретовий /adj
держдеп /n20
держдепартамент /n20
дефакто adv
дєнікінець /n22.a.p.<
дєнікінський /adj
джаган /n20.a.p
джем-сейшн /n20.p
джентельмен /n20.a.p.<
джентельменський /adj
джигун /n20.a.p.<
Джім /n20.a.p.ke.< :prop:fname              #> Джим
джозефсонівський /adj                       #> Джозефсонів
дзига /n10.p1
дибіл /n20.a.p.<
дигіталізація /n10
дискутивний /adj
диснеївський /adj
Дисней /n20.a.<+
Диснейленд /n20 :prop
дияконівський /adj
діггер /n20.a.p.ke.<
дігер /n20.a.p.ke.<
діджеріду noun:m:nv
діджиталізація /n10
діджиталізований /adj :&adjp:pasv:imperf:perf
діджиталізувати /v1.cf.advp.is0 :imperf:perf
діджиталізуватися /vr1.cf.advp :imperf:perf
діджитальний /adj :slang
ділер /n20.a.p.ke.<
дірхем /n20.a.p
діснеєвський /adj
Дітройт /n20.a :town:prop:geo                   #> Детройт
довгожданний /adj.adv
довіря noun:n:v_naz/v_zna               # lim   #> довір'я
довподоби adv                               #> до вподоби
додатній /adj
додаш додати verb:perf:futr:s:2             #> додаси
дол noun:m:nv                               #> дол.
дооколі adv
доокруги adv
дописа допис noun:m:v_rod
допомогати /v2.cf.advp :imperf
дорожний /adj
достаточний /adj
досьогодні adv
доход доход noun:inanim:m:v_naz/v_zna       # lim
доходний /adj
доходність /n30
дригати /v2.cf.advp.shrt :imperf
дригатися /vr2.cf.advp :imperf
дригом adv
дріжджевий /adj
дрогобиччанин /n20.a.pyn.<
дубняка дубняк noun:m:v_rod
дурацький /adj
духм'яний /adj
духовноінтелектуальний /adj
егеж intj
ейфоричний /adj
еквімольний /adj
екзіт-пол /n20.p
екклезіологічний /adj
екклезіологія /n10
екскорт /n20.p
екскурія /n10.p1
експер /n20.a.p.ke.<
експонт /n20.a.p
експортно-орієнтований /adj
експорто-орієнтований /adj
експрем'єрміністр /n20.a.p.ke.< :ua_2019
екстримальний /adj
екстрім /n20 :coll
Ель-Ніньо noun:m:nv:np                      #> Ель-Ніньйо
емменталь /n20
емотікон /n20.p                             #> емотикон
енергоекономічний /adj
енергоекономічність /n30
епіцентра епіцентр noun:m:v_rod
ЕС noun:m:nv:np:abbr                        #> ЄС
ессенціальний /adj
єврокомісія /n10                            # cap
європарламент /n20                          # cap
Єгіпет /n22.a :prop:geo
Єнакієво noun:n:v_naz/v_zna:geo             # lim
єнакієвський /adj                           #> єнакіївський
єпіскоп /n20.a.p.ke.<
єпіскопство /n2n
єпіскопський /adj
єрархічний /adj
єрузалимський /adj
жеж noninfl                                 #> же ж
жень-шень /n20
живописувати /v1.cf.advp :imperf
житловокомунальний /adj
життєвоважливий /adj
життєво-важливий /adj
життєвонеобхідний /adj
життєво-необхідний /adj
життєзначущий /adj
життєсмисловий /adj
жовчно-кам'яний /adj
жовчокам'яний /adj
заарендувати /v1.is0 :perf
забов'язаний /adj :&adjp:pasv:perf
забов'язання /n2n.p1
забов'язати /v1.isNo :perf
забов'язувати /v1.cf.advp :imperf
забомбити /v1.is0 :perf
заборговувати /v1.cf.advp :imperf
заввиграшки adv
завтрішній /adj
загорання /n2n.p1
загорати /v2.cf.advp :imperf
загоратися /vr2.cf.advp :imperf
загратований /adj :&adjp:pasv:perf
загратовувати /v1.cf.advp :imperf
загратувати /v1.is0 :perf
загрунтований /adj :&adjp:pasv:perf
задуже adv
задужо adv
зажатість /n30
зазняти /v1.isTo :perf
залюбування /n2n
заможній /adj                               #> заможний
заняти /v1.isTo :perf                   # lim
заплющіть заплющити verb:perf:impr:p:2
запомоговий /adj
Запорожжя /n2n :prop:geo
заробітня /adj
засвідчіть засвідчити verb:perf:impr:p:2    #> засвідчте
засиплять засипати verb:perf:futr:p:3:xp2
західній /adj
зашморга зашморг noun:inanim:m:v_rod
зберігти verb:inf:perf                  # lim
зберігтись зберігтися verb:rev:inf:perf # lim
зберігтися verb:rev:inf:perf            # lim
зворотній /adj
зворотньо adv                               #> зворотно
звязаний /adj
звязковий /adj
звязок /n22.p
згвалтований /adj :&adjp:pasv:perf
згвалтування /n2n.p1
згвалтувати /v1.is0 :perf
здавен adv
здзвонюватися /vr1.cf.advp :imperf
зелено-туристичний /adj
зененхунд /n20.a.p.<>
зєднання /n2n.p1
з-закордону adv
зізіфус /n20.a.p
зісватати /v2 :perf
зістарювання /n2n
зістарювати /v1.cf.advp :imperf
знакомий /adj
зобовязання /n2n.p1
золотовалютний /adj                         #> золото-валютний
зоопарківський /adj
зпід adv
зпоміж adv
зтоплювання /n2n
зферментований /adj :&adjp:pasv:perf
зферментування /n2n
зформувати /v1.is0 :perf
зформулювати /v1.is0 :perf
зформулюватися /vr1 :perf
зфранцужений /adj
зявитися /vr1 :perf
Ігора Ігор noun:anim:m:v_rod/v_zna:prop:fname
Ігоре Ігор noun:anim:m:v_kly:prop:fname
Ігоревич /n20.a.p.< :prop:pname             #> Ігорьович
ієзуїтський /adj
ізотерика /n10
ізотеричний /adj
ІІ number:latin
ІІІ number:latin
імбирем імбир noun:inanim:m:v_oru
іменно adv
імігрант /n20.a.p.<
іміграція /n10
імігрувати /v1.cf.advp :imperf:perf
іміджовий /adj
імплатант /n20.a.p
інавгурований /adj :&adjp:pasv:imperf:perf
інвентаря інвентар noun:inanim:m:v_rod          # р.в. архаїчного значення — список
індивідум /n20.a.p.<
індіанин /n20.a.pyn.<
індокачка /n10.p2.<>
іноваційний /adj
іноваційність /n30
інтепретація /n10.p1
інтердисциплінарний /adj
інтердисциплінарність /n30
інтересно adv:&predic
інфотеймент /n20
інціатива /n10.p1
історіописання /n2n
ІУ number:latin                             #> IV
іудео-християнський /adj
Їй-Богу intj:&insert
їй-Богу intj:&insert
їстивний /adj
казацький /adj
казачество /n2n
казачок /n22.a.p.<
ка-зна noninfl:&predic
ка-зна-що adv
кам'янсько-бузький /adj                     #> кам'янка-бузький
канський /adj
карабахський /adj                           #> карабаський
каролінгський /adj                          #> каролінзький
картбланш /n20.a
картрідер /n20.a.p.ke
Кастілія /n10 :prop:geo
кат-зна adv
кат-ма adv
КГБ noun:m:nv:np:prop:abbr                  #> КДБ
Кембрідж /n20.a :xp1:town                   #> Кембридж
Кембрідж /n20 :xp2                          #> Кембридж
кембріджський /adj                          #> кембридзький
кембрідзький /adj                           #> кембридзький
Києв noun:m:v_naz/v_zna:prop:geo            # lim
києво-руський /adj
Київа Київ noun:inanim:m:v_rod:prop:geo
Київі Київ noun:inanim:m:v_dav/v_mis:prop:geo
Килійський /adj
кинжал /n20.a.p
Кирило-Методієвський /adj
Кирило-Мефодієвський /adj
Китая Китай noun:m:v_rod:prop:geo           #> Китаю
кік-боксинг /n20
кіокушінкай noun:n:nv:np
кластерізація /n10
клієнт-орієнтований /adj
клієнт-орієнтованість /n30
клопотливий /adj
клопотливо adv
кметливий /adj
кметливість /n30
Козеріг /n21.a
козеріг /n21.a.p.ke.<>
колинебудь adv:&pron:ind
коллайдер /n20.a.p.ke
колл-центр /n20.p.ke
Колюмбія /n10 :prop:geo
колять колоти verb:imperf:pres:p:3
конвертатор /n20.a.p.ke
Конектикат /n20 :prop:geo
конкурентноздатний /adj
конкурентноздатність /n30
конкурентноспроможний /adj
конкурентноспроможність /n30
константувати /v1 :perf
контура контур noun:m:v_rod                     #> контуру
концентромір /n20.a.p.ke
Кончі-Заспи Конча-Заспа noun:inanim:f:v_rod:prop:geo
Кончі-Заспі Конча-Заспа noun:inanim:f:v_mis:prop:geo
Кончу-Заспу Конча-Заспа noun:inanim:f:v_zna:prop:geo
кон'юктивіт /n20.p
кооператива кооператив noun:m:v_rod
Копернік /n20.a.<+
королевський /adj
костела костел noun:m:v_rod
крайньо-правий /adj
краудфандінг /n20
краудфандінговий /adj
крепатура /n10
крон-принц /n20.a.p.<
крон-принцеса /n10.p1.<
крос-культурний /adj
крюінговий /adj
кулачиськи кулачисько noun:p:v_naz/v_zna
культурноосвітній /adj
культурнопросвітницький /adj
Кутуньо /<+m                                #> Кутуньйо
Кьольн /n20.a :prop:geo                          #> Кельн
кьорлінг /n20                               #> керлінг
лабет лабети noun:inanim:p:v_rod:ns
лако-фарбовий /adj
ламборджині noun:f:nv                       #> ламборгіні
леґінь /n20.a.p.<
ледаре ледар noun:m:v_kly:anim              #> ледарю
лекше лекше adv:compc:&predic
лібретто noun:n:nv
локоть /n22.p
ломати /v2.cf.advp :imperf
лонґселер /n20.a.p.ke
лохотрона лохотрон noun:m:v_rod:slang
луїсеньо noun:f:nv:np                       #> луїсеньйо
лучше лучше adv:compc:&predic
льєжський /adj                              #> льєзький
Ляйпціг /n20.a :town:geo
мавп'ятник /n20.a.p                         #> мавпятник
мавп'ячий /adj                              #> мавпячий
мадьяр /n20.a.p.ke.<
мадьярський /adj
майстерзінгер /n20.a.p.ke.<
макдональдс /n20.a.u.p
Маккейн /n20.a.<+
малоімовірний /adj.adv
Мальдиви /np2 :prop:geo
Мангеттена Мангеттен noun:m:v_rod:geo
Манджурія /n10 :prop:geo                        #> Маньчжурія
Манхеттена Манхеттен noun:m:v_rod:geo
марганцево-кислий /adj
маріхуана /n10
матеріальнотехнічний /adj
маштабний /adj.adv
маштабність /n30
мейнстрім /n20
мейнстрімівський /adj                           #> мейнстримовий
мейнстрімний /adj
мейнстрімовий /adj
Мелашчин /adj
менхенгладбахський /adj
мессія /n10.p1.<m
метадона метадон noun:m:v_rod
міжнародній /adj
міжнародно-визнаний /adj
міжнародно-договірний /adj
міжнародно-економічний /adj
міжнародно-протиправний /adj
мікрочіп /n20.a.p
мінусовка /n10.p2
місцевизначення /n2n
місцеіснування /n2n.p1
міттельштанд /n20.p
Міхаіл /n20.a.< :prop:fname
міщане міщани noun:p:v_naz/v_kly:anim  # lim     #> міщани
мовно-стилістичний /adj
мовнофілософський /adj                      #> мовно-філософський
могорича могорич noun:m:v_rod
моделів модель noun:p:v_rod:xp2      #> моделей
МОЗУ МОЗ noun:n:v_rod/v_dav:prop:abbr   # lim    #> МОЗу
молебен /n22.a.u.p
молодняка молодняк noun:m:v_rod             #> молодняку
молочно-кислий /adj
молочно-товарний /adj
Мондіаль /n20                               #> Мундіаль
монсиньйор /n20.a.p.ke.<
мотопароплан /n20.a.p
Моуріньо /<+m                               #> Моурінью
моцарелла /n10
мудили мудило noun:p:v_naz:anim
музиків музика noun:anim:p:v_rod/v_zna:xp1  #> музик
м'ягкенький /adj                            #> м'якенький
м'ягкенько adv                              #> м'якенько
м'ясомолочний /adj
навсебіч adv
надвірній /adj
надприродній /adj
надприродньо adv                            #> надприродно
надурняк adv
найймовірніший /adj :comps
найтяжкий /adj
нарізко adv                                 #> нарізно
наріччів наріччя noun:inanim:p:v_rod        #> наріч
народній /adj
народно-господарський /adj
народно-пісенний /adj
насамоті adv
насмерть adv
наувазі noninfl                             #> на увазі
неварто noninfl                             #> не варто
невистачати /v2.cf :imperf
невистачити /v1 :perf
невідворотній /adj
негаусівський /adj
негрунтований /adj :&adjp:pasv:imperf    # :past
недивно adv
не-Евклідів /adj                            #> неевклідів
незаможній /adj                             #> незаможний
незворотній /adj
незворотньо adv                             #> незворотно
нездатен noninfl                            #> не здатен
незрівняний /adj
нейрогуморальний /adj
неконкурентноздатний /adj
неминучо adv
неможе noninfl                              #> не може
необгрунтований /adj.adv :&adjp:pasv:perf    # :past
непринятий /adj
неприродньо adv                             #> неприродно
неставати /v1.cf :imperf
нетреба noninfl                             #> не треба
нижчоліговий /adj
низькодоходний /adj
нідочого noninfl                            #> ні до чого
ніжнобузковий /adj
ніжнозелений /adj
ніжносалатовий /adj
норвежський /adj
ньюсмейкер /n20.a.p.ke.<
ньюс-мейкер /n20.a.p.ke.<
ньюсмейкерство /n2n
обгрунтований /adj.adv :&adjp:pasv:perf \    # :past
 +cs=обгрунтованіший
обгрунтованість /n30
обгрунтовання /n2n
обгрунтовування /n2n
обгрунтовувати /v1.cf.advp :imperf
обгрунтовуватися /vr1.cf.advp :imperf
обгрунтування /n2n.p1
обгрунтувати /v1.is0 :perf
обгрунтуватися /vr1 :perf
обєднання /n2n.p1
обєкт /n20.a.p
об'єктно-орієнтований /adj
обійм обійми noun:inanim:p:v_rod:ns         #> обіймів
облрибкомбінат /n20.p
обовязковий /adj
обовязок /n22.p
овоча овоч noun:m:v_rod
одинаковий /adj
окклюдер /n20.a.p.ke
олієжировий /adj
олійноекстракційний /adj
олійно-екстракційний /adj
олійножировий /adj
онко-гематологічний /adj
оптиковолоконний /adj
оптикоелектронний /adj
орігамі noun:m:nv|noun:f:nv
осередка осередок noun:inanim:m:v_rod
основанья основанья noun:n:v_rod            # lim
оцетовий /adj
очків очко noun:inanim:p:v_rod:xp2
пампушків пампушка noun:inanim:p:v_rod
памятати /v2.cf.advp :imperf
пам'ятко-охоронний /adj
памятник /n20.a.p
память /n32
панєвразійський /adj                        #> пан'євразійський
пан-євразійський /adj                       #> пан'євразійський
панєвропейський /adj                        #> пан'європейський
пан-європейський /adj                       #> пан'європейський
пан-отець /n22.a.p.<
папайя /n10                                 #> папая
папарацці /<
паперово-грошовий /adj
паратриатлон /n20
ПАРЕ noun:f:nv:np:prop:abbr                 #> ПАРЄ
партійнодержавний /adj
паталогічний /adj                           #> патологічний
пентхауз /n20.a.p
первісно-общинний /adj
передювілейний /adj
переймів перейма noun:p:v_rod
перекоти-поле /n2n
перепорядкування /n2n
переслуховування /n2n
перетурбація /n10.p1
перисто-розсічений /adj
Пєтровскій /n2adj1.<+
півзахисний /adj
півтора-дві numr:p:nv           # rg_m/rg_n
півтори-два numr:p:nv           # rg_f
підвод підвода noun:p:v_rod                  #> підвід
підгорання /n2n.p1
підгорати /v2.cf.advp :imperf
підгрунтя /n2n
підножний /adj
піккардійський /adj
Пілзень /n22.a :prop:geo                         #> Плзень
пінгвинятко /n2n.p2.ovi.<>
піт-буль /n20.a.p.<>
піт-бультер'єр /n20.a.p.ke.<>
пішоходний /adj
пласкопаралельний /adj
пласко-паралельний /adj
пластирем пластир noun:inanim:m:v_oru
плодовоовочевий /adj
плоско-паралельний /adj
Пльзень /n22.a :prop:geo
побутовізм /n20.p
погодній /adj
подвірній /adj
подригати /v2.cf.advp.shrt :imperf
подригатися /vr2.cf.advp :imperf
пожадальний /adj
полігона полігон noun:inanim:m:v_rod
по-мавп'ячому adv
по-над adv                                  #> понад
поняти /v1 :perf                        # lim
пообіді adv
попадей попадя noun:anim:p:v_rod/v_zna
поперше adv
по-під adv                                  #> попід
по-правді adv                               #> по правді
посипляться посипатися verb:rev:perf:futr:p:3:xp2
по-суті adv
почилий /adj :&adjp:actv:perf
праобраз /n20.p                             #> прообраз
предімплантаційний /adj
прем'єрміністр /n20.a.p.ke.<
пресавтомат /n20.a.p
прецендент /n20.p
прецидентний /adj
Приватбанк /n20                             #> ПриватБанк
приватдоцент /n20.a.p.<
приватній /adj.adv
придорожний /adj
приняти /v1.isTo :perf
принятий /adj :&adjp:pasv:perf
принятися /vr1 :perf
приняття /n2n
приоритетний /adj
природній /adj
природньо adv                               #> природно
пристрастів пристрасть noun:p:v_rod         #> пристрастей
пришпильте пришпилити verb:perf:impr:p:2    #> пришпиліть
пріорітет /n20.p
пріорітетний /adj
прогавити /v1.it0 :perf
продезинфікований /adj :&adjp:pasv:perf    # :past
проплата /n10.p1
просторочасовий /adj
просторо-часовий /adj
протопоп noun:m:v_naz:anim:rare       # lim
проффесор /n20.a.p.ke.<
пружній /adj
публічноправовий /adj
пуерториканський /adj
пуерторіканський /adj
пуско-налагоджувальний /adj
п'яніна /n10
п'яніно noun:n:nv:np
пятниця /n10.p1
рагс /n20.p
ратушою ратуша noun:inanim:f:v_oru          #> ратушею
ребрендінг /n20
резигнація /n10
рейтинзі рейтинг noun:m:v_mis
ремигати /v2.cf.advp :imperf
рето-романський /adj
ретрівер /n20.a.p.ke.<>
речінець /n22.a.p
ризик-орієнтований /adj
римара римар noun:anim:m:v_rod/v_zna:rare
римокатолицизм /n20
римокатолицький /adj
ритмендблюз /n20
рідер /n20.a.p.ke
рієлтер /n20.a.p.ke.<
рієлтерський /adj
різото noun:n:nv
різотто noun:n:nv
рінгтон /n20.p
рітейл /n20
рітейлер /n20.a.p.ke.<
рітейлерський /adj
рН noninfl
Робіньо /<m :fname                          #> Робінью
розвязання /n2n.p1
розвязати /v1.isNo :perf
розвязка /n10.p2
рок-н-ролл /n20
Роналдіньо /<m :fname                       #> Роналдінью
росповсюдження /n2n
росподіл /n20.p
роумінзі роумінг noun:m:v_mis
руднометалургійний /adj
садо-мазохізм /n20
сайєнтолог /n20.a.p.<
сайєнтологічний /adj
сайєнтологія /n10
сайта сайт noun:m:v_rod
самітній /adj
самміт /n20.p
самозагорання /n2n
світлоповітряний /adj
світлошумовий /adj
святвечір /n21.a.p.ke                       # cap
свят-вечір /n21.a.p.ke                      #> Святвечір
свят-вечірній /adj                          #> святвечірній
святовечірній /adj                          #> святвечірній
священомученик /n20.a.p.<
священослужитель /n20.a.p.<
секвойя /n10                                #> секвоя
семинарія /n10.p1
сепаратиський /adj
середньостатичний /adj                      #> середньостатистичний
серйоз /n20
серцевосудинний /adj
символа символ noun:m:v_rod
сине син noun:m:v_kly:anim                  #> синє|сину
сине синій adj:n:v_naz/v_zn2/v_kly
синематограф /n20.a.p
синьожовтий /adj
синьозелений /adj
сипляться сипатися verb:rev:imperf:pres:p:3
сігвей /n20.a.p
сіквел /n20.p
сірійський /adj
Сірія /n10 :prop:geo
сіцілійський /adj
Сіцілія /n10 :prop:geo
скінченно-елементний /adj
словянський /adj
слухо-моторний /adj
сніговобілий /adj
сорома сором noun:m:v_rod
соц-арт /n20
спеціально-дозвільний /adj
СССР noun:m:nv:np:prop:geo:abbr             #> СРСР
статтей стаття noun:p:v_rod                 #> статей
статтів стаття noun:inanim:p:v_rod          #> статей
стрілів стріла noun:p:v_rod                 #> стріл
студенокський /adj                          #> студеноцький
студенство /n2n
Судетів Судети noun:p:v_rod:ns:prop:geo   #> Судет
султаншо султанша noun:anim:f:v_kly
суперякісний /adj
суперяскравий /adj
сухопутній /adj.adv
східній /adj
сюхвилинний /adj
сюхвилинність /n30
сюхвилинно adv
тай noninfl                                 #> та й
так-званий /adj
твітер /n20.a.ke
твітеряни /np1.<
твіттера твіттер noun:m:v_rod               #> твіттеру
Тенеріфе noun:n:nv:bad:prop:geo
теппінг /n20
тимбільше adv                               #> тим більше
тисаагтелекський /adj                       #> тисаагтелецький
тисячелітній /adj                           #> тисячолітній
тисячеліття /n2n.p1                         #> тисячоліття
тонаж /n20
торговля /n10
торрент /n20.a.p
торрент-клієнт /n20.a.p
торрент-мережа /n10.p1
торрент-трекер /n20.a.p.ke
траекторія /n10.p1
трансєвропейський /adj
трафіка трафік noun:m:v_rod
триатлон /n20
триатлоніст /n20.a.p.<
триатлоністка /n10.p2.<
тріквел /n20.p                              #> триквел
троцкізм /n20
трудоголик /n20.a.p.<
Туркменистан /n20 :prop:geo
тшінецький /adj
уїкенд /n20.p
Уїмблдон /n20 :prop
умертвлюючи advp:imperf
УССР noun:f:nv:np:prop:geo:abbr             #> УРСР
фараонський /adj
фейсбука фейсбук noun:m:v_rod               #> фейсбуку
феменістка /n10.p2.<
Фернандіньо /<m :fname                      #> Фернандінью
фінляндизований /adj :&adjp:pasv:imperf:perf
фінляндизуватися /vr1.cf.advp :imperf:perf
фінляндізація /n10
фінн /n20.a.p.<
фінно-угорський /adj
фіто-санітарний /adj
фолкльор /n20.ke
форм-фактор /n20.a.p.ke
форсмажор /n20.p.ke
форсмажорний /adj
французський /adj
фрісбі noun:m:nv                            #> фрисбі
фрістайліст /n20.a.p.<
фрістайлістка /n10.p2.<
фуллерен /n20.p
Фюзеллі /<+m
халапеньо noun:m:nv                         #> халапеньйо
Халхін-Гол /n20                             #> Халхин-Гол
хатів хата noun:inanim:p:v_rod
хащів хаща noun:inanim:p:v_rod
хвилеводний /adj
хелловін /n20                               #> Гелловін
хеллоуїн /n20                               #> Гелловін
хеллоуїнський /adj                          #> гелловінський
хеловін /n20                                #> Гелловін
хеловінський /adj                           #> гелловінський
хелоуїн /n20                                #> Гелловін
хелоуїнський /adj                           #> гелловінський
хеппі-енд /n20.p
ХІ number:latin
ХІІ number:latin
ХІІІ number:latin
ХІХ number:latin
хлібо-булочний /adj
хлопчиськи хлопчисько noun:p:v_naz:anim
Хмельницьк noun:m:v_naz/v_zna:geo # lim     #> Хмельницький
хмельниччанин /n20.a.pyn.<
хоббі noun:n:nv
ходімте ходити verb:imperf:impr:p:1
хостінг /n20.p
хрестово-купольний /adj
хто-зна noninfl:&predic:coll
ХХ number:latin
ХХІ number:latin
ХХІІ number:latin
ХХІІІ number:latin
цедулка /n10.p2
цетральний /adj
ціаністий /adj
Ціцерон /n20.a.<+
цугцванзі цугцванг noun:m:v_mis
Цурюпинськ /n20.a :prop:geo
цурюпинський /adj
цюріський /adj
чагарник noun:m:v_rod                       #> чагарнику
час-від-часу adv                            #> час від часу
час-до-часу adv                             #> час до часу
черлідер /n20.a.p.ke.< :+f
черлідинг /n20
черчилівський /adj
Черчілль /n20.a.<+
Черчіль /n20.a.<+
Чингізхан /n20.a.<
чізбургер /n20.a.p.ke
Чілі noun:f:nv:np:geo                       #> Чилі
чілі noun:m:nv
чілієць /n22.p.a.<                          #> чилієць
чілійка /n10.p2.ko.<                        #> чилійка
чілійський /adj                             #> чилійський
чіпси /np2
чіхуахуа noun:f:nv:anim
член-кореспондент /n20.a.p.<                # відмінюються обидві частини
чорнетка /n10.p2
чорт-зна noninfl:&predic:coll
шампіньон /n20.a.p                          #> шампіньйон
шахид /n20.a.p.<
шахидка /n10.p2.<
Швайцарія /n10 :prop:geo
швецький /adj
шевченковий /adj                            #> Шевченків
шефкухар /n24.a.p.ku.<
шефмеханік /n20.a.p.<
шефпілот /n20.a.p.<
шефповар /n20.a.p.ke.<
шефредактор /n20.a.p.ke.<
шляхо-ремонтний /adj
шосткінський /adj
штабквартира /n10.p1
штраф-майданчик /n20.a.p
штрих-пунктирний /adj
штрудель /n20.a.p
щей noninfl                                 #> ще й
щовісім adv
щодва adv                                   #> що два
щодвадцять adv
щодватижні adv                              #> що два тижні
щодві adv                                   #> що дві
щодвігодини adv                             #> що дві години
щодев'ять adv
щодесять adv                                #> що десять
щож noninfl                                 #> що ж
щоп'ятнадцять adv                           #> що п'ятнадцять
щоп'ять adv                                 #> що п'ять
щосім adv
щосто adv
щотри adv                                   #> що три
щотригодини adv                             #> що три години
щотридцять adv
щотримісяці adv                             #> що три місяці
щотритижні adv                              #> що три тижні
щочотири adv                                #> що чотири
щошість adv
ютуба ютуб noun:m:v_rod                     #> ютубу
