Анна /n10.< - Марія /n10.<
Антоненко /n20.<+ - Давидович /n20.a.<+
Антонов /n2adj2.<+ - Овсієнко /n20.<+
Арена /n10 - Львів
Афанасьєв /n2adj2.<+ - Чужбинський /n2adj1.<+
Байда /n10.<+m - Вишневецький /n2adj1.<+
Бернар /n20.a.ke.< - Анрі /<m
Білецький /n2adj1.<+ - Носенко /n20.<+
Бог /n20.a.< - Дух /n20.a.<
Бог /n20.a.< - Син /n20.a.<
Бог /n20.a.< - Отець /n22.a.<
Богдан /n20.a.< - Зиновій /n20.a.<
Богдан /n20.a.< - Ігор /n24.a.ku.<
Бульба /n10.<+m - Боровець /n22.a.<+m
Галичанка /n10 - ЛНУ
Ганна /n10.< - Марія /n10.<
Гвінея /n10 - Бісау
Горліс /n20.a.<+ - Горський /n2adj1.<+
Григорович /n20.a.<+ - Барський /n2adj1.<+
Гулак /n20.a.ke.<+m - Артемовський /n2adj1.<+
Гулий /n2adj1.<+ - Гуленко /n20.<+
Ґвінея /n10 - Бісау :up19
Джексон /n20.a.<+ - Венік /n20.a.<+ :bad
Дунін /n2adj2.<+ - Борковський /n2adj1.<+
Дячук /n20.a.<+ - Ставицький /n2adj1.<+
Ерік /n20.a.< - Еммануель /n20.a.<
Єва /n10.< - Лотта /n10.<
Жак /n20.a.< - Анрі
Жак /n20.a.< - Ів /n20.a.<
Жан /n20.a.ke.< - Батист /n20.a.<
Жан /n20.a.ke.< - Жак /n20.a.<
Жан /n20.a.ke.< - Клод /n20.a.ke.<
Жан /n20.a.ke.< - Люк /n20.a.ke.<
Жан /n20.a.ke.< - Батіст /n20.a.ke.<
Жан /n20.a.ke.< - Батист /n20.a.ke.<
Жан /n20.a.ke.< - Ів /n20.a.ke.<
Жан /n20.a.ke.< - Крістоф /n20.a.ke.<
Жан /n20.a.ke.< - Марк /n20.a.ke.<
Жан /n20.a.ke.< - Люк /n20.a.<
Жан /n20.a.ke.< - Луї
Жан /n20.a.ke.< - Марі
Жан /n20.a.ke.< - Мішель /n20.a.<
Жан /n20.a.ke.< - П'єр /n20.a.ke.<
Жан /n20.a.ke.< - Поль /n20.a.<
Жан /n20.a.ke.< - Франсуа
Жмайло /n20.<+ - Кульчицький /n2adj1.<+m
Захер /n20.a.ke.<+ - Мазох /n20.a.<+
Зета /n10.<+ - Джонс /<f
Івасик /n20.a.< - Телесик /n20.a.<
Карабас /n20.a.< - Барабас /n20.a.<
Карл /n20.a.< - Йозеф /n20.a.< :bad                     #> Карл Йозеф
Карпенко /n20.<+ - Карий /n2adj1.<+
Касим /n20.a.< - Жомарт /n20.a.<
Квітка /n10.<+m - Основ'яненко /n20.<+m
Київ /n23.a - Московський /n2adj1
Колесніченко /n20.<+ - Ківалов /n2adj2.<+m :bad
Конашевич /n20.a.<+ - Сагайдачний /n2adj1.<+
Лисяк /n20.a.<+ - Рудницький /n2adj1.<+
Лівицька /n2adj1.<+ - Холодна /n2adj1.<+
Лобанов /n2adj2.<+m - Ростовський /n2adj1.<+
Марія /n10.< - Антуанетта /n10.<
Марія /n10.< - Луїза /n10.<
Марія /n10.< - Терезія /n10.<
Молотов /n20.a.<+ - Ріббентроп /n20.a.<+ :bad
Мустафа /n10.<m - ефенді
Наталка /n10.< - Полтавка /n10.<
Нафтовик /n20.a - Укрнафта /n10
Немирович /n20.a.<+m - Данченко /n20.<+m
Нечуй /n20.a.<+ - Левицький /n2adj1.<+
Оболонь /n32 - Бровар /n24.a.ku
Одеса /n10 - мама /n10
Одетта /n10.< - Оділія /n10.<
Омелянович /n20.a.<+ - Павленко /n20.<+
Островська /n2adj1.<+ - Люта /n2adj1.<+
П'єр /n20.a.ke.< - Марі
П'єр /n20.a.ke.< - Ів /n20.a.<
Підгора /n10.<+m - Гвяздовський /n2adj1.<+
Підгора /n10.<+m - Ґвяздовський /n2adj1.<+
Політехніка /n10 - Галичина /n10
Полонська /n2adj1.<+ - Василенко
Полтавець /n22.a.<+ - Остряниця /n10.<+m
Пуща /n10 - Водиця /n10
Римський /n2adj1.<+ - Корсаков /n2adj2.<+m
Руденко /n20.<+ - Краєвський /n2adj1.f.<+
Рудня /n10 - Мигальська /n2adj1
Рябінін /n2adj2.<+ - Скляревський /n2adj1.<+
Салтиков /n20.a.<+ - Щедрін /n2adj2.<+m
Святополк /n20.a.< - Четвертинський /n2adj1.<
Склодовська /n2adj1.<+ - Кюрі
Старицька /n2adj1.<+ - Черняхівська /n2adj1.<+
Таїрова /n2adj1.<+ - Яковлева /n2adj1.<+
Транквіліон /n20.a.<+ - Ставровецький /n2adj1.<+m
Ульянов /n2adj2.<+ - Ленін /n2adj2.<+
Франк /n20.a.< - Вальтер /n20.a.ke.<
Франц /n20.a.< - Йосиф /n20.a.< :bad
Юрій /n20.a.< - Гедеон /n20.a.<
Ян /n20.a.< - Казимир /n20.a.ke.< :bad
