абись conj:subord
антипко /n20.<
атентат /n20
банно банно adv
баяти /v2 :imperf
безлічно adv
бистрота /n10
бісиця /n10.ko.<
благовіщення /n2n
босячка /n10.p2.ko.<
бусі predic
бюрко /n2n.p2
ваганки /np2
вазка /n10
варівко варівко adv
вельон /n20
венгерське /n2adj1
вигибти /v3 :perf
вилочний /adj
виміна /n10
винаймити /v1 :perf
випендрюватися /vr1.cf.advp :imperf
вирощати /v2 :imperf
висказати /v1.imprsNo :perf
висказатися /vr1 :perf
висмівати /v2 :imperf
висміватися /vr2 :imperf
вистреляти /v2 :perf
відіткати /v2 :perf
вісний /adj
вісьта intj
в'їжно в'їжно adv
вколо вколо prep:rv_rod|adv
вконтентований /adj :&adjp:pasv:perf:v-u    # :past
вконтентовувати /v1 :imperf
вконтентовуватися /vr1 :imperf
вконтентувати /v1 :perf
вконтентуватися /vr1 :perf
вліжно вліжно adv
воркотливий /adj
вхорканий /adj :&adjp:pasv:perf:v-u    # :past
гейби conj:subord
глупий /adj :xp1            # xv1
головочка /n10
ґердан /n20.p
далебіг далебіг insert
дармо adv
дармовіс /n20.a.p
дворець /n22.p.a
дев'ятдесят numr:p:v_naz/v_zna
дейко дейко predic
декуди adv
дільчий /adj
докіль adv|conj:subord
дрожка /n10.p2
єсть єсть predic
жалуватися /vr1.cf.advp :imperf
жантильний /adj
жемчужний /adj
завідатель /n20.a.<
зазнимкувати /v1.imprs0 :perf
заки conj:subord
заким conj:subord
замісто prep:rv_rod
запоріжець /n22.a.p.<
зверх зверх adv
зверх зверх prep:rv_rod
здрійко numr:nv
змирятися /vr2.cf.advp :imperf
змисл /n20
з-позаду з-позаду adv
зрабований /adj :&adjp:pasv:perf
йменований /adj :&adjp:pasv:imperf
кально кально adv
катмає катмає predic
ке intj
ке ке predic
кете кете predic
кілько numr:p:v_naz/v_zna
коби conj:subord
когут /n20.a.p.<>
кождий /adj :&pron:gen
колгоспівський /adj
коц /n20.a.p
леда-який /adj :&pron:ind
любля любля predic
люде людина noun:anim:p:v_naz
мабіть мабіть insert
магайбі intj
майбуть майбуть insert
масакра /n10
метанина /n10
мізок /n22
мість prep:rv_rod
мо мо insert
можний /adj
моторити /v1 :imperf
навперед prep:rv_rod
навручки навручки adv
надцять /numr
намість намість adv
намість намість prep:rv_rod
напуцований /adj :&adjp:pasv:perf    # :past
нарід /n21
невпам'ятку невпам'ятку predic
невпотріб невпотріб predic
неке part
немать немать predic
неможний /adj
немощний /adj
необавки adv
неоглядки adv
неоглядком adv
неохая /n10.< :+m
неякась неякийсь adj:f:v_naz:&pron:neg
неякесь неякийсь adj:n:v_naz/v_zna:&pron:neg
неякийсь неякийсь adj:m:v_naz/v_zn2:&pron:neg
неякимись неякийсь adj:p:v_oru:&pron:neg
неякимось неякийсь adj:m:v_oru//n:v_oru//p:v_dav:&pron:neg
неякимсь неякийсь adj:m:v_oru:&pron:neg
неякихось неякийсь adj:p:v_rod/v_zn1/v_mis:&pron:neg
неякійсь неякийсь adj:f:v_dav/v_mis:&pron:neg
неякісь неякийсь adj:p:v_naz/v_zn2:&pron:neg
неякогось неякийсь adj:m:v_rod/v_zn1//n:v_rod:&pron:neg
неякоїсь неякийсь adj:f:v_rod:&pron:neg
неякомусь неякийсь adj:m:v_dav/v_mis//n:v_dav/v_mis:&pron:neg
неякоюсь неякийсь adj:f:v_oru:&pron:neg
неякусь неякийсь adj:f:v_zna:&pron:neg
нігде adv:&pron:emph:xp1
нігде adv:&pron:neg:xp2
ніже conj:coord
ніже part
ніже-ні part
нікоторий /adj :&pron:neg
ніт ніт part
нітелень нітелень predic
ніц noun:inanim:v_rod:&pron:neg
ніц noun:inanim:v_zna:&pron:neg
оба numr:m:v_naz/v_zna
обі numr:f:v_naz/v_zna
обруч adv
обсіч adv
оглав /n20.p
одвір adv
одіж /n32
одітий /adj :&adjp:pasv:perf    # :past
однакий /adj
озутий /adj :&adjp:pasv:perf    # :past
окроме prep:rv_rod
омочений /adj :&adjp:pasv:perf              #> обмочений
онакий /adj :&pron:def
опірений /adj :&adjp:pasv:perf    # :past
опостін adv|prep:rv_rod
опріче adv|prep:rv_rod
опроче adv|prep:rv_rod
орегано noun:n:nv
оселець /n22.a.p.<
осьмий /adj
отсе отсей adj:n:v_naz/v_zna:&pron:dem
отсей отсей adj:m:v_naz/v_zn2:&pron:dem
отсим отсей adj:m:v_oru//n:v_oru//p:v_dav:&pron:dem
отсими отсей adj:p:v_oru:&pron:dem
отсих отсей adj:p:v_rod/v_zn1/v_mis:&pron:dem
отсі отсей adj:p:v_naz/v_zn2/v_mis:&pron:dem
отсієї отсей adj:f:v_rod:&pron:dem
отсією отсей adj:f:v_oru:&pron:dem
отсій отсей adj:f:v_dav/v_mis:&pron:dem
отсім отсей adj:m:v_mis//n:v_mis:&pron:dem
отсього отсей adj:m:v_rod/v_zn1//n:v_rod:&pron:dem
отсьому отсей adj:m:v_dav/v_mis//n:v_dav/v_mis:&pron:dem
отсю отсей adj:f:v_zna:&pron:dem
отся отсей adj:f:v_naz:&pron:dem
отта оттой adj:f:v_naz:&pron:dem
оттакий /adj :&pron:dem
отте оттой adj:n:v_naz/v_zna:&pron:dem
оттим conj:subord
оттим оттой adj:m:v_oru//n:v_oru//p:v_dav:&pron:dem
оттими оттой adj:p:v_oru:&pron:dem
оттих оттой adj:p:v_rod/v_zn1/v_mis:&pron:dem
отті оттой adj:p:v_naz/v_zn2:&pron:dem
оттієї оттой adj:f:v_rod:&pron:dem
оттією оттой adj:f:v_oru:&pron:dem
оттій оттой adj:f:v_dav/v_mis:&pron:dem
оттім оттой adj:m:v_mis//n:v_mis:&pron:dem
оттого оттой adj:m:v_rod/v_zn1//n:v_rod:&pron:dem
оттої оттой adj:f:v_rod:&pron:dem
оттой оттой adj:m:v_naz/v_zn2:&pron:dem
оттому оттой adj:m:v_dav/v_mis//n:v_dav/v_mis:&pron:dem
оттою оттой adj:f:v_oru:&pron:dem
отту оттой adj:f:v_zna:&pron:dem
отце отцей adj:n:v_naz/v_zna:&pron:dem
отце part
отцей отцей adj:m:v_naz/v_zn2:&pron:dem
отцим отцей adj:m:v_oru//n:v_oru//p:v_dav:&pron:dem
отцими отцей adj:p:v_oru:&pron:dem
отцих отцей adj:p:v_rod/v_zn1/v_mis:&pron:dem
отці отцей adj:p:v_naz/v_zn2/v_mis:&pron:dem
отцієї отцей adj:f:v_rod:&pron:dem
отцією отцей adj:f:v_oru:&pron:dem
отцій отцей adj:f:v_dav/v_mis:&pron:dem
отцім отцей adj:m:v_mis//n:v_mis:&pron:dem
отцього отцей adj:m:v_rod/v_zn1//n:v_rod:&pron:dem
отцьому отцей adj:m:v_dav/v_mis//n:v_dav/v_mis:&pron:dem
отцю отцей adj:f:v_zna:&pron:dem
отця отцей adj:f:v_naz:&pron:dem
памка /n10
перстінь /n23.p
печально adv
писачок /n22.a.p
півперек prep:rv_rod
півтретя numr:f:v_naz/v_zna
підсичувати /v1.cf.advp :imperf
подовш adv|prep:rv_rod
покійно adv
полегша /n10.p1
помісь conj:subord
помісь part
попроз попроз prep:rv_zna
попсути /v2 :perf
порист /n20.a.p.<
посереду prep:rv_rod
посланіє /n2n
поставець /n22.a.p
постанець /n22.a.p.<>
постілець /n22.a.p
постоянець /n22.a.p.<
постоянка /n10
постпродакшн /n20
постріш /n32
поступцем adv
поуз поуз prep:rv_rod:rv_zna
почерез prep:rv_zna
придверний /adj
притім conj:subord:bad
пріч prep:rv_rod
простибі простибі insert
простибіг простибіг insert
против prep:rv_rod
райця /n10.piv.<m
рибно рибно adv
рік-річно рік-річно adv
розгрішення /n2n
розділка /n10.p2                            #> риска
салган /n20
самовродок /n20.a.p
самокидка /n10.p2
саф'янець /n22.a.p
світач /n20.a.p
святешний /adj
се сей adj:n:v_naz/v_zna:&pron:dem
сей сей adj:m:v_naz/v_zn2:&pron:dem
силяти /v2.cf.advp :imperf
сим сей adj:m:v_oru//n:v_oru//p:v_dav:&pron:dem
сими сей adj:p:v_oru:&pron:dem
сих сей adj:p:v_rod/v_zn1/v_mis:&pron:dem
сі сей adj:p:v_naz/v_zn2/v_mis:&pron:dem
сієї сей adj:f:v_rod:&pron:dem
сією сей adj:f:v_oru:&pron:dem
сій сей adj:f:v_dav/v_mis:&pron:dem
сількось сількось adv
сількось сількось insert
сім сей adj:m:v_mis//n:v_mis:&pron:dem
скілька numr:nv
скілько numr:p:v_naz/v_zna
сопух /n20
спечно спечно adv
споміж prep:rv_rod
спосеред prep:rv_rod
стосувати /v1.cf.advp :imperf
суперека /n10
сього сей adj:m:v_rod/v_zn1//n:v_rod:&pron:dem
сьому сей adj:m:v_dav/v_mis//n:v_dav/v_mis:&pron:dem
сю сей adj:f:v_zna:&pron:dem
ся сей adj:f:v_naz:&pron:dem
ся part
таж conj:subord|part
таже conj:subord|part
травознай /n20.a.p.<
трансфлюксор /n20.a.p
трафунок /n22
трепетати /v1.cf :imperf
тридесять numr:p:v_naz/v_zna
трясцяма трясцяма predic
угощати /v2 :imperf
удвурядь adv
уздогін уздогін adv
уїжно уїжно adv
уїхати /v4 :perf
уйматися /vr2 :imperf
уконтентований /adj :&adjp:pasv:perf:v-u    # :past
уконтентовувати /v1 :imperf
уконтентовуватися /vr1 :imperf
уконтентувати /v1 :perf
уконтентуватися /vr1 :perf
укруть укруть adv
уліжно уліжно adv
упоминати /v2 :imperf
упоминатися /vr2 :imperf
упомки упомки predic
упруг /n20.a
урадуваний /adj :&adjp:pasv:perf    # :past
уряджений /adj :&adjp:pasv:perf    # :past
успокоєний /adj :&adjp:pasv:perf    # :past
ухорканий /adj :&adjp:pasv:perf:v-u    # :past
фашистівський /adj
фершалка /n10.p2.ko.<
фестини /np1
фіра /n10.p1
хватаний /adj
хибань part
хляпавка /n10
хоть conj:subord
хоть part
хотя part
хресійбо intj
циганів циган noun:anim:p:v_rod/v_zna
цукриця /n10
цьоця /n10.ku.<
чортма чортма predic
чорт-ма чорт-ма predic
чортмає чортмає predic
чорт-мало чорт-мало predic
чорт-матиме чорт-матиме predic
чуткість /n30
шияка /n10
шкварко adv
шкло /n2n :np               #> скло
штири numr:p:v_naz/v_zna
штирнадцять numr:nv
шушон /n20.a
щіль /n32.p
яєшня /n10.p2
