абись conj:subord
банно банно adv
баяти /v2 :imperf
бистрота /n10
бісиця /n10.ko.<
благовіщення /n2n
босячка /n10.p2.ko.<
бусі predic
бюрко /n2n.p2
ваганки /np2
вазка /n10
варівко варівко adv
вигибти verb:inf:perf
вилочний /adj
виміна /n10
винаймити /v1 :perf
випендрюватися /vr1.cf.advp :imperf
вирощати /v2 :imperf
висказати /v1.impersW :perf
висказатися /vr1 :perf
висміватися /vr2 :imperf
висмівати /v2 :imperf
вистреляти /v2 :perf
відіткати /v2 :perf
вісний /adj
вісьта excl
в'їжно в'їжно adv
вколо вколо prep:rv_rod|adv
вліжно вліжно adv
воркотливий /adj
вхорканий /adj ^adjp:pasv:perf :v-u    # :past
гейби conj:subord
глупий /adj :xv1
головочка /n10
далебіг далебіг insert
дармовіс /n20.a.p
дармо adv
дворець /n22.p.a
дев'ятдесят numr:p:v_naz/v_zna
дейко дейко predic
дільчий /adj
докіль adv|conj:subord
дрожка /n10.p2
єсть єсть predic
жалуватися /vr1.cf.advp :imperf
жемчужний /adj
завідатель /n20.a.<
заким conj:subord
заки conj:subord
замісто prep:rv_rod
зверх зверх adv
здрійко здрійко numr:nv
змирятися /vr2.cf.advp :imperf
змисл /n20
з-позаду з-позаду adv
йменований /adj ^adjp:pasv:imperf
кабацький /adj
кально кально adv
катмає катмає predic:coll
ке ке predic
кете кете predic
ке excl
кілько numr:p:v_naz/v_zna
коби conj:subord
кождий /adj :&pron:def
леда-який /adj :&pron:ind
любля любля predic
мабіть мабіть insert
магайбі excl
майбуть майбуть insert
мізок /n22
мість prep:rv_rod
можний /adj
мо мо insert
навперед prep:rv_rod:coll
навручки навручки adv
надцять /numr
намість намість adv
напуцований /adj ^adjp:pasv:perf    # :past
невпам'ятку невпам'ятку predic:coll
невпотріб невпотріб predic
немать немать predic
неможний /adj
немощний /adj
неякась неякийсь adj:f:v_naz:&pron:ind
неякесь неякийсь adj:n:v_naz/v_zna:&pron:ind
неякийсь неякийсь adj:m:v_naz/v_zna:&pron:ind
неякимись неякийсь adj:p:v_oru:&pron:ind
неякимось неякийсь adj:m:v_oru//n:v_oru//p:v_dav:&pron:ind
неякимсь неякийсь adj:m:v_oru:&pron:ind
неякихось неякийсь adj:p:v_rod/v_zna/v_mis:&pron:ind
неякійсь неякийсь adj:f:v_dav/v_mis:&pron:ind
неякісь неякийсь adj:p:v_naz/v_zna:&pron:ind
неякогось неякийсь adj:m:v_rod/v_zna//n:v_rod:&pron:ind
неякоїсь неякийсь adj:f:v_rod:&pron:ind
неякомусь неякийсь adj:m:v_dav/v_mis//n:v_dav/v_mis:&pron:ind
неякоюсь неякийсь adj:f:v_oru:&pron:ind
неякусь неякийсь adj:f:v_zna:&pron:ind
ніже conj:coord
нітелень нітелень predic:coll
ніт ніт part
оба numr:m:v_naz/v_zna
обікласти verb:inf:perf
обі numr:f:v_naz/v_zna
обсіч adv
одітий /adj ^adjp:pasv:perf    # :past
озутий /adj ^adjp:pasv:perf    # :past
окроме prep:rv_rod
онакий /adj :&pron:def
опірений /adj ^adjp:pasv:perf    # :past
опостін prep:rv_rod
опріче prep:rv_rod
опроче prep:rv_rod
осьмий /adj
оттим conj:subord
памка /n10
печально adv
півперек prep:rv_rod
півтретя numr:f:v_naz/v_zna
підсичувати /v1.cf.advp :imperf
подовш prep:rv_rod
полегша /n10.p1
помісь conj:subord
помісь part
попсути /v2 :perf
посереду prep:rv_rod
почерез prep:rv_zna
притім conj:subord:bad
пріч prep:rv_rod:coll
простибіг простибіг insert
простибі простибі insert
против prep:rv_rod
рибно рибно adv
рік-річно рік-річно adv
святешний /adj
сей сей adj:m:v_naz/v_zna:&pron:dem
се сей adj:n:v_naz/v_zna:&pron:dem
силяти /v2.cf.advp :imperf
сими сей adj:p:v_oru:&pron:dem
сим сей adj:m:v_oru//n:v_oru//p:v_dav:&pron:dem
сих сей adj:p:v_rod/v_zna/v_mis:&pron:dem
сієї сей adj:f:v_rod:&pron:dem
сією сей adj:f:v_oru:&pron:dem
сій сей adj:f:v_dav/v_mis:&pron:dem
сількось сількось adv
сількось сількось insert
сім сей adj:m:v_mis//n:v_mis:&pron:dem
сі сей adj:p:v_naz/v_zna/v_mis:&pron:dem
скілька скілька numr:nv:coll
скілько numr:p:v_naz/v_zna
спечно спечно adv
споміж prep:rv_rod:coll
спосеред prep:rv_rod:coll
стосувати /v1.cf.advp :imperf
сього сей adj:m:v_rod/v_zna//n:v_rod:&pron:dem
сьому сей adj:m:v_dav/v_mis//n:v_dav/v_mis:&pron:dem
сю сей adj:f:v_zna:&pron:dem
ся сей adj:f:v_naz:&pron:dem
таже conj:subord|part
таж conj:subord|part
трепетати /v1.cf :imperf
тридесять numr:p:v_naz/v_zna
трясцяма трясцяма predic:coll
угощати /v2 :imperf
удвурядь adv
уздогін уздогін adv
уїжно уїжно adv
уїхати /v4 :perf
уйматися /vr2 :imperf
уконтентовувати /v1 :imperf
уконтентовуватися /vr1 :imperf
уконтентувати /v1 :perf
уконтентуватися /vr1 :perf
укруть укруть adv
уліжно уліжно adv
упоминати /v2 :imperf
упоминатися /vr2 :imperf
упомки упомки predic
упруг /n20.a
урадуваний /adj ^adjp:pasv:perf    # :past
уряджений /adj ^adjp:pasv:perf    # :past
успокоєний /adj ^adjp:pasv:perf    # :past
ухорканий /adj ^adjp:pasv:perf :v-u    # :past
фашистівський /adj
хватаний /adj
хоть conj:subord
хоть part
хотя part
хресійбо excl
цьоця /n10.<
чортмає чортмає predic:coll
чорт-мало чорт-мало predic:coll
чорт-матиме чорт-матиме predic:coll
чорт-ма чорт-ма predic:coll
чортма чортма predic:coll
чуткість /n30
шияка /n10
шкварко adv
шкло /n2n :np
штири numr:p:v_naz/v_zna
штирнадцять штирнадцять numr:nv
шушон /n20.a
щіль /n32.p
