автозак /n20.a.p
айн foreign
айпед /n20.a.p
айтішний /adj
айтішник /n20.a.p.<
акаунт /n20.p                             #> обліковий запис|рахунок
алкаш /n20.a.p.<
алкашня /n10
алконавт /n20.a.p.<
амбал /n20.a.p.ke.<
америкос /n20.a.p.<
аморалка /n10
антисовєтський /adj
антисовєтчик /n20.a.p.<
антифа noun:p:nv
апгрейд /n20.p
апдейт /n20.p                           #> оновлення
аплікуха /n10.p1
аська /n10
аусвайс /n20.p
Афган /n20
баблішко /n2n
бабло /n2n
баг /n20.p
бадяжити /v1.cf.advp :imperf
баєр /n20.a.p.ke.<
базарити /v1.cf.advp :imperf
байк /n20.a.p
бакс /n20.a.p
балаганити /v1.cf.advp :imperf
балдіти /v2.cf.advp :imperf
балдьожний /adj
бамбіна /n10.<
бамбіно noun:m:nv:anim
бандерштадт /n20
банерка /n10
барахлішко /n2n
бардзо adv
барзо adv
барижити /v1.cf.advp :imperf
барижництво /n2n
батя /n10.<m
батяня /n10.ku.< ^noun:m
башляти /v2.cf.advp :imperf
бевушний /adj
беемпеха /n10.p1
беемпешка /n10.p2
безбаштовий /adj
безлімітка /n10
безпонтовий /adj.adv
безпрєдєл /n20
бекграунд /n20
бекпекер /n20.a.p.<
бекпекерський /adj
беркутня /n10
берці /np2
беушний /adj
беха /n10
бзик /n20
бикувати /v1.cf.advp :imperf
бикуватий /adj
бикуватість /n30
бігморди /np1
бімба /n10
бітл /n20.a.p.<
біч /n20.a.p.<
блатар /n24.a.p.ke.<
блатняк /n20.a
блатняцький /adj
бодігард /n20.a.p.ke.<
бодун /n20.a
бодяжити /v1.cf.advp.it0 :imperf
бодяжний /adj
бомбезний /adj.adv
бомжатник /n20.a.p
борд /n20
бортанути /v1 :perf
ботан /n20.a.p.<
ботанічка /n10.p2.<
брательник /n20.a.<
братішка /n10.p2.<m
брейн-дрейн /n20
брехалівка /n10.p2
бродкастер /n20.a.p.<
броник /n20.a.p
бронік /n20.a.p
будун /n20
бумбокс /n20.a.p
буржуїн /n20.a.p.ke.<
бухло /n2n
вбабахати /v2.isNo :perf
вгахати /v2.isNo :perf
вевешний /adj
вендор /n20.a.p.<                       #> постачальник
вертухай /n20.a.p.<
взувачка /n10.p2
виблюватися /vr1 :perf
вимазюкати /v2.isNo :perf
вимахуватися /vr1.cf.advp :imperf
випендритися /vr1 :perf
випендрьож /n20
випендрюватися /vr1.cf.advp :imperf
випивон /n20
випивончик /n20
вирубити /v1.it1 :perf
вирубитися /vr1.it1 :perf
вирулити /v1.it1 :perf
вирулювати /v1.cf.advp :imperf
висяк /n20.p
вишибала /n10.p1.piv.<m
вишиватництво /n2n
відбиванка /n10
відбувайло /n20.ke.<
відгамселити /v1.it0 :perf
віддухопелити /v1.it0 :perf
відеоприкол /n20.p
відішачити /v1 :perf
відкат /n20.p
відмазати /v1.isNo :perf
відмазатися /vr1 :perf
відмазка /n10.p2
відмазувати /v1.cf.advp :imperf
відмазуватися /vr1.cf.advp :imperf
відморозитися /vr1.it0 :perf
відморозок /n22.p.a.<
відмудохати /v2 :perf
відпанахати /v2.isNo :perf
відфотошоплений /adj :&adjp:pasv:perf
війнушка /n10
війнушки /np3
вікізустріч /n32.p
вільник /n20.a.p.<
вінгер /n20.a.p.ke.<
віп /n20.a.p.<
віпівський /adj
віртуал /n20.a.p.< :xp1     # людина
віртуал /n20                # асбтр.
владець /n22.a.p.<
вламуватися /vr1.cf.advp :imperf
водяра /n10
воркаут /n20
воркшоп /n20.p
воронок /n22.p.a
вохрівець /n22.a.p.<
впадло adv
вперьод adv
втарабанити /v1 :perf
вшистко adv
газбулька /n10
газелька /n10.p2
газонути /v1 :perf
галімий /adj
гебня /n10
геймер /n20.a.p.ke.<
гемблер /n20.a.p.ke.<
гемблінг /n20
гепіенд /n20
гібридник /n20.a.p
гіфка /n10.p2
глорифікований /adj :&adjp:pasv:imperf:perf
глушилка /n10.p2
глюк /n20.p
глючити /v1.cf :imperf
глючний /adj
голеодор /n20.a.p.ke.<
голівар /n20.p
голодуха /n10
гомік /n20.a.p.<
гомо-совєтікус /n20.a.p.<
гопник /n20.a.p.<
гопницький /adj
гопота /n10
готовик /n20
гравіцапа /n10.p1
груповуха /n10.p1
гудбай intj
гульбанити /v1.cf.advp :imperf
дайв /n20
дайош intj
данс /n20
даунтаун /n20.p
дауншифтер /n20.a.p.ke.<
дауншифтинг /n20
движуха /n10
двіж /n20
двохсотка /n10.p2
двушка /n10.p2
девайс /n20.a.p
деза /n10
дембель /n20.a :xp2     # демобілізація
дембель /n20.a.p.< :xp1   # людина
дембельський /adj
депресняк /n20.a.p
депресняк /n20
депресуха /n10
дерибан /n20.p
дерибанник /n20.a.p.<
десовєтизація /n10
деструктив /n20
дефейс /n20
дефіляда /n10.p1
джинса /n10
джипіеска /n10.p2
джобер /n20.a.p.<
джоберський /adj
динамівка /n10.p2.<
дирчик /n20.a.p
дискутабельний /adj
доганятися /vr2.cf.advp :imperf
догнатися /vr4 :perf
договірняк /n20.p
домашка /n10
домушник /n20.a.p.<
дос-атака /n10.p1
дофіга adv
драй foreign
драйвовий /adj.adv \
 +cs=драйвовіший
драмер /n20.a.p.<
дурбецалка /n10.<
дурдом /n20
дуркувати /v1.cf.advp :imperf
душозгубний /adj
екаунт /n20.p                             #> обліковий запис|рахунок
експат /n20.a.p.<
екстрадувати /v1.cf.advp :imperf
екшн /n20
електронка /n10
емка /n10
ентранжизм /n20
есбеушник /n20.a.p.<
есересерія /n10
ефесбешний /adj
євротусовка /n10.p2
єврочиновниця /n10.p1.<
жеківець /n20.a.p.<
житловик /n20.a.p.<
жлоб /n20.a.p.ke.<
жлобство /n2n
жлобський /adj
жмот /n20.a.p.<
жрачка /n10
журналюга /n10.p1.<m
забакланити /v1 :perf
забанити /v1.is0 :perf
забулдига /n10.p1.< ^noun:m
завмаг /n20.a.p.<
зажилити /v1 :perf
заказуха /n10
закусон /n20.p
закусь /n32.p
замануха /n10.p1
заничка /n10.p2
запоребрик /n20.a
заруба /n10.p1
заукраїнець /n22.a.p.<
захцянка /n10.p2
збацати /v2 :perf
звідтам adv
здрейфити /v1 :perf
злабати /v2 :perf
зовнішка /n10
зомбоящик /n20.a.p
зрадоперемога /n10.p1
ігнорити /v1 :imperf
інгліш /n20
йо-майо intj
кагебіст /n20.a.p.ke.<
кайфовий /adj.adv \
 +cs=кайфовіший
кайфонути /v1 :perf
калаш /n20.a.p
камбек /n20
кар /n20.a
квартирник /n20.a.p.<
кидалово /n2n
кіноприкол /n20.p
кінопродакшн noun:n:nv:np
кінорадіомеханік /n20.a.p.<
кіпер /n20.a.p.ke.<
класнючий /adj
клікабельний /adj
кльовий /adj
кльово intj|adv
кнопкодав /n20.a.p.ke.<
ковбасити /v1.cf.advp :imperf
ковбаситися /vr1.cf.advp :imperf
коворкінг /n20.p
комуняка /n10.p1.ko.< ^noun:m
контачити /v1.cf.advp :imperf
контрактер /n20.a.p.ke.<
контрибутор /n20.a.p.ke.<
коп /n20.a.p.<
корисняк /n20.p
коуч /n20.a.p.<
кофішоп /n20.p
крафтовий /adj
креакл /n20.a.p.<
креативити /v1.cf.advp :imperf
крейзанутий /adj \
 +cs=крейзанутіший
крейзі adj:nv
крейзонутий /adj
кремпуватися /vr1.cf.advp :imperf
кримнашист /n20.a.p.<
крокси /np2
ксива /n10.p1
лабати /v2.cf.advp :imperf
лабуда /n10
лабух /n20.a.p.<
лажа /n10
лажати /v2.cf.advp :imperf
лажатися /vr2.cf.advp :imperf
лажовий /adj
лайкати /v1.cf.advp :imperf
лайкнути /v1 :perf
лайфхак /n20.p                  #> корисняк
лафа /n10
легалайз /n20 :np
легпром /n20
лейба /n10.p1
литвинівець /n22.p.a.<
лонгплей /n20.p
лоханутися /vr1 :perf
лохотрон /n20.p
лохотронщик /n20.a.p.<
лохторат /n20
лузер /n20.a.p.ke.<     #> невдаха
лузерство /n2n
люксовий /adj \
 +cs=люксовіший
мандраж /n20.p
маневруха /n10.p1
марафет /n20
масліт /n20
мейкап /n20
мейл /n20
мейнстрим /n20
мейнстримний /adj
мент /n20.a.p.ke.< :xp1    # міліціонер
ментівський /adj
мерс /n20.a.p
мешти /np1
міні-кар /n20.a.p
младореформатор /n20.a.p.ke.<
моднячий /adj
мокруха /n10.p1
молодіжка /n10.p2
мощення /n2n
музон /n20
мундіаль /n20.p
наворот /n20.p
наворочений /adj
нагадувальник /n20.a.p
наголяса adv
наївняк /n20.a.p.<
наркота /n10 :np
нафіг adv
нафіга adv
нахімічити /v1 :perf
неадекват /n20.a.p.<
недискутабельний /adj
недобуд /n20
некльовий /adj
неміряно adv
непруха /n10
нефарт /n20
неформат /n20
новобуд /n20.p
носибельний /adj \
 +cs=носибельніший
ноут /n20.a.p
ноутпед /n20.a.p
нулячий /adj
ньюсмейкер /n20.a.p.ke.<
няшний /adj
общак /n20
одобрямс /n20
олігархономіка /n10
офігенний /adj.adv \
 +cs=офігенніший
офісмен /n20.a.p.<
папік /n20.a.p.<
парамедик /n20.a.p.<
паті noun:f:nv
пахан /n20.a.p.<
паханат /n20.p
пацанва /n10
пацанка /n10.p2.<
пензлювати /v1.cf.advp :imperf
перепост /n20.p
петеушник /n20.a.p.<
печалька /n10
підмарафетити /v1 :perf
підмахувати /v1.cf.advp :imperf
підтанцьовка /n10.p2
побутовуха /n10
повкалувати /v1 :perf
поворотник /n20.a.p
погоцати /v2 :perf
подлянка /n10.p2
понти /np2
понтовий /adj.adv \
 +cs=понтовіший
попса /n10
порнуха /n10.p1
постібатися /vr2 :perf
постсовковий /adj
постсовок /n22
потрясний /adj
потусуватися /vr1 :perf
пофіг adv
пофігізм /n20
пошлятина /n10
пошлячка /n10.p2.<
поюзати /v1 :perf
пралька /n10.p2
прапор /n20.a.p.ke.< :xp1
прибамбас /n20.p
прибамбашений /adj :&adjp:pasv:perf
прикид /n20.p
прикол /n20.p
приколіст /n20.a.p.<
прикольний /adj.adv \
 +cs=прикольніший
припахати /v2 :perf
присобачений /adj :&adjp:pasv:perf
присобачити /v1.is0.it0 :perf
прихватизатор /n20.a.p.ke.<
прихватизація /n10
прихватизований /adj :&adjp:pasv:perf
прихватизувати /v1.cf.advp.is0 :perf
прихватизуватися /vr1.cf.advp :perf
пришизіти /v2 :perf
провтикати /v2 :perf
програмер /n20.a.p.<
противсіхи /np2.<
противсіхство /n2n
противсішки /np3.<
протитуманки /np3
пруха /n10
пшек /n20.a.p.<
регулярка /n10
рейдернути /v1 :perf
рекрутер /n20.a.p.<
репачина /n10
ржака /n10
розборка /n10.p2
розвалюха /n10.p1
розковбас /n20
розрулений /adj :&adjp:pasv:perf
розрулити /v1.is0 :perf
розрулювання /n2n
розрулювати /v1.cf.advp :imperf
розрулюватися /vr1.cf.advp :imperf
розслабон /n20
садо-мазо noun:n:nv
салабон /n20.a.p.<
самопальний /adj
саунд /n20
сачкувати /v1.cf.advp :imperf
селебрітіз noun:p:nv:ns:anim
сепар /n20.a.p.ke.<
сємки /np3
сідішка /n10.p2
слухабельний /adj \
 +cs=слухабельніший
совдепівський /adj
совдепія /n10
совєтікус /n20.a
совєтофілія /n10 :np
совєтський /adj
совєтчина /n10 :np:coll
совітський /adj
совковість /n30.p
сольник /n20.a.p
соляра /n10
софт /n20
софтовий /adj
соціалка /n10
спайс /n20
спелчекер /n20.a.p.ke
спойлер /n20.p
спортивки /np3
стопудово adv
стрілялка /n10.p2
стрімер /n20.a.p.<
стрьомний /adj.adv
стьоб /n20
стьоб-реальність /n30
суперово adv
суперпрофі noun:m:nv:anim
супер-пупер adj:nv
тату noun:n:nv
тачскрин /n20.a.p
твітеряни /np1.<
твітити /v1.cf.advp :imperf
телепузик /n20.a.p.<
телеящик /n20.a
тирити /v1.cf.advp :imperf
топтун /n20.a.p.ke.<
трейд-юніон /n20.p
трешевий /adj \
 +cs=трешевіший
трюльник /n20                   # 3 очки
трюльники /np2
тусня /n10
тусняк /n20.p
тусування /n2n
універ /n20.p.ke
ухилянт /n20.a.p.<
фаєр /n20.a.p.ke
фанатіти /v2.cf.advp :imperf
ФБ-пост /n20.p
фейсбучити /v1.cf.advp :imperf
феменка /n10.p2.ko.<
феня /n10
фігачити /v1.cf.advp :imperf
фідбек /n20
фіфті-фіфті noninfl:&predic
фішинг /n20
фішинговий /adj
флешбек /n20
фоловер /n20.a.p.<
фомка /n10.p2
фотожаба /n10.p1
фуфло /n2n
хавати /v2.cf.advp :imperf
хакнути /v1.isTo :perf
хакнутий /adj :&adjp:pasv:perf
хактивізм /n20
хактивіст /n20.a.p.<
халявний /adj
хедлайнер /n20.a.p.<
хейтерський /adj
хеппенінг /n20
хіпувати /v1.cf.advp :imperf
хітмейкер /n20.a.p.<
холівар /n20.p
хохма /n10.p1
хреновий /adj.adv \
 +cs=хреновіший
хріновина /n10.p1
цвай foreign
чистоган /n20
членовоз /n20.a.p
чуйка /n10.p2
шабашка /n10.p2
шалава /n10.p1.<
шарага /n10.p1
шаражка /n10.p2
шарашка /n10.p2
шизанутий /adj
ширка /n10
шкет /n20.a.p.<
шмон /n20
шмонати /v2.cf.advp :imperf
шобла /n10.p1
шокати /v2.cf.advp :imperf
шорт-лист /n20.p
шоу-біз /n20
шпацір /n20.ke
шпацірування /n2n
шпацірувати /v1.cf.advp :imperf
шпрехати /v2.cf.advp :imperf
штиблет /n20.a.p
шурупати /v2.cf.advp :imperf
шухер /n20
юзати /v1.cf.advp :imperf
юзер /n20.a.p.ke.<
ютуб /n20
