автозак /n20.a.p
адмін /n20.a.p.ke.<
айн foreign
айтішник /n20.a.p.<
акаунт /n20.p                             #> обліковий запис|рахунок
алкаш /n20.a.p.<
амбал /n20.a.p.ke.<
аморалка /n10
антифа noun:p:nv
апгрейд /n20.p
Афган /n20
бабло /n2n
багатоходівка /n10.p2
байк /n20
байк /n20.a.p
бакай /n20.a.p
бакс /n20.a.p
балаболка /n10.p2.ko.<
балдіти /v2.cf.advp :imperf
балдьожний /adj
бамбіна /n10.<
бамбіно noun:m:nv:anim
барахлити /v1.cf :imperf
батяня /n10.ku.< ^noun:m
бацька /n10.ko.< ^noun:m
бебі-бумери /np2.<
безмисний /adj.adv
безмлив'я /n2n
безпересталь adv
безпереч adv
безсплав'я /n2n
безтарка /n10.p2
бейджик /n20.a.p
бекграунд /n20
берці /np2
бзик /n20
бігморди /np1
білборд /n20.a.p
білінгв /n20.a.p.<
біло-блакитні /n2adj1.<
біло-сині /n2adj1i.<
бітли /np2.<
бічувати /v1.cf.advp :imperf
блатняк /n20.a
близнити /v1.cf :imperf
близнуватий /adj
бодігард /n20.a.p.ke.<
бодун /n20
бомжатник /n20.a.p
бомжуватий /adj
борд /n20
бормотуха /n10
брательник /n20.a.<
бриджі /np2
бронік /n20.a.p
буржуїн /n20.a.p.ke.<
бус /n20.a                          # поки без множини бо омонімізує з покручем буси :(
бусик /n20.a.p
бютівець /n22.p.a.<
варнякати /v2.cf.advp :imperf
вевешник /n20.a.p.<
вертухай /n20.a.p.<
вечірник /n20.a.p.<
вечірниця /n10.p1.<
виборчкомівець /n22.a.p.<
викарабкатися /vr2 :perf
викрутас /n20.p
вирулити /v1.it1 :perf
вирулювати /v1.cf.advp :imperf
відбувайло /n20.ke.<
відкат /n20.p
відмазати /v1.isNo :perf
відмазатися /vr1 :perf
відмазка /n10.p2
відмазувати /v1.cf.advp :imperf
відмазуватися /vr1.cf.advp :imperf
відморозок /n22.p.a.<
відфутболити /v1 :perf
відфутболювати /v1.cf.advp :imperf
війнушки /np3
вікізустріч /n32.p
вікіпедист /n20.a.p.<
вітренковець /n24.p.a.<
воронок /n22.p.a
вперьод adv
втарабанити /v1 :perf
вуркаган /n20.a.p.ke.<
вуркаганський /adj
газодолари /np2
газонути /v1 :perf
гебіст /n20.a.p.ke.<
гебістський /adj
геймер /n20.a.p.ke.<
гекачепіст /n20.a.p.ke.<
гемблінг /n20
глушилка /n10.p2
глюк /n20.p
глючити /v1.cf :imperf
голеодор /n20.a.p.ke.<
гопник /n20.a.p.<
гопота /n10
гудбай intj
даєць /n22.p.a.<
даішник /n20.a.p.<
даївець /n22.p.a.<
дайв /n20
дайош intj
далекобійник /n20.a.p.<
данс /n20
дауншифтер /n20.a.p.ke.<
дауншифтинг /n20
дахування /n2n
дахувати /v1.cf.advp :imperf
дахуватися /vr1.cf.advp :imperf
двохсотка /n10.p2
дебілізм /n20
деза /n10
дембель /n20.a :xp2     # демобілізація
дембель /n20.a.< :xp1   # людина
дембельський /adj
демсила /n10.p1
депресняк /n20
дерибан /n20
деструктив /n20
джинса /n10
динамівка /n10.p2.<
дискутабельний /adj
догнатися /vr4 :perf
договірняк /n20.p
догхантер /n20.a.p.<
домушник /n20.a.p.<
донецькі /n2adj1.<
драй foreign
драйвовий /adj.adv
дурдом /n20
дурня /n10
електронка /n10
емвеесник /n20.a.p.<
еменесник /n20.a.p.<
емка /n10
есбеушник /n20.a.p.<
есбіст /n20.a.p.<
есдек /n20.a.p.<
есдеківський /adj
есемес noun:m:nv|noun:f:nv|noun:n:nv    # поки зустрічається у всіх трьох родах
есемеска /n10.p2
етніка /n10
ефесбешний /adj
євразійство /n2n
євротусовка /n10.p2
єесівський /adj
жданики /np2
жек /n20.p
жеківський /adj
житловик /n20.a.p.<
жлоб /n20.a.p.ke.<
жлобство /n2n
жлобський /adj
журфак /n20
забулдига /n10.p1.< ^noun:m
завмаг /n20.a.p.<
заказуха /n10
закусь /n32.p
замануха /n10.p1
заничка /n10.p2
застосунок /n22.p
здрейфити /v1 :perf
зомбоящик /n20.a.p
зубрити /v1.it1 :imperf
імперець /n22.p.a.<
йо-майо intj
кадебіст /n20.a.p.ke.<
кайфовий /adj.adv
кайфонути /v1 :perf
кар /n20.a
карпатівський /adj
кафешка /n10.p2
кидалово /n2n
кінопродакшн noun:n:nv:np
кіношний /adj
кіношник /n20.a.p.<             #> кинороб
кіношниця /n10.p1.<
кіпер /n20.a.p.ke.<
клавішник /n20.a.p.<
кланцати /v2.cf :imperf
кльово intj|adv
кнопкодав /n20.a.p.ke.<
кобіта /n10.p1.ko.<
ковбасити /v1.cf.advp :imperf
ковбаситися /vr1.cf.advp :imperf
коворкінг /n20.p
комуняка /n10.p1.ko.< ^noun:m
кондитерка /n10.p2
контент /n20
контрактер /n20.a.p.ke.<
контрибутор /n20.a.p.ke.<
коп /n20.a.p.<
коуч /n20.a.p.<
кравчучка /n10.p2
крейзі adj:nv
лабух /n20.a.p.<
ланч /n20.p
лафа /n10
легалайз /n20 :np
легпром /n20
лейба /n10.p1
литвинівець /n22.p.a.<
лохотрон /n20.p
лузер /n20.a.p.ke.<     #> невдаха
люксовий /adj
мандраж /n20.p
масліт /n20
мейл /n20
мейнстрим /n20
мейнстримний /adj
мент /n20.a.p.ke.< :xp1    # міліціонер
ментівський /adj
мерс /n20.a.p
меседж /n20.p
месидж /n20.p
мешти /np1
міжсобойчик /n20.p
мікрохвильовка /n10.p2
міліціянт /n20.a.p.ke.<
міні-кар /n20.a.p
мінімалка /n10
младореформатор /n20.a.p.ke.<
мобілка /n10.p2
мобільник /n20.a.p
мокруха /n10.p1
молодіжка /n10.p2
мундіаль /n20.p
наворот /n20.p
наворочений /adj
наркота /n10 :np
нафіг adv
нафіга adv
нахімічити /v1 :perf
недискутабельний /adj
недобуд /n20
неміряно adv
непрезентабельний /adj
непрезентабельність /n30
нефарт /n20
неформат /n20
нобелівка /n10
новобуд /n20.p
ноут /n20.a.p
ньюсмейкер /n20.a.p.ke.<
оборонка /n10
одобрямс /n20
о'кей adv|intj
олігархономіка /n10
оонівський /adj
опер /n20.a.p.<
оприсутнитися /vr1 :perf
офшорка /n10.p2
паті noun:f:nv
педальований /adj :&adjp:pasv:perf
перформанс /n20.p
петеушник /n20.a.p.<
підмарафетити /v1 :perf
підтрибунний /adj
платіжка /n10.p2
повкалувати /v1 :perf
поворотник /n20.a.p
понти /np2
попса /n10
порнуха /n10.p1
порохотяг /n20.a.p
постібатися /vr2 :perf
постсовковий /adj
постсовок /n22
потусуватися /vr1 :perf
пофіг adv
пофігізм /n20
прапор /n20.a.p.ke.< :xp1
прибамбас /n20.p
прикид /n20.p
припахати /v2 :perf
пронатовський /adj
противсіх /n20.a.p.<
противсіхство /n2n
путчист /n20.a.p.ke.<
регіонал /n20.a.p.ke.<
регіонівський /adj
робінгуд /n20.a.p.ke.<
розборка /n10.p2
роздерибанити /v1.is0 :perf
розрулений /adj :&adjp:pasv:perf
розрулити /v1.is0 :perf
розрулювання /n2n
розрулювати /v1.cf.advp :imperf
розрулюватися /vr1.cf.advp :imperf
садо-мазо noun:n:nv
самопальний /adj
саунд /n20
сачкувати /v1.cf.advp :imperf
сепар /n20.a.p.ke.<
силовик /n20.a.p.<
синьо-білі /n2adj1.<
синьо-жовті /n2adj1.<
совдепівський /adj
совдепія /n10
совєтизація /n10
совєтікус /n20.a
совітський /adj
совковість /n30.p
сольник /n20.a.p
соляра /n10
соціалка /n10
стартап /n20.p
стендовик /n20.a.p.<
стопудово adv
страшилка /n10.p2
стрілялка /n10.p2
стьоб /n20
стьоб-реальність /n30
супер adv
суперовий /adj
суперпрофі noun:m:nv:anim
супер-пупер adj:nv
тату noun:n:nv
телепузик /n20.a.p.<
телеящик /n20.a
тирити /v1.cf.advp :imperf
тіньовик /n20.a.p.<
тітушка /n10.p2.ko.<
топтун /n20.a.p.ke.<
тролинг /n20
тролити /v1.cf.advp :imperf
тролінг /n20
трюльник /n20                   # 3 очки
тусуватися /vr1.cf.advp :imperf
універ /n20.p.ke
фаєр /n20.a.p.ke
фан /n20.a.p.ke.<
фанатіти /v2.cf.advp :imperf
фейк /n20.p
фейковий /adj
феменка /n10.p2.ko.<
феня /n10
фест /n20
фірмач /n20.a.p.<
фірмочка /n10.p2
фіфті-фіфті adv
фонтанувати /v1.cf.advp :imperf
фотка /n10.p2
фотожаба /n10.p1
фотошоп /n20
фотошопер /n20.a.p.ke.<
фотошопівський /adj
фотошопінг /n20
фотошопство /n2n
фраєр /n20.a.p.ke.<
фреймворк /n20.p
хавати /v2.cf.advp :imperf
хайтек /n20
хай-тек /n20
хакнути /v1.isTo :perf
хакнутий /adj :&adjp:pasv:perf
халявний /adj
хедлайнер /n20.a.p.<
хіпувати /v1.cf.advp :imperf
ходова /n2adj1.p
хостел /n20.a.p
цвай foreign
чат /n20.p
чистоган /n20
чуйка /n10
шизанутий /adj
ширка /n10
шістнадцятка /n10.p2
шкет /n20.a.p.<
шорт-лист /n20.p
шоу-біз /n20
шухер /n20
юзер /n20.a.p.ke.<
юрфак /n20.p
