абізяна /n10.p1.<>
ава /n10.p1                                 # аватарка
авва /n10.p1.<m
автозак /n20.a.p.zi
аддон /n20.p
айдентика /n10
айн noninfl:foreign
айпед /n20.a.p
айпі noninfl
ака noninfl
акаунт /n20.a.u.p
актівіті noun:n:nv
алкан /n20.a.p.<                    # :xp2 людина
алкаш /n20.a.p.<
алкашка /n10.p2.ko.< 
алкашня /n10
алконавт /n20.a.p.<
амбал /n20.a.p.ke.<
америкос /n20.a.p.<
аморалка /n10
андердог /n20.a.p.<
апгрейд /n20.p
апгрейдити /v1.cf.advp.it0 :imperf
апдейт /n20.p
апдейтити /v1.cf.advp.it0 :imperf
аплікуха /n10.p1
апофігей /n20
аська /n10
атачмент /n20.p
аусвайс /n20.p
аутплейсмент /n20.p
аутсорсер /n20.a.p.ke.<
аутстафінг /n20
афган /n20
ацтой noninfl
баблішко /n2n
бабло /n2n
баг /n20.p
бадяжити /v1.cf.advp :imperf
баєр /n20.a.p.ke.< :ua_2019
базарити /v1.cf.advp :imperf
базворд /n20.p
базлати /v2.cf.advp :imperf
байєр /n20.a.p.ke.<
байк /n20.a.p
байкінг /n20
байкшеринг /n20
бакс /n20.a.p
баксик /n20.a.p
балдьожний /adj
бамбетель /n20.a.p
бамбіна /n10.<
бамбіно noun:m:nv:anim
бан /n20.p
бандерлог /n20.a.p.<
бандерштадт /n20
бандьор /n20.a.p.ke.<
банерка /n10
банити /v1.cf.advp.it0 :imperf
барбершоп /n20.p
бардзо adv
барзо adv
баркемп /n20.p
батл /n20.p
баттл /n20.p
батя /n10.ku.<m
батяня /n10.ku.<m
башка /n10
башльовий /adj
башляти /v2.cf.advp :imperf
бевушний /adj
беемпеха /n10.p1
беемпешка /n10.p2
безбаштовий /adj
безлімітка /n10
безнадьога /n10
безпонтовий /adj.adv
безпрєдєл /n20
бейгл /n20.p
бекграунд /n20
бекграунд /n20.p
бекенд /n20.p
бек-енд /n20.p
беклог /n20
бек-офісний /adj
бекпекер /n20.a.p.ke.<
бекпекерський /adj
бекстейдж /n20.p
бекстоп /n20
бектрекінг /n20
бенефіти /np2
беспредєл /n20
беспрєдєл /n20
бест noninfl
беушний /adj
беха /n10
бєзпрєдєл /n20
бзик /n20
бігморда /n10.p1
біг-морда /n10.p1
більд-редактор /n20.a.p.ke.<
більд-редакція /n10.p1
бімба /n10
біологічка /n10.p2.<
бісирувати /v1.cf.advp :imperf
бітл /n20.a.p.<
біч /n20.a.p.<
блатар /n24.a.p.ke.<
блатняк /n20.a.p
блатняцький /adj
блатувати /v1.cf.advp :imperf
блек /n20            # блек-метал
блін noninfl:&insert
блонд /n20
блонда /n10.<
блутус /n20
бляхер /n20.a.p.ke.<
бодун /n20.a
бодяжити /v1.cf.advp.it0 :imperf
бодяжний /adj
бойз noninfl:foreign
боксінг /n20
бомбезний /adj.adv \
 +cs=бомбезніший
бомбер /n20.a.p.ke
бомбічний /adj
бомбонути /v1 :perf                     # обікрасти
бортанути /v1.it1 :perf
ботан /n20.a.p.<
ботанічка /n10.p2.<
брателло /n2n.p1.<m
братело /n2n.p1.<m
брательник /n20.a.<
братішка /n10.p2.<m
бред /n20
брейн-дрейн /n20
брендбук /n20.p
брендвойс /n20.p
брендмейкер /n20.a.p.ke.<
бренчінг /n20.p
брехалівка /n10.p2
брєд /n20
бро noun:anim:m:v_kly               # lim
бродкастер /n20.a.p.ke.<
броник /n20.a.p
бронік /n20.a.p
будєт noninfl
будун /n20
бумбокс /n20.a.p
бумер /n20.a.p.ke                       # машина
буржуїн /n20.a.p.ke.<
бухарик /n20.a.p.<
бухати /v2.cf.advp :imperf:xp2              # буха́ти
бухий /adj
бухло /n2n
буш noninfl
бьордвотчер /n20.a.p.ke.<
бьордвотчінг /n20
важняк /n20.a.p.<
вапше noninfl
ватник /n20.a.p.<                   # :xp1 людина
ватнік /n20.a.p.<
ваще noninfl
ващє noninfl
вевешний /adj
везуха /n10
вендинг /n20
вендинговий /adj
вендінг-автомат /n20.a.p
вендор /n20.a.p.ke.<
вєлік /n20.a.p
взувачка /n10.p2 :v-u
вилоносець /n22.a.p.<
вилоносний /adj
вимахуватися /vr1.cf.advp :imperf
випендритися /vr1 :perf
випендрьож /n20
випендрювання /n2n.p1
випендрюватися /vr1.cf.advp :imperf
випивон /n20
випивончик /n20
вирубити /v1.it1 :perf
вирубитися /vr1.it1 :perf
вирулити /v1.it1 :perf
вирулювання /n2n
вирулювати /v1.cf.advp :imperf
висновковувати /v1.cf.advp :imperf
висновковуватися /vr1.cf.advp :imperf
висяк /n20.p
вишибала /n10.p1.piv.<m
вишиватництво /n2n
відбиванка /n10
відбувайло /n20.<
відгамселити /v1.it0 :perf
відгрохати /v2 :perf
відик /n20.a.p
відкат /n20.p
відключка /n10.p2
відлабати /v2 :perf
відлуп /n20
відмазати /v1.isNo :perf
відмазатися /vr1 :perf
відмазка /n10.p2
відмазувати /v1.cf.advp :imperf
відмазуватися /vr1.cf.advp :imperf
відморозитися /vr1.it0 :perf
відморозок /n22.p.a.<
відмудохати /v2 :perf
відосик /n20.a.p
відосік /n20.a.p
відпанаханий /adj :&adjp:pasv:perf
відпанахати /v2.isNo :perf
відстьобнути /v1.isTo :perf
відстьобувати /v1.cf.advp :imperf
відфотошоплений /adj :&adjp:pasv:perf
відфренджений /adj :&adjp:pasv:perf
відфрендити /v1.is0.it0 :perf
відяха /n10
віздє adv:&pron:gen
війнушка /n10
війнушки /np3
вікізустріч /n32.p
вільник /n20.a.p.<
вінгер /n20.a.p.ke.<
вінда /n10
віп /n20.a.p.<
віпівський /adj
віртуал /n20.a.p.<                  # :xp1 людина
віртуал /n20                        # :xp2 асбтр.
віртуалка /n10.p2
вкурити /v1 :perf
владець /n22.a.p.<
вламуватися /vr1.cf.advp :imperf
влом adv
водяра /n10
вопше noninfl
вордівський /adj
воркаут /n20
воркшоп /n20.p
ворк-шоп /n20.p
воронок /n22.p.a
вот noninfl
вохрівець /n22.a.p.<
впадло adv
вперьод adv
вписка /n10
впіндюрити /v1.is0.it0 :perf
всігда adv:&pron:gen
втарабанити /v1 :perf
вторинка /n10
вуменізм /n20
вумний /adj
вурка /n10.p2.<m
вшистко adv
газбулька /n10
газелька /n10.p2
газонути /v1 :perf
гайд /n20.a.p.<                 # :xp1 людина
гайд /n20.a.p                   # :xp2 книжка
галімий /adj.adv
галюн /n20.a.p
гамериканський /adj
гандон /n20.a.p
гарасмент /n20
гарнявчик /n20.a.p.<
гебешний /adj
гебешник /n20.a.p.<
гебня /n10
гебнявий /adj
гег /n20.p
геерушний /adj
геерушник /n20.a.p.<
геймер /n20.a.p.ke.<
гемблер /n20.a.p.ke.<
гемблінг /n20
гепіенд /n20
гицлярня /n10.p2
гібридник /n20.a.p
гік /n20.a.p.<
гіфка /n10.p2
глушилка /n10.p2
глюк /n20.p
глючити /v1.cf :imperf
глючний /adj
голівар /n20.p.ke
голодуха /n10
гомік /n20.a.p.<
гомосовєтікус /n20.a.p.<
гомо-совєтікус /n20.a.p.<
гон /n20
гондон /n20.a.p
гоп /n20.a.p.<                          # гопник
гопник /n20.a.p.<
гопницький /adj
гопнік /n20.a.p.<
гопота /n10
горючка /n10
гострайтер /n20.a.p.ke.<
готовик /n20
гоу noninfl
гравіцапа /n10.p1
графітірайтер /n20.a.p.ke.<
гребучість /n30
гречкодавець /n22.a.p.<
грінкарта /n10.p1
груповуха /n10.p1
грьобаний /adj
гудбай intj
гульбанити /v1.cf.advp :imperf
ґайдлайн /n20.p
ґвара /n10
ґеймпад /n20.a.p
ґік /n20.a.p.<
ґоуст-райтер /n20.a.p.ke.<
дабл noninfl
дайв /n20
дайош intj
данс /n20
даркнет /n20
даун /n20.a.p.<
даунтаун /n20.p
дауншифтер /n20.a.p.ke.<
дауншифтинг /n20
дауншифтінг /n20
дахований /adj :&adjp:pasv:imperf
дашборд /n20.p
движ /n20
движуха /n10
двіж /n20
двіжняк /n20.p
двіжуха /n10.p1
двушка /n10.p2
девайс /n20.a.p
дедлайн /n20.p
дед-лайн /n20.p
деза /n10
делегатура /n10
делеґатура /n10
дембель /n20.a              # :xp2 демобілізація
дембель /n20.a.p.<          # :xp1 людина
дембельнутися /vr1 :perf
дембельський /adj
демка /n10.p2
депресняк /n20.a.p
депресуха /n10
десек'юритизація /n10
десктоп /n20.p
десктопний /adj
деструктив /n20
детокс /n20.p
дефейс /n20
дефіляда /n10.p1
дешборд /n20.p
дєвочка /n10.p2.<
дєд /n20.a.p.<
дєло /n2n.p1
дєрєвня /n10.p2
дєрібан /n20
джемувати /v1.cf.advp :imperf
джеррімендеринг /n20
джетлаг /n20
джетлег /n20
джинса /n10
джипіеска /n10.p2
джобер /n20.a.p.ke.<
джоберський /adj
джун /n20.a.p.<
джуніор /n20.a.p.<
дик noninfl
дик intj
динамівка /n10.p2.<
диркалка /n10.p2
дирчик /n20.a.p
дисклеймер /n20.p.ke
дискутабельний /adj
дисциплінарка /n10
діпфейк /n20.p
доганятися /vr2.cf.advp :imperf
догнатися /vr4 :perf
договірняк /n20.p
домушник /n20.a.p.<
донатити /v1.it1.cf.is0 :imperf
донбасизація /n10
дос-атака /n10.p1
дофіга adv
доходяжний /adj
драй noninfl:foreign
драйвити /v1.cf :imperf
драйвовий /adj.adv \
 +cs=драйвовіший
драйвовість /n30
драмер /n20.a.p.ke.<
дредлок /n20.a.p
дрифтинг /n20
дрищ /n20.a.p.<
дріфтинг /n20
дружбан /n20.a.p.<
дудл /n20.p
дупель /n22.a                           # п'яний в дупель, дупля не ріже
дурбецалка /n10.<
дурдом /n20
дурка /n10.p2                      # :xp2 божевільня
дуркувати /v1.cf.advp :imperf
душозгубний /adj
екаунт /n20.p
екск'юз /n20.p
експанзія /n10.p1
експлойт /n20.p
екшен /n20.p
екшн /n20.p
електронка /n10
емведист /n20.a.p.<
емейл /n20.a.p
емка /n10
емо noun:f:nv:np
енкаведе noun:n:nv:np
ентертеймент /n20
ентранжизм /n20
ерефівський /adj
ерефія /n10
есбеушник /n20.a.p.<
есенгешний /adj
есендешний /adj
есересерівський /adj
есересерія /n10
есесерівський /adj
естаблішмент /n20
естеблішмент /n20
ето noninfl
ефбеерівець /n22.a.p.<
ефбеерівський /adj
ефемка /n10.p2
ефесбешний /adj
євротусовка /n10.p2
єврочелендж /n20.p
єврочиновниця /n10.p1.<
єрунда noninfl
єстєственно adv
жеківець /n20.a.p.<
жесть /n32
жизнь noninfl
жизня noninfl
житловик /n20.a.p.<
жлоб /n20.a.p.ke.<
жлобитися /vr1.cf.advp :imperf
жлобиха /n10.p1.<
жлобізм /n20
жлобливий /adj
жлобство /n2n
жлобський /adj
жлобяра /n10.p1.< :+m
жмот /n20.a.p.<
жмотитися /vr1.cf.advp.it1 :imperf
жратва /n10
жрачка /n10
жужик /n20.a.p.<
журналюга /n10.p1.<m
забабаханий /adj :&adjp:pasv:perf
забабахати /v2.isNo :perf
забакланити /v1 :perf
забалдіти /v2 :perf
забанений /adj :&adjp:pasv:perf
забанити /v1.is0 :perf
забацаний /adj :&adjp:pasv:perf
забашляний /adj :&adjp:pasv:perf
забашляти /v2.isNo :perf
забембати /v2 :perf
забичений /adj
забичкувати /v1.cf.advp :imperf
забімбаний /adj :&adjp:pasv:perf
забулдига /n10.p1.<m
завмаг /n20.a.p.<
завтикати /v2.isNo :perf
заглючити /v1 :perf
задонатити /v1.it1.is0 :perf
задрафтований /adj :&adjp:pasv:perf
задрипанськ /n20.a.p
задрипанський /adj
задротський /adj
зажилити /v1 :perf
зажраний /adj
зазвіздитися /vr1 :perf
зазіпувати /v1.is0 :perf
заказуха /n10.p1
заказушність /n30
закидон /n20.p
заковбасити /v1 :imperf p=3
законтачений /adj :&adjp:pasv:perf
законтачити /v1.is0 :perf
закусон /n20.p
закусь /n32.p
залабати /v2 :perf
зальот /n20.p
замануха /n10.p1
замаханий /adj :&adjp:pasv:perf
замахатися /vr2 :perf
замовняк /n20.a.p
заможновладець /n22.a.p.<
заначений /adj :&adjp:pasv:perf
заначити /v1.is0 :perf
заниканий /adj :&adjp:pasv:perf
заникатися /vr1 :perf
заничка /n10.p2
заничкувати /v1.is0 :perf
занориш /n20.a.p
занюханий /adj
заочка /n10
западло /n2n
западлянка /n10.p2
запоребрик /n20.a
запоребриковий /adj
заправдівець /n22.a.p.<
заруба /n10.p1
заруба /n10
засейвити /v1 :perf
засідайлівка /n10.p2
засідалівка /n10.p2
зато noninfl
заукраїнець /n22.a.p.<
заучка /n10.p2.<
зафренджений /adj :&adjp:pasv:perf
зафрендити /v1.is0.it0 :perf
захавати /v2 :perf
захцянка /n10.p2
зачекінитися /vr1 :perf
зачепер /n20.a.p.ke.<
зачепінг /n20
зашибісь intj|adv
зашквар /n20.p.ke
зашкварений /adj :&adjp:pasv:perf
зашкварний /adj
заюзаний /adj :&adjp:pasv:perf
заюзаність /n30
зблатувати /v1 :perf
звєзда /n10.p1.<
звідтам adv
звізда /n10.p1.<
звізданутий /adj
звьозди /np2.<
здрейфити /v1 :perf
зефан /n20.a.p.<
зіплайн /n20.p
злабати /v2 :perf
зовнішка /n10
зомбоновини /np1
зомбоящик /n20.a.p
зрадоперемога /n10.p1
зубарити /v1.cf.advp :imperf
ібо conj:subord
івент /n20.p
ігнор /n20.p.ke
ігнорити /v1 :imperf
імейл /n20.a.p              # .a for ua_2019
іміджборд /n20.p
іміджмейкінг /n20
імплант /n20.p
інвайт-код /n20.p
інгліш /n20
індастріал noninfl
інтерконект /n20.p
інтертеймент /n20
інтертейнмент /n20
інтранет /n20
інфотейнмент /n20
ісконний /adj.adv
ітак noninfl
іхтамнет /n20.a.p.<
іхтамнєт /n20.a.p.<
йовбак /n20.a.p.<
йолка /n10.p2
йомайо intj
йо-майо intj
йопересете intj
кавалєр /n20.a.p.ke.<
кавалєрка /n10.p2.<
кагбе part
кагебіст /n20.a.p.ke.<
казьонка /n10
казьонний /adj
кайфовий /adj.adv \
 +cs=кайфовіший
кайфонути /v1 :perf
калаш /n20.a.p
камбек /n20.p
канати /v2 :imperf p=3
канєш noninfl
канєшна noninfl
канєшно adv
капєц intj
капкейк /n20.p
капслок /n20
капхолдер /n20.a.p.ke
кар /n20.a.ke
каратєль /n20.a.p.<
караулка /n10.p2
кароч noninfl
кароче noninfl
карочє adv
карпулінг /n20
каршеринг /n20
кастомер /n20.a.p.ke.<
кастомізація /n10
катити /v2 :imperf p=3
кацапізм /n20.p
качок /n22.a.p.<
кваліфаєр /n20.a.p.ke.<
кваліфаєр /n20.a.p.ke.< :ua_2019
кваліфаєрка /n10.p2.<
кваліфайєр /n20.a.p.ke.< :ua_1992
кваліфайн /n20.p
кваліфай-раунд /n20.p
квартирник /n20.a.p.<
квестер /n20.a.p.ke.<
квіз /n20.p
квір /n20.a.p.ke.<
кегебіст /n20.a.p.<
кегебістський /adj
кедебешник /n20.a.p.<
кежуал noninfl
кейтерінг /n20
кейтерінговий /adj
кент /n20.a.p.<
кешбек /n20.p
кидалово /n2n
кімарнути /v1 :perf
кінопродакшн noun:n:nv:np
кінорадіомеханік /n20.a.p.<
кіпер /n20.a.p.ke.<
кічевий /adj
кічмен /n20.a.p.<
клабер /n20.a.p.ke.<
клава /n10.p1
класнючий /adj
кликуха /n10.p1
клікабельний /adj
клікбейт /n20.p
клікбейтовий /adj
клінінг /n20
кльовий /adj
кльово intj|adv
клюб /n20.p
ковбасити /v1.cf.advp :imperf
ковбаситися /vr1.cf.advp.it0 :imperf
коворкінг /n20.p
козлуватий /adj
колєйка /n10.p2
колійовець /n22.a.p.<
колійовий /adj
колорад /n20.a.p.<
комент /n20.p
коментабельний /adj
комерційник /n20.a.p.<
комп /n20.a.p
комп'ютинг /n20
комсюк /n20.a.p.<
комуняка /n10.p1.ko.<m
комьюніті noninfl:foreign
ком'юніті noun:n:nv
конектитися /vr1.cf.advp.it0 :imperf
конєшно adv:compb:&insert
конс'юмеризм /n20
контачити /v1.cf.advp :imperf
контрактер /n20.a.p.ke.<
контрибутор /n20.a.p.ke.<
концепткар /n20.a.p.ke
кончений /adj
коп /n20.a.p.<
копіпаст /n20
копіпейст /n20.p
копродакшн /n20.p
кореш /n20.a.p.<
корєш /n20.a.p.<
корисняк /n20.p
короч noninfl
короче noninfl
корочє noninfl
корочч noninfl
коуч /n20.a.p.<
коучинг /n20
кохве noun:m:nv:np
крайняк /n20
кранти intj:&predic
красава /n10.p1
красіво adv
краудпаблішинг /n20
краулер /n20.a.p.ke
крафтовий /adj
креакл /n20.a.p.<
креативити /v1.cf.advp :imperf
креатор /n20.a.p.ke.<
креаторський /adj
крейзанутий /adj \
 +cs=крейзанутіший
крейзі adj:nv
крейзонутий /adj
кремлядь /n32.p
кремпування /n2n
кремпуватися /vr1.cf.advp :imperf
кримнаш /n20.a.p.<
кримнашист /n20.a.p.<
кріейтер /n20.a.p.ke.<
кріейтор /n20.a.p.ke.<
кровосісь /n20.a.p.<
крокси /np2
ксива /n10.p1
кста noninfl
кстаті noninfl
кузькіна /adj g=f
кул adv|intj
кульно adv
кумарити /v1.cf.advp :imperf
кумпанія /n10.p1
кучмовоз /n20.a.p
лабати /v2.cf.advp :imperf
лабуда /n10
лабух /n20.a.p.<
лавсторі noun:f:nv
лав-сторі noun:f:nv
лажа /n10
лажати /v2.cf.advp :imperf
лажатися /vr2.cf.advp :imperf
лажовий /adj
лайк /n20.p
лайкання /n2n
лайкати /v1.cf.advp :imperf
лайкати /v2.cf.advp :imperf
лайкнути /v1 :perf
лайкозалежність /n30
лайн-ап /n20.p
лайт noninfl:foreign
лайтовий /adj
лайф-коуч /n20.a.p.<
лайфовий /adj
лайфхак /n20.p
лакшері adj:nv
ламанутися /vr1 :perf
ламер /n20.a.p.ke.<
ламерський /adj
латинос /n20.a.p.<
лафа /n10
лахати /v2.cf.advp.isNo :imperf
легалайз /n20
легпром /n20
лейба /n10.p1
лейбл /n20.a.p
литвинівець /n22.p.a.<
ліверпуліанець /n22.a.p.<
лінк /n20.p
лічка /n10
логін /n20.p
логолавка /n10.p2
лого-лавка /n10.p2
лог-файл /n20.p
лоєр /n20.a.p.ke.<
локдаун /n20.p
лол noninfl
ломанутися /vr1 :imperf
лонглист /n20.a
лонг-лист /n20.a
лонгліст /n20.a
лонг-ліст /n20.a
лонгплей /n20.p
лоуфай noninfl
лох /n20.a.p.< :xp2
лоханутися /vr1 :perf
лохотрон /n20.a.u.p
лохотронник /n20.a.p.<
лохотронський /adj
лохотронщик /n20.a.p.<
лохторат /n20
лузер /n20.a.p.ke.<
лузерство /n2n
лузерський /adj
луччий /adj.adv
льокаль /n20.p
люксовий /adj \
 +cs=люксовіший
люксусовий /adj
лягавка /n10.p2
лямурний /adj
магучій /adj
майданарбайтер /n20.a.p.ke.<
майданутий /adj
майстеринг /n20
малмазія /n10
малолєтка /n10.p2.<
мамаша /n10.p1.<
мандраж /n20.p
маневруха /n10.p1
марафет /n20
марафетити /v1.cf.advp :imperf
маркетплейс /n20.a.p
маскот /n20.a.p
маслати /v2.cf.advp :imperf
масліт /n20
маст noninfl
матан /n20
матюгальник /n20.a.p
махач /n20.p
махіна /n10
мда intj
мдя intj
мейд noninfl:foreign
мейкап /n20
мейкер /n20.a.p.ke.<
мейл /n20.p
мент /n20.a.p.ke.<                 # :xp1 міліціонер
ментівський /adj
ментовський /adj
ментура /n10
ментяра /n10.p1.<m
мерс /n20.a.p
мерчендайзер /n20.a.p.ke.<
мессер /n20.a.p.ke
мєждусобойчик /n20.a.p
мєнт /n20.a.p.<
мєнтовський /adj
мідл /n20.a.p.< 
мізінформація /n10
міні-кар /n20.a.p.ke
Мінстець /n20.a
мітельштанд /n20.p
младореформатор /n20.a.p.ke.<
мобіла /n10.p1
моддинг /n20
моддінг /n20
модер /n20.a.p.ke.<
модинг /n20
модінг /n20
мозги noninfl
мокруха /n10.p1
молодіжка /n10.p2
моск /n20
москалізм /n20.a.p
московитянин /n20.a.pyn.<
московіт /n20.a.p.<
московітський /adj
мочилово /n2n
мощення /n2n
мудакуватий /adj
мудохатися /vr2.cf.advp :imperf
музичка /n10
музло /n2n
музон /n20
мундіаль /n20.p
муніція /n10
мурижити /v1.cf.advp.it0 :imperf
мусор /n20.a.p.ke.<
мусорський /adj
муть /n32
мучачо noun:m:nv:np
набанячений /adj :&adjp:pasv:perf
наблатикатися /vr2 :perf
навальохати /v2.isNo :perf
наваяти /v2 :perf
навігувати /v1.cf.advp :imperf
наворот /n20.p
наворочений /adj \
 +cs=навороченіший
навороченість /n30
нагадувальник /n20.a.p
наголяса adv
нада noninfl
надзвичайлівка /n10.p2
надзвичайщина /n10
надратися /vr1 :perf
наївняк /n20.a.p.<
наївняцький /adj
найлуччий /adj
накосячити /v1 :perf
налажати /v2.isNo :perf
намахати /v2.isNo :perf
напряг /n20
напряжно adv
напряжонка /n10
нарваність /n30
нарєчіє /n2n
нарик /n20.a.p.<
наркота /n10
наркотня /n10
насєлєніє /n2n
наскіке noninfl
настамнєт /n20.a.p.<
нафандрейзити /v1 :perf
нафіг adv
нафіга adv
нафік adv
нацбол /n20.a.p.<
нацик /n20.a.p.<
нашенський /adj
нашист /n20.a.p.<
небашльовий /adj
невдобно adv
недискутабельний /adj
недобуд /n20.p
недоринок /n22.p
незарах /n20.p
некльовий /adj
неміряно adv
неосовковий /adj
непонятка /n10.p2
непруха /n10
нерд /n20.a.p.<
нескладуха /n10.p1
несовковий /adj
нетворк /n20.p
нетворкінг /n20
нетлінка /n10.p2
нефарт /n20
неформат /n20
нехилий /adj
нєа noninfl
нє-а part
нєт noninfl
нєтлєнка /n10.p2
нєфіг noninfl
нижчеплінтусний /adj
ничка /n10.p2
ніззя noninfl
нізя noninfl
нікомуненалежність /n30
ніфіга adv
ніхрєна noninfl
нічьо noninfl
ніштяк /n20.p
новобуд /n20.p
носибельний /adj \
 +cs=носибельніший
ноу noninfl:foreign
ноунейм /n20.a.p.<
ноут /n20.a.p
ноутпед /n20.a.p
нулячий /adj
ньюз noninfl:foreign
ньюзмейкер /n20.a.p.ke.<
ньюзмейкерський /adj
ньюзрум /n20.p
н'юсмейкер /n20.a.p.ke.<
обдирайлівка /n10.p2
обдовбаний /adj :&adjp:pasv:perf
обдовбашений /adj :&adjp:pasv:perf
обеес'єшник /n20.a.p.<
обично adv
обідно adv
облажатися /vr2 :perf
обліківка /n10.p2
обліковка /n10.p2
обстібати /v2 :perf
общак /n20.a.u.p
одобрямс /n20.p
ОК intj
Ок intj
олдовий /adj
олдскульний /adj
олдскульність /n30
олігархономіка /n10
омг noninfl
омонівець /n22.a.p.<
омонівський /adj
опен-ейр /n20.p.ke
опупіти /v2 :perf
орговик /n20.a.p.<
остограмитися /vr1 :perf
остограмлення /n2n
остограмлюватися /vr1.cf.advp :imperf
отвєтка /n10.p2
отєчєство /n2n
офігенний /adj.adv \
 +cs=офігенніший
офігіти /v2 :perf
офісмен /n20.a.p.<
офтоп /n20.p
офтопити /v1.cf :imperf
офтопік /n20.p
оффтоп /n20.p
оффтопити /v1.cf :imperf
оффтопік /n20.p
паблік noninfl
паблік /n20.a.p
паблісіті noun:n:nv:np
паблішинг /n20
падонківський /adj
пакращення /n2n.p1
пальонка /n10
пальтішко /n2n.p2
панкейк /n20.p
папаша /n10.p1.<m
папереднік /n20.a.p.<
папєрєднік /n20.a.p.<
папік /n20.a.p.<
патамуша noninfl
паті noun:f:nv
пахан /n20.a.p.<
паханат /n20.p
паханський /adj
пацанва /n10
пацанка /n10.p2.<
пацик /n20.a.p.<
пацифік /n20.p
педевешний /adj
педик /n20.a.p.<
педикуватий /adj
пензлювати /v1.cf.advp :imperf
пенсійник /n20.a.p.<
передоз /n20
перепихнутися /vr1 :perf
перепост /n20.p
перепостити /v1.is0 :perf
перепощувати /v1.cf.advp :imperf
пересидка /n10
персьют /n20
перформер /n20.a.p.ke.<
петеушник /n20.a.p.<
петеушниця /n10.p1.<
печалька /n10
пивко /n2n
підмарафетити /v1 :perf
підмахувати /v1.cf.advp :imperf
підрулювати /v1.cf.advp :imperf
підтанцівка /n10.p2
пікапер /n20.a.p.ke.<
піндос /n20.a.p.<
піндоський /adj
піпл /n20
піратити /v1.cf.advp :imperf
післясовковий /adj
пітч /n20
пітчингувати /v1.cf.advp :imperf
плейлист /n20.a.p
плей-лист /n20.a.p
плейсмент /n20
плз noninfl
пліз intj
плогінг /n20
плохіш /n20.a.p.<
плюндрація /n10
побєда /n10
побєдобесіє /n2n
побєдобєсіє /n2n
побіда /n10
побутовуха /n10
побухати /v2 :perf
повимахуватися /vr1 :perf
повкалувати /v1 :perf
поворотник /n20.a.p
поготівля /n10
погоцати /v2 :perf
подлянка /n10.p2
подобіє /n2n
пожиттєвка /n10
поймати /v2.isNo :perf
пока noninfl
поковбаситися /vr1.it0 :perf
по-модньому adv
понт /n20.p
понтовий /adj.adv \
 +cs=понтовіший
понятійка /n10.p2
попобухати /v2 :perf
попонтувати /v1 :perf
попонтуватися /vr1 :perf
порєбрік /n20.a.p
порнуха /n10.p1
порохобот /n20.a.p.<
поруйнація /n10
постинг /n20
постібатися /vr2 :perf
постковідний /adj
постлокдаунний /adj
постпродакшен /n20
постпродакшн /n20
постсовковий /adj
постсовок /n22
потрафляння /n2n
потрафляти /v2.cf.advp :imperf
потрясний /adj
потусити /v1.it1 :perf
поул /n20.p
поул-позишн /n20
по-фєнє adv
пофіг adv
пофігізм /n20
пофігіст /n20.a.p.<
пофігістичний /adj.adv
пофігістський /adj
пофік adv
пофіксити /v1.is0 :perf
похавати /v2 :perf
пошлятина /n10
пошлячка /n10.p2.<
поюзати /v2 :perf
правопохоронець /n22.a.p.<
правосек /n20.a.p.<
правосєк /n20.a.p.<
православіє /n2n
прайс /n20.p
прайсовий /adj
пралька /n10.p2
пранк /n20.p
прапор /n20.a.p.ke.< :xp1
прев'ю noun:n:nv
през /n20.a.p.<
преЗЕдент /n20.a.p.<
препродакшен /n20
препродакшн /n20
пресуха /n10.p1
прибалдіти /v2 :perf
прибамбас /n20.p
прибамбашений /adj :&adjp:pasv:perf
прибарахлитися /vr1.it1 :perf
придибенція /n10.p1
придовбатися /vr2 :perf
прикид /n20.p
принтований /adj :&adjp:pasv:imperf
припахати /v2 :perf
присобачений /adj :&adjp:pasv:perf
присобачити /v1.is0.it0 :perf
присутствіє /n2n
прихватизатор /n20.a.p.ke.<
прихватизаційний /adj
прихватизація /n10
прихватизований /adj :&adjp:pasv:perf
прихватизувати /v1.cf.advp.is0 :perf
прихватизуватися /vr1.cf.advp :perf
прицьомка /n10.p2                           # сленг МЗС, від «при цьому»
пришизіти /v2 :perf
провтикати /v2 :perf
прога /n10.p1
програмер /n20.a.p.ke.<
продакт-менеджер /n20.a.p.ke.<
продакт-плейсмент /n20
продакшен /n20.p
продакшн /n20.p
продинамити /v1 :perf
продюсинг /n20
проканати /v2 :perf p=3
промоутинг /n20
пропрієтарний /adj
просачкувати /v1 :perf
противсіх /n20.a.p.<
противсіхство /n2n
противсішка /n10.p2.<
протилетунський /adj
протитуманки /np3
профайл /n20.p
проц /n20.a.p
прошлангувати /v1 :perf
пруф /n20.p
пруфлінк /n20.p
пруха /n10
пшек /n20.a.p.<
радіво /n2n.p1
радіовисильня /n10.p2
рандомний /adj
раша /n10
рашенський /adj
реаліті noninfl
регіоналівський /adj
регулярка /n10
рейдернути /v1 :perf
рекординг /n20.p
рекрутер /n20.a.p.ke.<
рекрутинг /n20
рекрутинговий /adj
релакс /n20
репачина /n10
репост /n20.p
репостити /v1.cf.advp :imperf
репостнути /v1 :perf
рерайт /n20.p
ресайклінг /n20
реселер /n20.a.p.<
ресепшн noninfl
респект /n20
рефайл /n20.p
реферер /n20.a.p.ke.<
реюньйон /n20.p
рєшала /n10.p1.<m
ржака /n10
ржачний /adj
рипнутися /vr1 :perf
ритейл /n20
ритейлер /n20.a.p.ke.<
рідінгфобія /n10
рішалово /n2n
родіна /n10
розбодяжений /adj :&adjp:pasv:perf
розбодяжити /v1.is0.it0 :perf
розборка /n10.p2
розважайлівка /n10.p2
розважалівка /n10.p2
розвалюха /n10.p1
розводняк /n20.p
розковбас /n20
розковбашений /adj :&adjp:pasv:perf
розкурочений /adj :&adjp:pasv:perf
розкурочити /v1.is0.it0 :perf
розкурочувати /v1.cf.advp :imperf
розпальцівка /n10.p2
розпальцьований /adj
розпальцьовка /n10.p2
розрулений /adj :&adjp:pasv:perf
розрулити /v1.is0 :perf
розрулитися /vr1 :perf p=4
розрулювання /n2n
розрулювати /v1.cf.advp :imperf
розрулюватися /vr1.cf.advp :imperf
розслабон /n20
розслабуха /n10
розфренджувати /v1.cf.advp :imperf
Ролінги /np2.<
російсько-совковий /adj
росіянець /n22.a.p.<
росіянський /adj
рохля /n10.p2
ружжо /n2n
рулити /v1.cf :imperf
рульний /adj
сабж /n20.p
садо-мазо noun:n:nv
сайдмен /n20.a.p.<
сайд-проєкт /n20.p
салабон /n20.a.p.<
салабонський /adj
салага /n10.p1.<m
самашедший /adj
самольот /n20.a.p
самопальний /adj
санітайзер /n20.a.p.ke
саунд /n20
саундбар /n20.a.p.ke
саундчек /n20.p
сачкувати /v1.cf.advp :imperf
СБУшник /n20.a.p.<
сбушник /n20.a.p.<
свайпати /v2.cf.advp :imperf
свєжак /n20.a.p
священноначаліє /n2n
сейв /n20.p
сейшенити /v1.cf.advp :imperf
сейшн /n20.p
сек'юритизаційний /adj
сек'юритизація /n10
сек'юритизований /adj :&adjp:pasv:imperf:perf
сек'юритизувати /v1.cf.advp.is0 :imperf:perf
сек'юритизуватися /vr1.cf.advp :imperf:perf
сек'юриті noun:m:nv|noun:m:nv:anim
сек'юріті noun:m:nv|noun:m:nv:anim
селебриті noun:p:nv:ns:anim
селебритіз noun:p:nv:ns:anim
селебритіс noun:p:nv:ns:anim
селебріті noun:p:nv:ns:anim
селебрітіз noun:p:nv:ns:anim
селебрітіс noun:p:nv:ns:anim
селфитися /vr1.cf.advp :imperf
сепар /n20.a.p.ke.<
сет-топ-бокс /n20.a.p
сємки /np3
сєпар /n20.a.p.ke.<
сєпарський /adj
сєпарша /n10.p1.<
сідішка /n10.p2
сініор /n20.a.p.<
сіньйор /n20.a.p.<
сіті-менеджер /n20.a.p.ke.<
сітком /n20.p
січас adv
скетчбук /n20.a.p
скіке noninfl
скін /n20.a.p.<                     # :xp1 скінхед
скін /n20.p                         # :xp2 в інтерфейсі програм
скомунячений /adj :&adjp:pasv:perf
скомунячити /v1.is0.it0 :perf
скрейпінг /n20
скрепа /n10.p1
скрепний /adj
скрєпа /n10.p1
скрєпний /adj
скрін /n20.p
слабкоалгоколка /n10
слайс /n20.p
слем-данк /n20.p
сліпер /n20.a.p.ke
службовик /n20.a.p.<
слухабельний /adj \
 +cs=слухабельніший
смарт /n20.a
смотрящій /n2adj1.f.p.<
снек /n20.p
снек-бар /n20.p.ke
совдепівський /adj
совдепія /n10
совєтікус /n20.a.p
совєтчина /n10
совєцькій /adj
совкізм /n20
совковість /n30.p
сольник /n20.a.p
соляра /n10
соотєчєствєннік /n20.a.p.<
сорі noninfl
соросята /np1.<
сорс /n20.p
софт /n20
софтверний /adj
софтовий /adj
спайс /n20
спамити /v1.cf.advp :imperf
спацерувати /v1.cf.advp :imperf
спелчекер /n20.a.p.ke
спиногриз /n20.a.p.<
спойлер /n20.p.ke
спойлерити /v1.cf.advp :imperf
спойлити /v1.cf.advp :imperf
спортивки /np3
споттер /n20.a.p.ke.<
срач /n20.p
старлетка /n10.p2.<
стартапер /n20.a.p.ke.<
стейкголдер /n20.a.p.ke.<
стибрити /v1.is0 :perf
стіки noninfl
столовик /n20.a.p.<
стопітсот noninfl
стопітьсот noninfl
стопудово adv
стоп'ятсот noninfl
стоп'ятьсот noninfl
сторітелінг /n20
стримити /v1.cf.advp :imperf
стрілялка /n10.p2
стрім /n20.p
стріт-фуд /n20
стрьом /n20.p
стрьомний /adj.adv
стрьомнуватий /adj
студики /np2.<
стьоб /n20
стьобний /adj.adv
стьоб-реальність /n30
суперово adv
суперпрофі noun:m:nv:anim
суперсейв /n20.p
суперфуд /n20.p
сфолити /v1 :perf
схавати /v2 :perf
схалявити /v1 :perf
схематоз /n20.p
схематозний /adj
схематозник /n20.a.p.<
сходняк /n20.p
сюда adv
сюрвеєр /n20.a.p.ke.<
сюрвеєрський /adj
тайм-брейк /n20.p
таймлайн /n20.p
тайм-лайн /n20.p
тайм-слот /n20.p
такоє noninfl
таргет /n20
тату noun:n:nv
тафгай /n20.a.p.<
тачпад /n20.p
тач-панель /n32.p
тачскрин /n20.a.p
тачскрін /n20.p
тач-скрін /n20.p
твіттеряни /np1.<
тегати /v2.cf.advp :imperf
тегнути /v1 :perf
телемило /n2n
телепузик /n20.a.p.<
телефрик /n20.a.p.<
телеящик /n20.a
телик /n20.a.p
темплейт /n20.p
тєлік /n20.a.p
тизер /n20.a.u.p.ke
тирити /v1.cf.advp :imperf
тізер /n20.a.u.p.ke
тікі noninfl
тімбилдінг /n20
тіпа noninfl:&insert
тобіш noninfl
тоддлер /n20.a.p.ke.<
тойво noninfl
топтун /n20.a.p.ke.<
тормозок /n22.a.p
торчок /n22.a.p
точняк /n20.a.p.ke.<            # людина з технічною освітою чи відповідним складом розуму, розм. технар
точняк adv                      # точно
тошнотик /n20.a.p
траблмейкер /n20.a.p.ke.<
тралік /n20.a.p
трампономіка /n10
трасовичка /n10.p2.<
трафляти /v2.cf.advp :imperf
трафунок /n22.p
тревел-шоу noun:n:nv
трейд-юніон /n20.p
тремпель /n20.a.p
трендсеттер /n20.a.p.ke.<
трешак /n20
трешевий /adj \
 +cs=трешевіший
трєніки /np2
триб'ют /n20
трикстер /n20.a.p.ke.<
трикстерство /n2n
трикстерський /adj
триндець /n22.a
трікстер /n20.a.p.<
трікстерство /n2n
трікстерський /adj
тролік /n20.a.p
тролінг /n20
труселі /np2
трусєлі /np2
трюльник /n20                   # 3 очки
трюльники /np2
тулбар /n20.a.p.ke
тусня /n10
тусняк /n20.p
тушканізація /n10
тьолка /n10.p2.<
тьотка /n10.p2.ko.<
тягнучка /n10.p2
тягомотина /n10
уересерівський /adj
ужас noninfl
ужос noninfl
узувачка /n10.p2 :v-u
уклоніст /n20.a.p.<
укри /np2
укроп /n20.a.p.<
ульотість /n30
ульотний /adj.adv
умнік /n20.a.p.<
універ /n20.p.ke
унтерменш /n20.a.p.<
урка /n10.p2.<m
усесвітовий /adj
усіляковий /adj
устаканений /adj :&adjp:pasv:perf
устаканити /v1.is0 :perf
устаканитися /vr1 :perf
устаканюватися /vr1.cf.advp :imperf
ухилянт /n20.a.p.<
учебка /n10.p2
училка /n10.p2.<
ушльопок /n22.a.p.<
фавікон /n20.p
фаєр /n20.a.u.p.ke
факап /n20.p
фактчекер /n20.a.p.ke.<
фактчекінг /n20
факт-чекінг /n20
фактчекінговий /adj
фанатіти /v2.cf.advp :imperf
фанфік /n20.p
ФБ-пост /n20.p
феесбешний /adj
феесбешник /n20.a.p.<
фейкомет /n20.a.p
фейл /n20
фейр-плей /n20
фейс /n20
фейсбучити /v1.cf.advp :imperf
феменка /n10.p2.ko.<
фенечка /n10.p2
феня /n10
фігачити /v1.cf.advp :imperf
фігзна noninfl:&predic
фід /n20.p
фідбек /n20
фікрайтер /n20.a.p.ke.<
фільммейкер /n20.a.p.ke.<
фіфті-фіфті noninfl:&predic
фіча /n10.p1
фішинг /n20
фішинговий /adj
флейм /n20.p
флешбек /n20.p
флікер /n20.a.p.ke
флуд /n20.p
флудер /n20.a.p.ke.<
фоловер /n20.a.p.ke.<
фомка /n10.p2
форева noninfl
фотік /n20.a.p
фотожаба /n10.p1
френд /n20.a.p.<
френдстрічка /n10.p2
фрик /n20.a.p.<
фрикуватий /adj
фрідайвінг /n20
фрік /n20.a.p.<
фрікер /n20.a.p.ke.<
фрікінг /n20
фрікуватий /adj
ФСБшник /n20.a.p.<
фсьо noninfl
фудкорт /n20.p
фуд-корт /n20.p
фултайм noninfl
фуфло /n2n
фуфломіцин /n20.p
фуфломіцини /np2
хавати /v2.cf.advp :imperf
хавчик /n20.a.p
хаєр /n20.p.ke
хай-енд noninfl
хайп /n20
хайпанути /v1 :perf
хайповий /adj.adv
хайпонути /v1 :perf
хайпувати /v1.cf.advp :imperf
хай-фай noninfl
хакати /v2.cf.advp :imperf
хакнути /v1.isTo :perf
хакнутий /adj :&adjp:pasv:perf
хактивізм /n20
хактивіст /n20.a.p.<
халатник /n20.a.p.<
халтурка /n10.p2
халявити /v1.cf.advp :imperf
халявний /adj
халявник /n20.a.p.<
хана noninfl
ханурик /n20.a.p.<
харашо adv|part
хард adv                        # важко
хард /n20.p                     # жорсткий диск
харити /v1.cf.advp :imperf
хаус noninfl
хахлацький /adj
хахол /n22.a.p.ke.<
хвостизм /n20
хв'юрер /n20.a.p.ke.<
хебешний /adj
хедлайнер /n20.a.p.ke.<
хедхантинг /n20
хейтер /n20.a.p.ke.<
хейтерство /n2n
хейтерський /adj
хейтити /v1 :imperf
хендмейд /n20
хенд-мейд /n20
хеппенінг /n20
хеппі noninfl
херня /n10
хз noninfl:abbr                 # хто знає
хитрозроблений /adj
хіккі noninfl
хімічка /n10.p2.<
хіпувати /v1.cf.advp :imperf
хітмейкер /n20.a.p.ke.<
холівар /n20.p.ke
хорор /n20.p.ke
хоррор /n20.p.ke
хоститися /vr1.cf.advp :imperf
хотєлка /n10.p2
хотілка /n10.p2
хот-спот /n20.p
хоумскулер /n20.a.p.ke.<
хохлацький /adj
хохма /n10.p1
хреновий /adj.adv \
 +cs=хреновіший
хрєн noninfl
хрєново adv
хрєнь /n32
хріновина /n10.p1
хріново adv
хрінуватий /adj
хрінь /n32
цапанути /v1 :perf
цвай noninfl:foreign
цеківський /adj
цекіст /n20.a.p.<
цековський /adj
цофнути /v1 :perf
чарм /n20
чекін /n20
чекпойнт /n20.p
чек-пойнт /n20.p
челендж /n20.p
челенджер /n20.a.p.ke.<
чєловєк /n20.a.p.<
чистоган /n20
чікі-пікі adv
членовоз /n20.a.p
чмо /n2n
чо noninfl
чокнутий /adj
чось noninfl
чотко adv
чувіха /n10.p1.<
чуйка /n10
чуйка /n10.p2
чурка /n10.p2.<m
чучмек /n20.a.p.<
чьо noninfl
чьотко adv
шабашка /n10.p2
шалава /n10.p1.<
шалман /n20.p
шара /n10
шарага /n10.p1
шаражка /n10.p2
шарашка /n10.p2
шатдаун /n20
шелтер /n20.a.p.ke
шестьорка /n10.p2.<
шиза /n10
шизанутий /adj
шизік /n20.a.p.<
шизонутий /adj
шизонутися /vr1 :perf
шизуха /n10
шингл /n20.a.p
ширка /n10
ширнутися /vr1 :perf
шкандаль /n20.p
шкари /np2
шкет /n20.a.p.<
шконка /n10.p2
шлангувати /v1.cf.advp :imperf
шлепер /n20.a.p.ke.<                    # :xp1 злодій нижчої касти
шльопер /n20.a.p.ke.<
шляхотський /adj
шманати /v2.cf.advp :imperf
шмара /n10.p1.<
шмон /n20.p
шмонати /v2.cf.advp :imperf
шниряти /v2.cf.advp :imperf
шнобель /n20.a.p
шняга /n10.p1
шобла /n10.p1
шобло /n2n.p1
шокати /v2.cf.advp :imperf
шолі noninfl
шопер /n20.a.p.ke.<
шопінголік /n20.a.p.<
шортлист /n20.a.p
шорт-лист /n20.a.p
шортліст /n20.a.p
шорт-ліст /n20.a.p
шота noninfl
шото noninfl
шпрехати /v2.cf.advp :imperf
штемп /n20.a.p.<
штиблет /n20.a.p
штиняти /v2.cf.advp :imperf
шугатися /vr2.cf.advp :imperf
шурупати /v2.cf.advp :imperf
шутер /n20.a.u.p                             # :xp2 гра-стрілялка
шухер /n20.ke
ща noninfl
щас noninfl
щипач /n20.a.p.<
щурятництво /n2n
щурятничати /v2.cf.advp :imperf
юзабіліті noninfl
юзати /v2.cf.advp :imperf
юзер /n20.a.p.ke.<
юзербар /n20.a.p.ke
юзерка /n10.p2.<
юзернейм /n20.p
юніт /n20.p
юрик /n20.a.p.<                  # :xp2 юридична особа
юсб noninfl
