баче бачити verb:imperf:pres:s:3                            #> бачить
бозна-шо noun:inanim:n:v_naz/v_zna:&pron:ind                #> бозна-що
будь-шо noun:inanim:n:v_naz:&pron:ind                       #> будь-що
вівць вівця noun:anim:p:v_rod/v_zna                         #> овець
всьо adv|conj:coord|noun:inanim:n:v_naz/v_zna:&pron:gen|part #> все
гамериканський /adj
дивові диво noun:n:v_dav/v_mis
дохтур /n20.a.p.ke.<
дохтурка /n10.p2.<
зара adv                                                    #> зараз
зато conj:coord                                             #> зате
казна-шо noun:inanim:n:v_naz/v_zna:&pron:ind                #> казна-що
коридора коридор noun:inanim:m:v_rod
мона noninfl:&predic                                        #> можна
наскіке noninfl
нашо adv                                                    #> нащо
нє part                                                     #> ні
нічо adv                                                    #> нічого
отово part                                                  #> ото
побаче побачити verb:perf:futr:s:3                          #> побачить
покишо noninfl                                              #> поки що
Путінові Путін noun:anim:m:v_dav/v_mis:prop:lname
робе робити verb:imperf:pres:s:3                            #> робить
скіке noninfl
стіки noninfl
сумнівові сумнів noun:m:v_dav/v_mis
сьодні adv                                                  #> сьогодні
сюда adv
такшо noninfl                                               #> тому|тож
тама adv:&pron:dem|part                                     #> там
тіки adv                                                    #> тільки
тікі noninfl
тойво noninfl
тута adv                                                    #> тут
тьотка /n10.p2.ko.<
хібашо noninfl                                              #> хіба що
хтозна-шо noun:inanim:n:v_naz/v_zna:&pron:ind               #> хтозна-що
цево noun:inanim:n:v_naz:&pron:dem                          #> це
цео part                                                    #> це
чортзна-шо noun:inanim:n:v_naz/v_zna:&pron:ind              #> чортзна-що
ше adv|part                                                 #> ще
шиїсят /numr                                                #> шістдесят
шо conj:subord|noun:inanim:n:v_naz/v_zna:&pron:int:rel      #> що
шоб conj:subord|part                                        #> щоб
шоби conj:subord|part                                       #> щоб
шодо prep              # rv_rod                             #> щодо
шо-небудь noun:inanim:n:v_naz/v_zna:&pron:ind               #> що-небудь
шось noun:inanim:n:v_naz/v_zna:&pron:int                    #> щось
шо-шо noun:inanim:n:v_naz/v_zna:&pron:int:rel               #> що-що
штані /np3                                                  #> штани
якшо conj:subord                                            #> якщо
