# бл@ть бл#ть бл…ть бл..ть бл...ть, бл*дь
# на*уй, х*й
# бл*тво
# му*аком
# х*хлами
# с*ка, с*чка
# на*рен
# ку*ва
# нас*ли
# ніх*ра
# п*зду
# За*бали
# відтра*аним
# під*рас
# бл*ть
# про*бати
# піздєц
# спи*ив
# ви*уватися
# х*ло
# прос*ав
# х*ньой
# с*ань
# х*йня
# йоба…ого
# йобу
ахєрєнний /adj.adv
ахуєвающий /adj :adjp:actv:imperf
ахуєвший /adj :adjp:actv:perf
ахуєнний /adj.adv \
 +cs=ахуєнніший
ахуєнний /adj
ахуєнність /n30
ахуєнчик /n20
ахуєть intj
ахуївати /v2.cf :imperf
ахуїтельний /adj.adv
ахуїтєльний /adj.adv
ахуй /n20.a.u
бльо intj
бля intj
блябуду intj
блядва /n10
блядина /n10.p1.<
блядинка /n10.p2.<
блядисько /n20.p.<
блядіна /n10.p1.<
блядка /n10.p2
блядовитий /adj
блядометр /n20.a
блядота /n10
блядство /n2n
блядський /adj
блядувати /v1.cf.advp :imperf
блядун /n20.a.p.<
блядунка /n10.p2.<
блядь /n32.p.<
блядь intj
блядюга /n10.p1.<
блядюжка /n10.p2.<
блять intj
бляхамуха intj
бляцтво /n2n
бляцький /adj
виблядок /n22.a.p.<
виєбаний /adj :adjp:pasv:perf
виєбати /v1 :perf                               # rv_zna:rv_oru
виєбон /n20.a.p
виїбаний /adj :adjp:pasv:perf
виїбати /v1 :perf                               # rv_zna:rv_oru
виїбнутися /vr1 :perf                       # rv_oru
виїбон /n20.a.p
виїбти /v1 :perf                                # rv_zna:rv_oru
вийобистий /adj
вийобнутися /vr1 :perf                      # rv_oru
вийобування /n2n.p1
вийобуватися /vr1.cf.advp :imperf           # rv_oru
випиздити /v1 :perf                         # rv_zna:rv_oru
виябуватися /vr1.cf.advp :imperf            # rv_oru
від'їбатися /vr1 :perf
відпиздити /v1.is0 :perf                        # rv_zna:rv_oru
відпиздючити /v1 :perf                          # rv_zna:rv_oru
відпиздячити /v1 :perf                          # rv_zna:rv_oru
відхуярити /v1.is0 :perf                        # rv_zna:rv_oru
в'їбати /v1 :perf                           # rv_oru:rv_dav
в'їбатися /vr1 :perf                        # rv_oru
вйоб noninfl:predic
вйобування /n2n
вйобувати /v1 :imperf                       # rv_oru
впиздити /v1 :perf                          # rv_dav:rv_oru
вхуярити /v1 :perf                          # rv_oru:rv_dav
далбайоб /n20.a.p.<
далбайобство /n2n
данунахуй intj
довбоєбізм /n20.p
довбойоб /n20.a.p.<
довбойобка /n10.p2.<
довбойобство /n2n
довийобуватися /vr1 :perf
доєбатися /vr1 :perf                        # rv_oru
доїбати /v1 :perf                               # rv_zna:rv_oru
доїбатися /vr1 :perf                        # rv_oru
доїбтися /vr1 :perf                         # rv_oru
дойобистий /adj
дойобувати /v1.cf :imperf                     # rv_zna:rv_oru
дойобуватися /vr1.cf :imperf                     # rv_oru
долбайоб /n20.a.p.<
долбоєбізм /n20
долбойоб /n20.a.p.<
допиздітися /vr1 :perf
допізди adv
дохуїща adv
дохуїще adv
дохуя adv
дувбойоб /n20.a.p.<
єбало /n2n.p1
єбальник /n20.a.p
єбанарій /n20.a.p
єбанутий /adj :adjp:actv:perf
єбанутися /vr1 :perf                        # rv_oru
єбанько /n20.p.<
єбать intj
єбашити /v1.cf :imperf                      # rv_zna:rv_oru
єбєня /np3
єблан /n20.a.p.<
єбля /n10
єбошити /v1.cf :imperf                      # rv_zna:rv_oru
задохуя adv
заєбати /v1 :perf                           # rv_zna:rv_oru
заєбатий /adj
заєбісь adv|intj
заєбошити /v1 :perf                         # rv_zna:rv_dav:rv_oru
заєбцовий /adj
заїбати /v1 :perf                           # rv_zna:rv_oru
заїбатися /vr1 :perf                        # rv_oru
заїбашити /v1 :perf                         # rv_zna:rv_dav:rv_oru
заїбісь adv
заїбок adv
заїбошити /v1 :perf                         # rv_zna:rv_dav:rv_oru
заїбцовий /adj
зайоб /n20.p
зайобаний /adj.adv :adjp:pasv:perf
зайобаність /n30
зайобистий /adj.adv
зайобування /n2n
зайобувати /v1.cf.advp :imperf              # rv_zna:rv_oru
зайобуватися /vr1.cf.advp :imperf           # rv_oru
запиздити /v1.is0 :perf
запиздітися /vr1 :perf
запиздячити /v1 :perf                    # rv_zna:rv_oru:rv_dav
захуярити /v1 :perf                     # rv_zna:rv_oru:rv_dav
захуячити /v1 :perf                         # rv_zna:rv_oru:rv_dav
з'їбати /v1 :perf
з'їбатися /vr1 :perf
зйобувати /v1.cf.advp :imperf               # rv_oru
злоїбучий /adj
зніхуя adv
зрадойоб /n20.a.p.ke.<
зрадойобний /adj
зрадойобський /adj
їбака /n10.<m
їбало /n2n.p1
їбальник /n20.a.p
їбальце /n2n
їбанат /n20.a.p.<
їбанатство /n2n
їбанатський /adj
їбанашка /n10.p2.<
їбаний /adj :adjp:pasv:imperf
їбанина /n10
їбаніна /n10
їбаністичний /adj
їбанутенький /adj
їбанути /v1 :perf                               # rv_zna:rv_oru
їбанутий /adj \
 +cs=їбанутіший
їбанутися /vr1 :perf                            # rv_oru
їбанутість /n30
їбанько /n20.p.<
їбати /v1.cf :imperf                               # rv_zna:rv_oru
їбатися /vr1.cf :imperf                 # rv_oru
їбашити /v1.cf.advp.it0 :imperf                 # rv_zna:rv_oru
їбашитися /vr1.cf.advp.it0 :imperf                 # rv_oru
їбеня /np2 /np3
їбєня /np2 /np3
їбіня /np2 /np3
їблан /n20.a.p.<
їбло /n2n
їблування /n2n
їблувати /v1.cf :imperf
їбонутися /vr1 :perf                            # rv_oru
їбошити /v1.cf.advp.it0 :imperf                 # rv_zna:rv_oru
їбошитися /vr1.cf.advp.it0 :imperf                 # rv_oru
їбстись їбстися  verb:rev:imperf:inf
їбстися їбстися  verb:rev:imperf:inf        # lim
їбтися /vr1 :imperf
їбучий /adj
йоб noninfl:predic
йоба intj
йобанаврот intj
йобаний /adj :adjp:pasv:imperf
йобанийстид intj
йобарь /n20.a.p.<
йобвашумать intj
йобер /n20.a.p.ke.<
йобло /n2n.p1
йобля /n10
йобнути /v1 :perf                               # rv_zna:rv_oru:rv_dav
йобнутий /adj.adv :adjp:pasv:perf
йобнутися /vr1 :perf                            # rv_oru
йобнутість /n30
йобтвоюмать intj
йопрст intj
йопт intj
йопта intj
йоптваю intj
йопти intj
косопиздити /v1 :imperf p=3                     # rv_zna
кхуям adv
медіаблядота /n10
мозгойоб /n20.p
мозгойобка /n10.p2
мозгойобство /n2n
наєбалово /n2n
наєбнути /v1 :perf                              # rv_dav:rv_oru
наєбнутися /vr1 :perf                           # rv_oru
наїбалово /n2n
наїбати /v1 :perf                               # rv_zna:rv_oru
наїбатися /vr1 :perf                            # rv_oru
наїбашити /v1 :perf
наїбашитися /vr1 :perf
наїбенитися /vr1 :perf
наїбнути /v1 :perf                              # rv_dav:rv_oru
наїбнутися /vr1 :perf                           # rv_oru
найобка /n10.p2
найобування /n2n
найобувати /v1.cf.advp :imperf                  # rv_zna:rv_oru
найобщик /n20.a.p.<
нанопизда /n10
напиздити /v1 :perf                             # rv_zna:rv_dav
напиздіти /v1 :perf                             # rv_zna:rv_dav
нахєр adv
нахєра adv
нахуй adv
нахуя adv
нахуярити /v1 :perf                         # rv_zna:rv_rod:rv_oru:rv_dav
нахуяритися /vr1 :perf                          # rv_oru
нахуячитися /vr1 :perf                      # rv_oru
наябувати /v1.cf.advp :imperf                  # rv_zna:rv_oru
нев'їбенний /adj
нев'їбенно adv
недойоб /n20
недойобаний /adj
нерозйобаний /adj
нехуйовенький /adj.adv
нехуйовий /adj
нехуйово adv
нєхуй noninfl:predic
ніхуйовий /adj
ніхуйово adv
ніхуя adv
ніхуясє intj
ніхуясобі intj
ніхуяшеньки intj
ніхуяшенькі intj
ніхуяшечки intj
ніхуяшечькі intj
нунахуй intj
об'їбатися /vr1 :perf                        # rv_oru
обйобаний /adj :adjp:pasv:perf
обйобуватися /vr1.cf.advp :imperf                # rv_oru
овердохуя adv
ойбля intj
ойблять intj
оніхуясобі intj
остоїбати /v1 :perf p=3                              # rv_oru
остопиздити /v1 :perf                       # rv_dav
остопиздіти /v1 :perf                       # rv_dav
охєрєнний /adj.adv
охтижбля intj
охуєвающий /adj :adjp:actv:imperf
охуєнний /adj.adv \
 +cs=охуєнніший
охуєнність /n30
охуївання /n2n
охуївати /v2.cf.advp :imperf
охуївший /adj :adjp:actv:perf
охуїнний /adj.adv \
 +cs=охуїнніший
охуїння /n2n
охуїтєльний /adj.adv
охуїти /v2 :perf
ояєбу intj
ояїбу intj
переїбати /v1 :perf                         # rv_zna:rv_oru
перехуярити /v1 :perf                       # rv_zna:rv_oru:rv_dav
пизда /n10
пиздак /n20.a.p
пизданути /v1 :perf                         # rv_oru:rv_dav
пизданутий /adj
пизданутися /vr1 :perf
пиздатий /adj.adv \
 +cs=пиздатіший
пиздець /n20.a.p
пиздець intj
пиздєць /n20.a
пиздєць intj
пизджений /adj :adjp:pasv:imperf
пиздити /v1.cf.advp :imperf                 # rv_zna:rv_oru
пиздитися /vr1 :perf                        # rv_oru
пиздиць noninfl
пиздіння /n2n
пиздіти /v1.cf.advp :imperf                 # rv_zna:rv_dav
пиздливий /adj
пиздливість /n30
пиздло /n2n.<
пиздобол /n20.a.p.<
пиздобратія /n10
пиздонути /v1 :perf                         # rv_oru
пиздос noninfl
пиздостраждалець /n22.a.p.<
пиздостраждання /n2n.p1
пиздося /n10.<
пиздота /n10
пиздувати /v1.cf :imperf
пиздувати /v1.cf.advp :imperf               # rv_oru
пиздуватий /adj.adv
пиздуватість /n30
пиздьож /n20.p
пиздюк /n20.a.p.<
пиздюлі /np2
пиздючка /n10.p2.<
пиздякати /v2.cf.advp :imperf
пиздячити /v1.cf :imperf                    # rv_zna:rv_oru
підзаїбати /v1 :perf                        # rv_zna:rv_oru
підзаїбатися /vr1 :perf                        # rv_oru
під'їбати /v1 :perf              # rv_zna:rv_oru
під'їбнути /v1 :perf             # rv_zna:rv_oru
підйоб /n20.p
під'йоб /n20.p
підйобистий /adj
під'йобистий /adj
підйобка /n10.p2
під'йобка /n10.p2
підйобочний /adj
під'йобочний /adj
підйобувати /v1.cf.advp :imperf              # rv_zna:rv_oru
під'йобувати /v1.cf.advp :imperf              # rv_zna:rv_oru
підйобчик /n20.a.p
під'йобчик /n20.a.p
підпизджувати /v1.cf.advp :imperf           # rv_oru:rv_dav
підрахуй /n20.a.p.<
підрахуйство /n2n
пізда /n10.p1
піздабол /n20.a.p.<
пізданути /v1 :perf                         # rv_zna:rv_oru
пізданутися /vr1 :perf
піздарики /np2
піздатєйший /adj
піздатий /adj.adv
піздець /n20.a.p
піздєж /n20.a.u
піздєц /n20.a.p
піздєц intj
піздєцкі adv
піздєцовий /adj.adv
піздити /v1.cf.advp :imperf                 # rv_zna:rv_oru
піздитися /vr1 :perf                        # rv_oru
піздос noninfl
піздострадалець /n22.a.p.<
піздострадашки /np3
піздостраждання /n2n.p1
піздувати /v1.cf.advp :imperf               # rv_oru
піздьож /n20.a.p
піздюк /n20.a.p.<
піздюлей піздюлі noun:inanim:p:v_rod:ns
піздюлєй піздюлі noun:inanim:p:v_rod:ns
піздюлі /np2
піздюліна /n10.p1
піздючка /n10.p2.<
піздялка /n10
піздячити /v1.cf :imperf                    # rv_oru
поблядушка /n10.p2.<
повийобуватися /vr2 :perf                   # rv_oru
повйобувати /v1 :perf                       # rv_oru
позайобувати /v1 :perf                      # rv_zna:rv_oru
поїбати /v1 :perf                           # rv_zna
поїбатися /vr1 :perf
поїбашити /v1 :perf                         # rv_zna:rv_dav:rv_oru
поїбень /n32
поїбєнь /n32
пойобаний /adj :adjp:pasv:perf
пойобувати /v1.cf.advp :imperf              # rv_zna:rv_oru
пойобщик /n20.a.p.<
поперейобувати /v1 :perf                    # rv_zna:rv_oru
попиздитися /vr1 :perf
попиздіти /v1 :perf
попиздувати /v1 :perf               # rv_oru
попідйобувати /v1 :perf              # rv_zna:rv_oru
попід'йобувати /v1 :perf              # rv_zna:rv_oru
потреблядство /n2n
похєр adv
похєрити /v1 :perf                          # rv_zna:rv_oru
похуїзм /n20
похуїст /n20.a.p.<
похуїстичний /adj.adv
похуїстка /n10.p2.<
похуїти /v1 :perf
похуй adv
похую adv
приїбатися /vr1 :perf
прийобуватися /vr1.cf :imperf
припизджений /adj :adjp:pasv:perf
припиздити /v1 :perf                        # rv_zna:rv_dav:rv_oru
припиздячити /v1 :perf                  # rv_zna:rv_oru:rv_dav
прихуїти /v1 :perf
проблядь /n32.p.<
проєбати /v1 :perf                          # rv_zna:rv_oru
проєбатися /vr1 :perf
проїбати /v1 :perf                          # rv_zna:rv_oru
проїбатися /vr1 :perf
пройоб /n20.p
пройобаний /adj :adjp:pasv:perf
пройобано проїбати verb:perf:impers
пройобування /n2n
пройобувати /v1.cf.advp :imperf              # rv_zna:rv_oru
пройобуватися /vr1.cf.advp :imperf              # rv_oru
пройобщик /n20.a.p.<
прохуїсосити /v1 :perf
прошаройобитися /vr1 :perf
роз'їбати /v1 :perf                         # rv_zna:rv_oru
розйоб /n20
розйобаний /adj :adjp:pasv:perf
розйобувати /v1.cf.advp :imperf             # rv_zna:rv_oru:rv_dav
розпиздітися /vr1 :perf
розпиздяй /n20.a.p.<
розпиздяйство /n2n
розпіздяй /n20.a.p.<
розпіздяйство /n2n
розхуярити /v1.is0 :perf                    # rv_zna:rv_oru:rv_dav
розхуярювати /v1.cf.advp :imperf            # rv_zna:rv_oru:rv_dav
розхуячений /adj :adjp:pasv:perf
розхуячити /v1.is0 :perf                    # rv_zna:rv_oru:rv_dav
сйобувати /v1.cf.advp :imperf
сміхуєчки /np3
сміхуйочки /np2
соціоблядство /n2n
соціоблядь /n32.p.<
спизданути /v1 :perf                        # rv_zna:rv_dav
спизджений /adj :adjp:pasv:perf
спиздити /v1.is0 :perf
спиздіти /v1 :perf                          # rv_dav
спиздонути /v1 :perf                         # rv_oru
спізданути /v1 :perf
спіздити /v1.is0 :perf
сукабля intj
сукаблядь intj
сука-блядь intj
сукаблять intj
схєралі adv
схуя adv
схуялі adv
тиць-пиздиць intj
уєбан /n20.a.p.<
уїбан /n20.a.p.<
уїбанство /n2n
уїбанський /adj
уїбати /v1 :perf                           # rv_oru:rv_dav:rv_oru
уїбатися /vr1 :perf                        # rv_oru
уйобисько /n2n.p1
уйобіще /n2n.p1
уйобіщний /adj.adv \
 +cs=уйобіщніший
уйобіщність /n30
уйобок /n22.a.p.<
уйобський /adj
уйобувати /v1.cf.advp :imperf               # rv_oru
упиздень /n22.a.p.<
упиздити /v1.is0 :perf                          # rv_zna:rv_oru
упиздувати /v1 :perf
утрихуя adv
фубля intj
хитровиїбаний /adj
хуємотина /n10
хуєпльот /n20.a.p.<
хуєсос /n20.a.p.<
хуєсосити /v1.cf :imperf
хуєта /n10
хуєць /n22.a
хуїльйон /n20.a.p
хуїльярд /n20.a.p
хуїсос /n20.a.p.<
хуїсосити /v1.cf :imperf
хуїта /n10
хуїти /v2.cf :imperf
хуй /n20.a.p
хуйдесят /numr
хуйзна part
хуйло /n2n.<
хуйлосос /n20.a.p.<
хуйнути /v1 :perf                           # rv_oru:rv_dav
хуйня /n10
хуйоватий /adj.adv
хуйовенький /adj.adv
хуйовий /adj.adv \
 +cs=хуйовіший
хуйовість /n30
хуйо-майо noninfl
хуяк intj
хуярити /v1.cf.advp :imperf                 # rv_zna:rv_oru
хуярнути /v1 :perf                          # rv_zna:rv_oru:rv_dav
хуясе intj
хуясє intj
хуясі intj
хуячечний /adj
хуячити /v1.cf.advp :imperf                 # rv_zna:rv_oru
шаройоб /n20.a.p.<
шаройобитися /vr1.cf :imperf
шаройобство /n2n
шлоїбень /n32
шозанахуй intj
шопіздєц adv
яїбу intj
